******************************************************************************
               TMS320C6x Linker PC v7.4.20                     
******************************************************************************
>> Linked Fri Jan 26 10:57:40 2018

OUTPUT FILE NAME:   <APP2_S5.out>
ENTRY POINT SYMBOL: "_c_int00"  address: 0000fac0


MEMORY CONFIGURATION

         name            origin    length      used     unused   attr    fill
----------------------  --------  ---------  --------  --------  ----  --------
  IVECS                 00000000   00000220  00000000  00000220  RWIX
  IRAM                  00000220   0002fde0  00012f5a  0001ce86  RWIX
  SDRAM                 80000000   01000000  00000000  01000000  RWIX
  FLASH                 90000000   00020000  00000000  00020000  RWIX


SECTION ALLOCATION MAP

 output                                  attributes/
section   page    origin      length       input sections
--------  ----  ----------  ----------   ----------------
.bss       0    00000220    00000000     UNINITIALIZED

.text      0    00000220    0000fc80     
                  00000220    00001520     def.obj (.text)
                  00001740    00000bc0     rts6700.lib : _scanfi.obj (.text:__scanfi)
                  00002300    00000900                 : pow.obj (.text:_pow)
                  00002c00    000007c0                 : _scanfi.obj (.text:__sset_arg)
                  000033c0    00000720                 : divd.obj (.text:__divd)
                  00003ae0    000006c0                 : _printfi.obj (.text:__getarg_diouxp)
                  000041a0    00000640                 : _printfi.obj (.text:__setfield)
                  000047e0    000005e0                 : strtod.obj (.text:_strtod)
                  00004dc0    000005e0                 : strtold.obj (.text:_strtold)
                  000053a0    000005e0                 : strtoll.obj (.text:_strtoll)
                  00005980    000005a0                 : _scanfi.obj (.text:__sproc_int)
                  00005f20    00000580                 : strtol.obj (.text:_strtol)
                  000064a0    00000560                 : _printfi.obj (.text:__printfi)
                  00006a00    00000520                 : strtoul.obj (.text:_strtoul)
                  00006f20    000004c0                 : fputs.obj (.text:_fputs)
                  000073e0    000004a0                 : strtoull.obj (.text:_strtoull)
                  00007880    00000420                 : _printfi.obj (.text:_fcvt)
                  00007ca0    00000400                 : _printfi.obj (.text:__pproc_fge)
                  000080a0    00000400                 : _printfi.obj (.text:_ecvt)
                  000084a0    000003a0                 : _scanfi.obj (.text:__sget_conv)
                  00008840    00000380                 : imath64.obj (.text:__divull)
                  00008bc0    00000380                 : _scanfi.obj (.text:__sproc_float)
                  00008f40    00000380                 : memory.obj (.text:_free)
                  000092c0    00000360                 : _printfi.obj (.text:__pconv_e)
                  00009620    00000360                 : _printfi.obj (.text:__pproc_fwp)
                  00009980    00000300                 : _printfi.obj (.text:__pproc_diouxp)
                  00009c80    000002c0                 : _printfi.obj (.text:__pproc_str)
                  00009f40    000002c0                 : setvbuf.obj (.text:_setvbuf)
                  0000a200    000002a0                 : _printfi.obj (.text:__pconv_g)
                  0000a4a0    000002a0                 : fputc.obj (.text:_fputc)
                  0000a740    00000260                 : imath40.obj (.text:__divul)
                  0000a9a0    00000240                 : _printfi.obj (.text:__mcpy)
                  0000abe0    00000240                 : memory.obj (.text:_malloc)
                  0000ae20    00000240                 : memcpy62.obj (.text:_memcpy)
                  0000b060    00000220                 : trgdrv.obj (.text:_HOSTrename)
                  0000b280    00000220                 : _scanfi.obj (.text:__sproc_str)
                  0000b4a0    00000200                 : fscanf.obj (.text:__chkmbc)
                  0000b6a0    000001e0                 : _scanfi.obj (.text:__sproc_lb)
                  0000b880    000001e0                 : lowlev.obj (.text:_getdevice)
                  0000ba60    000001c0                 : fseek.obj (.text:_fseek)
                  0000bc20    000001a0                 : _printfi.obj (.text:__ltostr)
                  0000bdc0    000001a0                 : _printfi.obj (.text:__pproc_fflags)
                  0000bf60    000001a0                 : ldexp.obj (.text:_ldexp)
                  0000c100    00000180                 : fgetc.obj (.text:_fgetc)
                  0000c280    00000180     divide.obj (.text)
                  0000c400    00000160     rts6700.lib : trgdrv.obj (.text:_HOSTlseek)
                  0000c560    00000160                 : _bufread.obj (.text:__buff_read)
                  0000c6c0    00000160                 : fclose.obj (.text:__closefile)
                  0000c820    00000160                 : _scanfi.obj (.text:__sget_scanset)
                  0000c980    00000160                 : ungetc.obj (.text:_ungetc)
                  0000cae0    00000160     multiply.obj (.text)
                  0000cc40    00000140     rts6700.lib : trgdrv.obj (.text:_HOSTread)
                  0000cd80    00000140                 : fltllid.obj (.text:__fltllid)
                  0000cec0    00000140                 : frcmpyd_div.obj (.text:__frcmpyd_div)
                  0000d000    00000140                 : atoi.obj (.text:_atoi)
                  0000d140    00000140                 : ltoa.obj (.text:_ltoa)
                  0000d280    00000140     addition.obj (.text)
                  0000d3c0    00000120     rts6700.lib : trgdrv.obj (.text:_HOSTopen)
                  0000d4e0    00000120                 : trgdrv.obj (.text:_HOSTwrite)
                  0000d600    00000120                 : divi.obj (.text:__divi)
                  0000d720    00000120                 : _io_perm.obj (.text:__wrt_ok)
                  0000d840    00000120                 : lowlev.obj (.text:_close)
                  0000d960    00000120                 : frexp.obj (.text:_frexp)
                  0000da80    00000120                 : memset.obj (.text:_memset)
                  0000dba0    00000120     main.obj (.text)
                  0000dcc0    00000100     rts6700.lib : trgdrv.obj (.text:_HOSTclose)
                  0000ddc0    00000100                 : trgdrv.obj (.text:_HOSTunlink)
                  0000dec0    00000100                 : autoinit.obj (.text:__auto_init)
                  0000dfc0    00000100                 : _printfi.obj (.text:__div)
                  0000e0c0    00000100                 : imath40.obj (.text:__divli)
                  0000e1c0    00000100                 : _printfi.obj (.text:__pconv_f)
                  0000e2c0    00000100                 : lowlev.obj (.text:_lseek)
                  0000e3c0    00000100                 : printf.obj (.text:_printf)
                  0000e4c0    00000100                 : lowlev.obj (.text:_read)
                  0000e5c0    00000100                 : fscanf.obj (.text:_scanf)
                  0000e6c0    00000100                 : lowlev.obj (.text:_write)
                  0000e7c0    000000e0                 : fopen.obj (.text:__cleanup)
                  0000e8a0    000000e0                 : fflush.obj (.text:__doflush)
                  0000e980    000000e0                 : _printfi.obj (.text:__ecpy)
                  0000ea60    000000e0                 : _printfi.obj (.text:__fcpy)
                  0000eb40    000000e0                 : round.obj (.text:__nround)
                  0000ec20    000000e0                 : _io_perm.obj (.text:__rd_ok)
                  0000ed00    000000e0                 : exit.obj (.text:_exit)
                  0000ede0    000000e0                 : memory.obj (.text:_minsert)
                  0000eec0    000000e0                 : modf.obj (.text:_modf)
                  0000efa0    000000e0                 : memory.obj (.text:_mremove)
                  0000f080    000000e0     substraction.obj (.text)
                  0000f160    000000c0     rts6700.lib : divu.obj (.text:__divu)
                  0000f220    000000c0                 : cpy_tbl.obj (.text:_copy_in)
                  0000f2e0    000000c0                 : lowlev.obj (.text:_finddevice)
                  0000f3a0    000000a0                 : fixdli.obj (.text:__fixdli)
                  0000f440    000000a0                 : mpyll.obj (.text:__mpyll)
                  0000f4e0    000000a0                 : imath40.obj (.text:__remli)
                  0000f580    000000a0                 : imath40.obj (.text:__remul)
                  0000f620    000000a0                 : imath64.obj (.text:__remull)
                  0000f6c0    000000a0                 : trgmsg.obj (.text:_readmsg)
                  0000f760    000000a0                 : lowlev.obj (.text:_unlink)
                  0000f800    000000a0                 : trgmsg.obj (.text:_writemsg)
                  0000f8a0    000000a0     encrypt.obj (.text)
                  0000f940    00000080     rts6700.lib : cpp_init.obj (.text:___TI_cpp_init)
                  0000f9c0    00000080                 : fltlid.obj (.text:__fltlid)
                  0000fa40    00000080                 : llshift.obj (.text:__llshl)
                  0000fac0    00000080                 : boot.obj (.text:_c_int00)
                  0000fb40    00000080                 : memccpy.obj (.text:_memccpy)
                  0000fbc0    00000060                 : isinf.obj (.text:___isinf)
                  0000fc20    00000060                 : llshift.obj (.text:__llshru)
                  0000fc80    00000060                 : imath64.obj (.text:__subcull)
                  0000fce0    00000040                 : _printfi.obj (.text:___isnan)
                  0000fd20    00000040                 : args_main.obj (.text:__args_main)
                  0000fd60    00000040                 : trunc.obj (.text:__trunc)
                  0000fda0    00000020                 : fscanf.obj (.text:__inpchar)
                  0000fdc0    00000020                 : negll.obj (.text:__negll)
                  0000fde0    00000020                 : _lock.obj (.text:__nop)
                  0000fe00    00000020                 : printf.obj (.text:__outc)
                  0000fe20    00000020                 : printf.obj (.text:__outs)
                  0000fe40    00000020                 : fscanf.obj (.text:__uninpchar)
                  0000fe60    00000020                 : exit.obj (.text:_abort)
                  0000fe80    00000020                 : remove.obj (.text:_remove)

.stack     0    0000fea0    00001000     UNINITIALIZED
                  0000fea0    00000008     rts6700.lib : boot.obj (.stack)
                  0000fea8    00000ff8     --HOLE--

.sysmem    0    00010ea0    00001000     UNINITIALIZED
                  00010ea0    00000008     rts6700.lib : memory.obj (.sysmem)
                  00010ea8    00000ff8     --HOLE--

.const     0    00011ea0    00000906     
                  00011ea0    00000680     def.obj (.const:.string)
                  00012520    00000101     rts6700.lib : ctype.obj (.const:.string:__ctypes_)
                  00012621    00000002                 : fputs.obj (.const:.string)
                  00012623    00000005     --HOLE-- [fill = 0]
                  00012628    00000050                 : strtod.obj (.const:_digits)
                  00012678    00000050                 : strtold.obj (.const:_digits)
                  000126c8    00000048                 : strtod.obj (.const:_powerof10)
                  00012710    00000048                 : strtold.obj (.const:_powerof10)
                  00012758    00000023                 : _printfi.obj (.const:.string)
                  0001277b    00000005     --HOLE-- [fill = 0]
                  00012780    00000010     main.obj (.const:_$P$T1$2)
                  00012790    00000008     main.obj (.const:_$P$T0$1)
                  00012798    00000007     rts6700.lib : _scanfi.obj (.const:.string:_flit$1)
                  0001279f    00000001     --HOLE-- [fill = 0]
                  000127a0    00000006                 : _scanfi.obj (.const:.string:_barr$2)

.far       0    000127c0    000005ac     UNINITIALIZED
                  000127c0    00000324     rts6700.lib : defs.obj (.far)
                  00012ae4    00000004                 : errno.obj (.far)
                  00012ae8    00000120                 : pow.obj (.far)
                  00012c08    0000011c                 : lowlev.obj (.far)
                  00012d24    0000000c                 : exit.obj (.far)
                  00012d30    00000008                 : _lock.obj (.far)
                  00012d38    00000008                 : memory.obj (.far)
                  00012d40    00000020     main.obj (.far)
                  00012d60    00000008     rts6700.lib : trgdrv.obj (.far)
                  00012d68    00000004                 : fopen.obj (.far)

.cinit     0    00012d70    000002cc     
                  00012d70    00000140     rts6700.lib : pow.obj (.cinit)
                  00012eb0    0000005c                 : defs.obj (.cinit)
                  00012f0c    00000004     --HOLE-- [fill = 0]
                  00012f10    0000005c                 : lowlev.obj (.cinit)
                  00012f6c    00000004     --HOLE-- [fill = 0]
                  00012f70    0000002c                 : exit.obj (.cinit)
                  00012f9c    00000004     --HOLE-- [fill = 0]
                  00012fa0    0000002c                 : memory.obj (.cinit)
                  00012fcc    00000004     --HOLE-- [fill = 0]
                  00012fd0    00000028     main.obj (.cinit)
                  00012ff8    0000001c     rts6700.lib : _lock.obj (.cinit)
                  00013014    00000004     --HOLE-- [fill = 0]
                  00013018    0000000c                 : errno.obj (.cinit)
                  00013024    00000004     --HOLE-- [fill = 0]
                  00013028    0000000c                 : fopen.obj (.cinit)
                  00013034    00000004     --HOLE-- [fill = 0]
                  00013038    00000004     (.pad.cinit) [fill = 0]

.cio       0    0001303c    00000120     UNINITIALIZED
                  0001303c    00000120     rts6700.lib : trgmsg.obj (.cio)

.switch    0    0001315c    0000003c     
                  0001315c    00000028     rts6700.lib : _scanfi.obj (.switch:__sset_arg)
                  00013184    00000014     def.obj (.switch:_AnalyserListe)


GLOBAL SYMBOLS: SORTED ALPHABETICALLY BY Name 

address    name
--------   ----
00000220   $bss
00000220   .bss
00000220   .text
0000fe60   C$$EXIT
0000f878   C$$IO$$
0000d280   _AddEntierNonSigne32bits
0000d2cc   _AddEntierSigne32bits
0000d30c   _AddFractionnaire32bits_Q7p24_Q15p16
00001718   _AffichageResultat
00001160   _AfficherDonnees
00000450   _AnalyserListe
000015b8   _ChoisirDonnees
0000149c   _ChoisirOperandesDouble
0000152c   _ChoisirOperandesFlottant
0000134c   _ChoisirOperandesFractionnaire
00001234   _ChoisirOperandesIntNoS
000012c0   _ChoisirOperandesIntS
00001200   _ConvertirListe
0000c3a4   _DivFlottant32bits
0000c280   _DivIncrementationNonSigne32bit
0000c2f0   _DivSubcNonSigne32bit
0000f8a0   _EncrypterDonnees
00001644   _EncrypterDonneesC
0000dcc0   _HOSTclose
0000c400   _HOSTlseek
0000d3c0   _HOSTopen
0000cc40   _HOSTread
0000b060   _HOSTrename
0000ddc0   _HOSTunlink
0000d4e0   _HOSTwrite
0000cae0   _MpyEntierNonSigneOp32bitsRes64bits
0000cb5c   _MpyEntierSigneOp32bitsRes64bits
0000cbe4   _MpyFlottant64bits
0000cba0   _MpyfractionnaireOp32bitsRes64bits_Q7p24_Q15p16
000002d0   _ObtenirFormat
00000384   _ObtenirOperation
00000220   _ObtenirType
0000f080   _SubEntierNonSigne32bits
0000f0c8   _SubEntierSigne32bits
0000f108   _SubFlottant64bits
00012d40   _TabDonnees
0001303c   __CIOBUF_
00010ea0   __STACK_END
00001000   __STACK_SIZE
00001000   __SYSMEM_SIZE
00000001   __TI_args_main
0000f940   ___TI_cpp_init
00012d2c   ___TI_enable_exit_profile_output
ffffffff   ___TI_pprof_out_hndl
ffffffff   ___TI_prof_data_size
ffffffff   ___TI_prof_data_start
ffffffff   ___binit__
00000220   ___bss__
ffffffff   ___c_args__
00012d70   ___cinit__
00000220   ___end__
0000fea0   ___etext__
0000fbc0   ___isinf
ffffffff   ___pinit__
00000220   ___text__
0000fd20   __args_main
0000dec0   __auto_init
0000c560   __buff_read
0000d600   __c6xabi_divi
0000f160   __c6xabi_divu
0000e7c0   __cleanup
00012d24   __cleanup_ptr
0000c6c0   __closefile
00012520   __ctypes_
000033c0   __divd
0000d600   __divi
0000e0c0   __divli
0000f160   __divu
0000a740   __divul
00008840   __divull
0000e8a0   __doflush
00012d28   __dtors_ptr
0000f3a0   __fixdli
0000f9c0   __fltlid
0000cd80   __fltllid
0000cec0   __frcmpyd_div
00012ae0   __ft_end
000127c0   __ftable
0000fa40   __llshl
0000fc20   __llshru
00012d30   __lock
0000f440   __mpyll
0000fdc0   __negll
0000fde0   __nop
0000eb40   __nround
000064a0   __printfi
0000ec20   __rd_ok
0000f4e0   __remli
0000f580   __remul
0000f620   __remull
00001740   __scanfi
0000fea0   __stack
0000fc80   __subcull
00010ea0   __sys_memory
000129a0   __tmpnams
0000fd60   __trunc
00012d34   __unlock
0000d720   __wrt_ok
0000fe60   _abort
0000d000   _atoi
0000fac0   _c_int00
0000d840   _close
0000f220   _copy_in
00012ae4   _errno
0000ed00   _exit
0000c100   _fgetc
0000a4a0   _fputc
00006f20   _fputs
00008f40   _free
0000d960   _frexp
0000ba60   _fseek
0000c100   _getc
0000bf60   _ldexp
0000e2c0   _lseek
0000d140   _ltoa
0000dba0   _main
0000abe0   _malloc
0000fb40   _memccpy
0000ae20   _memcpy
0000da80   _memset
0000eec0   _modf
00002300   _pow
0000e3c0   _printf
0000a4a0   _putc
0000e4c0   _read
0000f6c0   _readmsg
0000fe80   _remove
0000e5c0   _scanf
00009f40   _setvbuf
000047e0   _strtod
00005f20   _strtol
00004dc0   _strtold
000053a0   _strtoll
00006a00   _strtoul
000073e0   _strtoull
0000c980   _ungetc
0000f760   _unlink
0000e6c0   _write
0000f800   _writemsg
ffffffff   binit
00012d70   cinit
00000220   end
0000fea0   etext
ffffffff   pinit


GLOBAL SYMBOLS: SORTED BY Symbol Address 

address    name
--------   ----
00000001   __TI_args_main
00000220   $bss
00000220   .bss
00000220   .text
00000220   _ObtenirType
00000220   ___bss__
00000220   ___end__
00000220   ___text__
00000220   end
000002d0   _ObtenirFormat
00000384   _ObtenirOperation
00000450   _AnalyserListe
00001000   __STACK_SIZE
00001000   __SYSMEM_SIZE
00001160   _AfficherDonnees
00001200   _ConvertirListe
00001234   _ChoisirOperandesIntNoS
000012c0   _ChoisirOperandesIntS
0000134c   _ChoisirOperandesFractionnaire
0000149c   _ChoisirOperandesDouble
0000152c   _ChoisirOperandesFlottant
000015b8   _ChoisirDonnees
00001644   _EncrypterDonneesC
00001718   _AffichageResultat
00001740   __scanfi
00002300   _pow
000033c0   __divd
000047e0   _strtod
00004dc0   _strtold
000053a0   _strtoll
00005f20   _strtol
000064a0   __printfi
00006a00   _strtoul
00006f20   _fputs
000073e0   _strtoull
00008840   __divull
00008f40   _free
00009f40   _setvbuf
0000a4a0   _fputc
0000a4a0   _putc
0000a740   __divul
0000abe0   _malloc
0000ae20   _memcpy
0000b060   _HOSTrename
0000ba60   _fseek
0000bf60   _ldexp
0000c100   _fgetc
0000c100   _getc
0000c280   _DivIncrementationNonSigne32bit
0000c2f0   _DivSubcNonSigne32bit
0000c3a4   _DivFlottant32bits
0000c400   _HOSTlseek
0000c560   __buff_read
0000c6c0   __closefile
0000c980   _ungetc
0000cae0   _MpyEntierNonSigneOp32bitsRes64bits
0000cb5c   _MpyEntierSigneOp32bitsRes64bits
0000cba0   _MpyfractionnaireOp32bitsRes64bits_Q7p24_Q15p16
0000cbe4   _MpyFlottant64bits
0000cc40   _HOSTread
0000cd80   __fltllid
0000cec0   __frcmpyd_div
0000d000   _atoi
0000d140   _ltoa
0000d280   _AddEntierNonSigne32bits
0000d2cc   _AddEntierSigne32bits
0000d30c   _AddFractionnaire32bits_Q7p24_Q15p16
0000d3c0   _HOSTopen
0000d4e0   _HOSTwrite
0000d600   __c6xabi_divi
0000d600   __divi
0000d720   __wrt_ok
0000d840   _close
0000d960   _frexp
0000da80   _memset
0000dba0   _main
0000dcc0   _HOSTclose
0000ddc0   _HOSTunlink
0000dec0   __auto_init
0000e0c0   __divli
0000e2c0   _lseek
0000e3c0   _printf
0000e4c0   _read
0000e5c0   _scanf
0000e6c0   _write
0000e7c0   __cleanup
0000e8a0   __doflush
0000eb40   __nround
0000ec20   __rd_ok
0000ed00   _exit
0000eec0   _modf
0000f080   _SubEntierNonSigne32bits
0000f0c8   _SubEntierSigne32bits
0000f108   _SubFlottant64bits
0000f160   __c6xabi_divu
0000f160   __divu
0000f220   _copy_in
0000f3a0   __fixdli
0000f440   __mpyll
0000f4e0   __remli
0000f580   __remul
0000f620   __remull
0000f6c0   _readmsg
0000f760   _unlink
0000f800   _writemsg
0000f878   C$$IO$$
0000f8a0   _EncrypterDonnees
0000f940   ___TI_cpp_init
0000f9c0   __fltlid
0000fa40   __llshl
0000fac0   _c_int00
0000fb40   _memccpy
0000fbc0   ___isinf
0000fc20   __llshru
0000fc80   __subcull
0000fd20   __args_main
0000fd60   __trunc
0000fdc0   __negll
0000fde0   __nop
0000fe60   C$$EXIT
0000fe60   _abort
0000fe80   _remove
0000fea0   ___etext__
0000fea0   __stack
0000fea0   etext
00010ea0   __STACK_END
00010ea0   __sys_memory
00012520   __ctypes_
000127c0   __ftable
000129a0   __tmpnams
00012ae0   __ft_end
00012ae4   _errno
00012d24   __cleanup_ptr
00012d28   __dtors_ptr
00012d2c   ___TI_enable_exit_profile_output
00012d30   __lock
00012d34   __unlock
00012d40   _TabDonnees
00012d70   ___cinit__
00012d70   cinit
0001303c   __CIOBUF_
ffffffff   ___TI_pprof_out_hndl
ffffffff   ___TI_prof_data_size
ffffffff   ___TI_prof_data_start
ffffffff   ___binit__
ffffffff   ___c_args__
ffffffff   ___pinit__
ffffffff   binit
ffffffff   pinit

[149 symbols]
