<?xml version="1.0"?>
<link_info>
   <banner>TMS320C6x Linker PC v7.4.20</banner>
   <copyright>Copyright (c) 1996-2015 Texas Instruments Incorporated</copyright>
   <link_time>0x5a6b4ff4</link_time>
   <output_file>APP2_S5.out</output_file>
   <entry_point>
      <name>_c_int00</name>
      <address>0xfac0</address>
   </entry_point>
   <input_file_list>
      <input_file id="fl-2">
         <path>.\asm\</path>
         <kind>object</kind>
         <file>addition.obj</file>
         <name>addition.obj</name>
      </input_file>
      <input_file id="fl-3">
         <path>.\asm\</path>
         <kind>object</kind>
         <file>divide.obj</file>
         <name>divide.obj</name>
      </input_file>
      <input_file id="fl-4">
         <path>.\asm\</path>
         <kind>object</kind>
         <file>encrypt.obj</file>
         <name>encrypt.obj</name>
      </input_file>
      <input_file id="fl-5">
         <path>.\asm\</path>
         <kind>object</kind>
         <file>multiply.obj</file>
         <name>multiply.obj</name>
      </input_file>
      <input_file id="fl-6">
         <path>.\asm\</path>
         <kind>object</kind>
         <file>substraction.obj</file>
         <name>substraction.obj</name>
      </input_file>
      <input_file id="fl-7">
         <path>.\c\</path>
         <kind>object</kind>
         <file>def.obj</file>
         <name>def.obj</name>
      </input_file>
      <input_file id="fl-8">
         <path>.\c\</path>
         <kind>object</kind>
         <file>main.obj</file>
         <name>main.obj</name>
      </input_file>
      <input_file id="fl-86">
         <path>C:\ti\ccsv7\tools\compiler\c6000_7.4.20\lib\</path>
         <kind>archive</kind>
         <file>rts6700.lib</file>
         <name>boot.obj</name>
      </input_file>
      <input_file id="fl-87">
         <path>C:\ti\ccsv7\tools\compiler\c6000_7.4.20\lib\</path>
         <kind>archive</kind>
         <file>rts6700.lib</file>
         <name>exit.obj</name>
      </input_file>
      <input_file id="fl-88">
         <path>C:\ti\ccsv7\tools\compiler\c6000_7.4.20\lib\</path>
         <kind>archive</kind>
         <file>rts6700.lib</file>
         <name>fltllid.obj</name>
      </input_file>
      <input_file id="fl-89">
         <path>C:\ti\ccsv7\tools\compiler\c6000_7.4.20\lib\</path>
         <kind>archive</kind>
         <file>rts6700.lib</file>
         <name>fscanf.obj</name>
      </input_file>
      <input_file id="fl-8a">
         <path>C:\ti\ccsv7\tools\compiler\c6000_7.4.20\lib\</path>
         <kind>archive</kind>
         <file>rts6700.lib</file>
         <name>llshift.obj</name>
      </input_file>
      <input_file id="fl-8b">
         <path>C:\ti\ccsv7\tools\compiler\c6000_7.4.20\lib\</path>
         <kind>archive</kind>
         <file>rts6700.lib</file>
         <name>memset.obj</name>
      </input_file>
      <input_file id="fl-8c">
         <path>C:\ti\ccsv7\tools\compiler\c6000_7.4.20\lib\</path>
         <kind>archive</kind>
         <file>rts6700.lib</file>
         <name>negll.obj</name>
      </input_file>
      <input_file id="fl-8d">
         <path>C:\ti\ccsv7\tools\compiler\c6000_7.4.20\lib\</path>
         <kind>archive</kind>
         <file>rts6700.lib</file>
         <name>pow.obj</name>
      </input_file>
      <input_file id="fl-8e">
         <path>C:\ti\ccsv7\tools\compiler\c6000_7.4.20\lib\</path>
         <kind>archive</kind>
         <file>rts6700.lib</file>
         <name>printf.obj</name>
      </input_file>
      <input_file id="fl-8f">
         <path>C:\ti\ccsv7\tools\compiler\c6000_7.4.20\lib\</path>
         <kind>archive</kind>
         <file>rts6700.lib</file>
         <name>round.obj</name>
      </input_file>
      <input_file id="fl-90">
         <path>C:\ti\ccsv7\tools\compiler\c6000_7.4.20\lib\</path>
         <kind>archive</kind>
         <file>rts6700.lib</file>
         <name>trunc.obj</name>
      </input_file>
      <input_file id="fl-91">
         <path>C:\ti\ccsv7\tools\compiler\c6000_7.4.20\lib\</path>
         <kind>archive</kind>
         <file>rts6700.lib</file>
         <name>ungetc.obj</name>
      </input_file>
      <input_file id="fl-92">
         <path>C:\ti\ccsv7\tools\compiler\c6000_7.4.20\lib\</path>
         <kind>archive</kind>
         <file>rts6700.lib</file>
         <name>_lock.obj</name>
      </input_file>
      <input_file id="fl-93">
         <path>C:\ti\ccsv7\tools\compiler\c6000_7.4.20\lib\</path>
         <kind>archive</kind>
         <file>rts6700.lib</file>
         <name>_printfi.obj</name>
      </input_file>
      <input_file id="fl-94">
         <path>C:\ti\ccsv7\tools\compiler\c6000_7.4.20\lib\</path>
         <kind>archive</kind>
         <file>rts6700.lib</file>
         <name>_scanfi.obj</name>
      </input_file>
      <input_file id="fl-95">
         <path>C:\ti\ccsv7\tools\compiler\c6000_7.4.20\lib\</path>
         <kind>archive</kind>
         <file>rts6700.lib</file>
         <name>args_main.obj</name>
      </input_file>
      <input_file id="fl-96">
         <path>C:\ti\ccsv7\tools\compiler\c6000_7.4.20\lib\</path>
         <kind>archive</kind>
         <file>rts6700.lib</file>
         <name>atoi.obj</name>
      </input_file>
      <input_file id="fl-97">
         <path>C:\ti\ccsv7\tools\compiler\c6000_7.4.20\lib\</path>
         <kind>archive</kind>
         <file>rts6700.lib</file>
         <name>autoinit.obj</name>
      </input_file>
      <input_file id="fl-98">
         <path>C:\ti\ccsv7\tools\compiler\c6000_7.4.20\lib\</path>
         <kind>archive</kind>
         <file>rts6700.lib</file>
         <name>cpp_init.obj</name>
      </input_file>
      <input_file id="fl-99">
         <path>C:\ti\ccsv7\tools\compiler\c6000_7.4.20\lib\</path>
         <kind>archive</kind>
         <file>rts6700.lib</file>
         <name>cpy_tbl.obj</name>
      </input_file>
      <input_file id="fl-9a">
         <path>C:\ti\ccsv7\tools\compiler\c6000_7.4.20\lib\</path>
         <kind>archive</kind>
         <file>rts6700.lib</file>
         <name>ctype.obj</name>
      </input_file>
      <input_file id="fl-9b">
         <path>C:\ti\ccsv7\tools\compiler\c6000_7.4.20\lib\</path>
         <kind>archive</kind>
         <file>rts6700.lib</file>
         <name>defs.obj</name>
      </input_file>
      <input_file id="fl-9c">
         <path>C:\ti\ccsv7\tools\compiler\c6000_7.4.20\lib\</path>
         <kind>archive</kind>
         <file>rts6700.lib</file>
         <name>divd.obj</name>
      </input_file>
      <input_file id="fl-9d">
         <path>C:\ti\ccsv7\tools\compiler\c6000_7.4.20\lib\</path>
         <kind>archive</kind>
         <file>rts6700.lib</file>
         <name>divu.obj</name>
      </input_file>
      <input_file id="fl-9e">
         <path>C:\ti\ccsv7\tools\compiler\c6000_7.4.20\lib\</path>
         <kind>archive</kind>
         <file>rts6700.lib</file>
         <name>errno.obj</name>
      </input_file>
      <input_file id="fl-9f">
         <path>C:\ti\ccsv7\tools\compiler\c6000_7.4.20\lib\</path>
         <kind>archive</kind>
         <file>rts6700.lib</file>
         <name>fgetc.obj</name>
      </input_file>
      <input_file id="fl-a0">
         <path>C:\ti\ccsv7\tools\compiler\c6000_7.4.20\lib\</path>
         <kind>archive</kind>
         <file>rts6700.lib</file>
         <name>fixdli.obj</name>
      </input_file>
      <input_file id="fl-a1">
         <path>C:\ti\ccsv7\tools\compiler\c6000_7.4.20\lib\</path>
         <kind>archive</kind>
         <file>rts6700.lib</file>
         <name>fltlid.obj</name>
      </input_file>
      <input_file id="fl-a2">
         <path>C:\ti\ccsv7\tools\compiler\c6000_7.4.20\lib\</path>
         <kind>archive</kind>
         <file>rts6700.lib</file>
         <name>fputc.obj</name>
      </input_file>
      <input_file id="fl-a3">
         <path>C:\ti\ccsv7\tools\compiler\c6000_7.4.20\lib\</path>
         <kind>archive</kind>
         <file>rts6700.lib</file>
         <name>fputs.obj</name>
      </input_file>
      <input_file id="fl-a4">
         <path>C:\ti\ccsv7\tools\compiler\c6000_7.4.20\lib\</path>
         <kind>archive</kind>
         <file>rts6700.lib</file>
         <name>frcmpyd_div.obj</name>
      </input_file>
      <input_file id="fl-a5">
         <path>C:\ti\ccsv7\tools\compiler\c6000_7.4.20\lib\</path>
         <kind>archive</kind>
         <file>rts6700.lib</file>
         <name>frexp.obj</name>
      </input_file>
      <input_file id="fl-a6">
         <path>C:\ti\ccsv7\tools\compiler\c6000_7.4.20\lib\</path>
         <kind>archive</kind>
         <file>rts6700.lib</file>
         <name>imath40.obj</name>
      </input_file>
      <input_file id="fl-a7">
         <path>C:\ti\ccsv7\tools\compiler\c6000_7.4.20\lib\</path>
         <kind>archive</kind>
         <file>rts6700.lib</file>
         <name>imath64.obj</name>
      </input_file>
      <input_file id="fl-a8">
         <path>C:\ti\ccsv7\tools\compiler\c6000_7.4.20\lib\</path>
         <kind>archive</kind>
         <file>rts6700.lib</file>
         <name>isinf.obj</name>
      </input_file>
      <input_file id="fl-a9">
         <path>C:\ti\ccsv7\tools\compiler\c6000_7.4.20\lib\</path>
         <kind>archive</kind>
         <file>rts6700.lib</file>
         <name>ldexp.obj</name>
      </input_file>
      <input_file id="fl-aa">
         <path>C:\ti\ccsv7\tools\compiler\c6000_7.4.20\lib\</path>
         <kind>archive</kind>
         <file>rts6700.lib</file>
         <name>lowlev.obj</name>
      </input_file>
      <input_file id="fl-ab">
         <path>C:\ti\ccsv7\tools\compiler\c6000_7.4.20\lib\</path>
         <kind>archive</kind>
         <file>rts6700.lib</file>
         <name>ltoa.obj</name>
      </input_file>
      <input_file id="fl-ac">
         <path>C:\ti\ccsv7\tools\compiler\c6000_7.4.20\lib\</path>
         <kind>archive</kind>
         <file>rts6700.lib</file>
         <name>memccpy.obj</name>
      </input_file>
      <input_file id="fl-ad">
         <path>C:\ti\ccsv7\tools\compiler\c6000_7.4.20\lib\</path>
         <kind>archive</kind>
         <file>rts6700.lib</file>
         <name>memcpy62.obj</name>
      </input_file>
      <input_file id="fl-ae">
         <path>C:\ti\ccsv7\tools\compiler\c6000_7.4.20\lib\</path>
         <kind>archive</kind>
         <file>rts6700.lib</file>
         <name>modf.obj</name>
      </input_file>
      <input_file id="fl-af">
         <path>C:\ti\ccsv7\tools\compiler\c6000_7.4.20\lib\</path>
         <kind>archive</kind>
         <file>rts6700.lib</file>
         <name>mpyll.obj</name>
      </input_file>
      <input_file id="fl-b0">
         <path>C:\ti\ccsv7\tools\compiler\c6000_7.4.20\lib\</path>
         <kind>archive</kind>
         <file>rts6700.lib</file>
         <name>setvbuf.obj</name>
      </input_file>
      <input_file id="fl-b1">
         <path>C:\ti\ccsv7\tools\compiler\c6000_7.4.20\lib\</path>
         <kind>archive</kind>
         <file>rts6700.lib</file>
         <name>strtod.obj</name>
      </input_file>
      <input_file id="fl-b2">
         <path>C:\ti\ccsv7\tools\compiler\c6000_7.4.20\lib\</path>
         <kind>archive</kind>
         <file>rts6700.lib</file>
         <name>strtol.obj</name>
      </input_file>
      <input_file id="fl-b3">
         <path>C:\ti\ccsv7\tools\compiler\c6000_7.4.20\lib\</path>
         <kind>archive</kind>
         <file>rts6700.lib</file>
         <name>strtold.obj</name>
      </input_file>
      <input_file id="fl-b4">
         <path>C:\ti\ccsv7\tools\compiler\c6000_7.4.20\lib\</path>
         <kind>archive</kind>
         <file>rts6700.lib</file>
         <name>strtoll.obj</name>
      </input_file>
      <input_file id="fl-b5">
         <path>C:\ti\ccsv7\tools\compiler\c6000_7.4.20\lib\</path>
         <kind>archive</kind>
         <file>rts6700.lib</file>
         <name>strtoul.obj</name>
      </input_file>
      <input_file id="fl-b6">
         <path>C:\ti\ccsv7\tools\compiler\c6000_7.4.20\lib\</path>
         <kind>archive</kind>
         <file>rts6700.lib</file>
         <name>strtoull.obj</name>
      </input_file>
      <input_file id="fl-b7">
         <path>C:\ti\ccsv7\tools\compiler\c6000_7.4.20\lib\</path>
         <kind>archive</kind>
         <file>rts6700.lib</file>
         <name>trgdrv.obj</name>
      </input_file>
      <input_file id="fl-b8">
         <path>C:\ti\ccsv7\tools\compiler\c6000_7.4.20\lib\</path>
         <kind>archive</kind>
         <file>rts6700.lib</file>
         <name>trgmsg.obj</name>
      </input_file>
      <input_file id="fl-b9">
         <path>C:\ti\ccsv7\tools\compiler\c6000_7.4.20\lib\</path>
         <kind>archive</kind>
         <file>rts6700.lib</file>
         <name>_bufread.obj</name>
      </input_file>
      <input_file id="fl-ba">
         <path>C:\ti\ccsv7\tools\compiler\c6000_7.4.20\lib\</path>
         <kind>archive</kind>
         <file>rts6700.lib</file>
         <name>_io_perm.obj</name>
      </input_file>
      <input_file id="fl-bb">
         <path>C:\ti\ccsv7\tools\compiler\c6000_7.4.20\lib\</path>
         <kind>archive</kind>
         <file>rts6700.lib</file>
         <name>abs.obj</name>
      </input_file>
      <input_file id="fl-bc">
         <path>C:\ti\ccsv7\tools\compiler\c6000_7.4.20\lib\</path>
         <kind>archive</kind>
         <file>rts6700.lib</file>
         <name>divi.obj</name>
      </input_file>
      <input_file id="fl-bd">
         <path>C:\ti\ccsv7\tools\compiler\c6000_7.4.20\lib\</path>
         <kind>archive</kind>
         <file>rts6700.lib</file>
         <name>fflush.obj</name>
      </input_file>
      <input_file id="fl-be">
         <path>C:\ti\ccsv7\tools\compiler\c6000_7.4.20\lib\</path>
         <kind>archive</kind>
         <file>rts6700.lib</file>
         <name>fopen.obj</name>
      </input_file>
      <input_file id="fl-bf">
         <path>C:\ti\ccsv7\tools\compiler\c6000_7.4.20\lib\</path>
         <kind>archive</kind>
         <file>rts6700.lib</file>
         <name>fseek.obj</name>
      </input_file>
      <input_file id="fl-c0">
         <path>C:\ti\ccsv7\tools\compiler\c6000_7.4.20\lib\</path>
         <kind>archive</kind>
         <file>rts6700.lib</file>
         <name>memory.obj</name>
      </input_file>
      <input_file id="fl-c1">
         <path>C:\ti\ccsv7\tools\compiler\c6000_7.4.20\lib\</path>
         <kind>archive</kind>
         <file>rts6700.lib</file>
         <name>fclose.obj</name>
      </input_file>
      <input_file id="fl-c2">
         <path>C:\ti\ccsv7\tools\compiler\c6000_7.4.20\lib\</path>
         <kind>archive</kind>
         <file>rts6700.lib</file>
         <name>remove.obj</name>
      </input_file>
   </input_file_list>
   <object_component_list>
      <object_component id="oc-10d">
         <name>.text</name>
         <load_address>0x220</load_address>
         <run_address>0x220</run_address>
         <size>0x1520</size>
         <input_file_ref idref="fl-7"/>
      </object_component>
      <object_component id="oc-119">
         <name>.text:__scanfi</name>
         <load_address>0x1740</load_address>
         <run_address>0x1740</run_address>
         <size>0xbc0</size>
         <input_file_ref idref="fl-94"/>
      </object_component>
      <object_component id="oc-110">
         <name>.text:_pow</name>
         <load_address>0x2300</load_address>
         <run_address>0x2300</run_address>
         <size>0x900</size>
         <input_file_ref idref="fl-8d"/>
      </object_component>
      <object_component id="oc-130">
         <name>.text:__sset_arg</name>
         <load_address>0x2c00</load_address>
         <run_address>0x2c00</run_address>
         <size>0x7c0</size>
         <input_file_ref idref="fl-94"/>
      </object_component>
      <object_component id="oc-11c">
         <name>.text:__divd</name>
         <load_address>0x33c0</load_address>
         <run_address>0x33c0</run_address>
         <size>0x720</size>
         <input_file_ref idref="fl-9c"/>
      </object_component>
      <object_component id="oc-14f">
         <name>.text:__getarg_diouxp</name>
         <load_address>0x3ae0</load_address>
         <run_address>0x3ae0</run_address>
         <size>0x6c0</size>
         <input_file_ref idref="fl-93"/>
      </object_component>
      <object_component id="oc-126">
         <name>.text:__setfield</name>
         <load_address>0x41a0</load_address>
         <run_address>0x41a0</run_address>
         <size>0x640</size>
         <input_file_ref idref="fl-93"/>
      </object_component>
      <object_component id="oc-144">
         <name>.text:_strtod</name>
         <load_address>0x47e0</load_address>
         <run_address>0x47e0</run_address>
         <size>0x5e0</size>
         <input_file_ref idref="fl-b1"/>
      </object_component>
      <object_component id="oc-145">
         <name>.text:_strtold</name>
         <load_address>0x4dc0</load_address>
         <run_address>0x4dc0</run_address>
         <size>0x5e0</size>
         <input_file_ref idref="fl-b3"/>
      </object_component>
      <object_component id="oc-147">
         <name>.text:_strtoll</name>
         <load_address>0x53a0</load_address>
         <run_address>0x53a0</run_address>
         <size>0x5e0</size>
         <input_file_ref idref="fl-b4"/>
      </object_component>
      <object_component id="oc-12d">
         <name>.text:__sproc_int</name>
         <load_address>0x5980</load_address>
         <run_address>0x5980</run_address>
         <size>0x5a0</size>
         <input_file_ref idref="fl-94"/>
      </object_component>
      <object_component id="oc-146">
         <name>.text:_strtol</name>
         <load_address>0x5f20</load_address>
         <run_address>0x5f20</run_address>
         <size>0x580</size>
         <input_file_ref idref="fl-b2"/>
      </object_component>
      <object_component id="oc-115">
         <name>.text:__printfi</name>
         <load_address>0x64a0</load_address>
         <run_address>0x64a0</run_address>
         <size>0x560</size>
         <input_file_ref idref="fl-93"/>
      </object_component>
      <object_component id="oc-142">
         <name>.text:_strtoul</name>
         <load_address>0x6a00</load_address>
         <run_address>0x6a00</run_address>
         <size>0x520</size>
         <input_file_ref idref="fl-b5"/>
      </object_component>
      <object_component id="oc-122">
         <name>.text:_fputs</name>
         <load_address>0x6f20</load_address>
         <run_address>0x6f20</run_address>
         <size>0x4c0</size>
         <input_file_ref idref="fl-a3"/>
      </object_component>
      <object_component id="oc-143">
         <name>.text:_strtoull</name>
         <load_address>0x73e0</load_address>
         <run_address>0x73e0</run_address>
         <size>0x4a0</size>
         <input_file_ref idref="fl-b6"/>
      </object_component>
      <object_component id="oc-161">
         <name>.text:_fcvt</name>
         <load_address>0x7880</load_address>
         <run_address>0x7880</run_address>
         <size>0x420</size>
         <input_file_ref idref="fl-93"/>
      </object_component>
      <object_component id="oc-137">
         <name>.text:__pproc_fge</name>
         <load_address>0x7ca0</load_address>
         <run_address>0x7ca0</run_address>
         <size>0x400</size>
         <input_file_ref idref="fl-93"/>
      </object_component>
      <object_component id="oc-15e">
         <name>.text:_ecvt</name>
         <load_address>0x80a0</load_address>
         <run_address>0x80a0</run_address>
         <size>0x400</size>
         <input_file_ref idref="fl-93"/>
      </object_component>
      <object_component id="oc-12b">
         <name>.text:__sget_conv</name>
         <load_address>0x84a0</load_address>
         <run_address>0x84a0</run_address>
         <size>0x3a0</size>
         <input_file_ref idref="fl-94"/>
      </object_component>
      <object_component id="oc-155">
         <name>.text:__divull</name>
         <load_address>0x8840</load_address>
         <run_address>0x8840</run_address>
         <size>0x380</size>
         <input_file_ref idref="fl-a7"/>
      </object_component>
      <object_component id="oc-12c">
         <name>.text:__sproc_float</name>
         <load_address>0x8bc0</load_address>
         <run_address>0x8bc0</run_address>
         <size>0x380</size>
         <input_file_ref idref="fl-94"/>
      </object_component>
      <object_component id="oc-151">
         <name>.text:_free</name>
         <load_address>0x8f40</load_address>
         <run_address>0x8f40</run_address>
         <size>0x380</size>
         <input_file_ref idref="fl-c0"/>
      </object_component>
      <object_component id="oc-14e">
         <name>.text:__pconv_e</name>
         <load_address>0x92c0</load_address>
         <run_address>0x92c0</run_address>
         <size>0x360</size>
         <input_file_ref idref="fl-93"/>
      </object_component>
      <object_component id="oc-125">
         <name>.text:__pproc_fwp</name>
         <load_address>0x9620</load_address>
         <run_address>0x9620</run_address>
         <size>0x360</size>
         <input_file_ref idref="fl-93"/>
      </object_component>
      <object_component id="oc-138">
         <name>.text:__pproc_diouxp</name>
         <load_address>0x9980</load_address>
         <run_address>0x9980</run_address>
         <size>0x300</size>
         <input_file_ref idref="fl-93"/>
      </object_component>
      <object_component id="oc-127">
         <name>.text:__pproc_str</name>
         <load_address>0x9c80</load_address>
         <run_address>0x9c80</run_address>
         <size>0x2c0</size>
         <input_file_ref idref="fl-93"/>
      </object_component>
      <object_component id="oc-13a">
         <name>.text:_setvbuf</name>
         <load_address>0x9f40</load_address>
         <run_address>0x9f40</run_address>
         <size>0x2c0</size>
         <input_file_ref idref="fl-b0"/>
      </object_component>
      <object_component id="oc-14c">
         <name>.text:__pconv_g</name>
         <load_address>0xa200</load_address>
         <run_address>0xa200</run_address>
         <size>0x2a0</size>
         <input_file_ref idref="fl-93"/>
      </object_component>
      <object_component id="oc-123">
         <name>.text:_fputc</name>
         <load_address>0xa4a0</load_address>
         <run_address>0xa4a0</run_address>
         <size>0x2a0</size>
         <input_file_ref idref="fl-a2"/>
      </object_component>
      <object_component id="oc-154">
         <name>.text:__divul</name>
         <load_address>0xa740</load_address>
         <run_address>0xa740</run_address>
         <size>0x260</size>
         <input_file_ref idref="fl-a6"/>
      </object_component>
      <object_component id="oc-160">
         <name>.text:__mcpy</name>
         <load_address>0xa9a0</load_address>
         <run_address>0xa9a0</run_address>
         <size>0x240</size>
         <input_file_ref idref="fl-93"/>
      </object_component>
      <object_component id="oc-152">
         <name>.text:_malloc</name>
         <load_address>0xabe0</load_address>
         <run_address>0xabe0</run_address>
         <size>0x240</size>
         <input_file_ref idref="fl-c0"/>
      </object_component>
      <object_component id="oc-104">
         <name>.text:_memcpy</name>
         <load_address>0xae20</load_address>
         <run_address>0xae20</run_address>
         <size>0x240</size>
         <input_file_ref idref="fl-ad"/>
      </object_component>
      <object_component id="oc-102">
         <name>.text:_HOSTrename</name>
         <load_address>0xb060</load_address>
         <run_address>0xb060</run_address>
         <size>0x220</size>
         <input_file_ref idref="fl-b7"/>
      </object_component>
      <object_component id="oc-12e">
         <name>.text:__sproc_str</name>
         <load_address>0xb280</load_address>
         <run_address>0xb280</run_address>
         <size>0x220</size>
         <input_file_ref idref="fl-94"/>
      </object_component>
      <object_component id="oc-117">
         <name>.text:__chkmbc</name>
         <load_address>0xb4a0</load_address>
         <run_address>0xb4a0</run_address>
         <size>0x200</size>
         <input_file_ref idref="fl-89"/>
      </object_component>
      <object_component id="oc-12f">
         <name>.text:__sproc_lb</name>
         <load_address>0xb6a0</load_address>
         <run_address>0xb6a0</run_address>
         <size>0x1e0</size>
         <input_file_ref idref="fl-94"/>
      </object_component>
      <object_component id="oc-171">
         <name>.text:_getdevice</name>
         <load_address>0xb880</load_address>
         <run_address>0xb880</run_address>
         <size>0x1e0</size>
         <input_file_ref idref="fl-aa"/>
      </object_component>
      <object_component id="oc-149">
         <name>.text:_fseek</name>
         <load_address>0xba60</load_address>
         <run_address>0xba60</run_address>
         <size>0x1c0</size>
         <input_file_ref idref="fl-bf"/>
      </object_component>
      <object_component id="oc-150">
         <name>.text:__ltostr</name>
         <load_address>0xbc20</load_address>
         <run_address>0xbc20</run_address>
         <size>0x1a0</size>
         <input_file_ref idref="fl-93"/>
      </object_component>
      <object_component id="oc-124">
         <name>.text:__pproc_fflags</name>
         <load_address>0xbdc0</load_address>
         <run_address>0xbdc0</run_address>
         <size>0x1a0</size>
         <input_file_ref idref="fl-93"/>
      </object_component>
      <object_component id="oc-11b">
         <name>.text:_ldexp</name>
         <load_address>0xbf60</load_address>
         <run_address>0xbf60</run_address>
         <size>0x1a0</size>
         <input_file_ref idref="fl-a9"/>
      </object_component>
      <object_component id="oc-12a">
         <name>.text:_fgetc</name>
         <load_address>0xc100</load_address>
         <run_address>0xc100</run_address>
         <size>0x180</size>
         <input_file_ref idref="fl-9f"/>
      </object_component>
      <object_component id="oc-13">
         <name>.text</name>
         <load_address>0xc280</load_address>
         <run_address>0xc280</run_address>
         <size>0x180</size>
         <input_file_ref idref="fl-3"/>
      </object_component>
      <object_component id="oc-100">
         <name>.text:_HOSTlseek</name>
         <load_address>0xc400</load_address>
         <run_address>0xc400</run_address>
         <size>0x160</size>
         <input_file_ref idref="fl-b7"/>
      </object_component>
      <object_component id="oc-13c">
         <name>.text:__buff_read</name>
         <load_address>0xc560</load_address>
         <run_address>0xc560</run_address>
         <size>0x160</size>
         <input_file_ref idref="fl-b9"/>
      </object_component>
      <object_component id="oc-166">
         <name>.text:__closefile</name>
         <load_address>0xc6c0</load_address>
         <run_address>0xc6c0</run_address>
         <size>0x160</size>
         <input_file_ref idref="fl-c1"/>
      </object_component>
      <object_component id="oc-13e">
         <name>.text:__sget_scanset</name>
         <load_address>0xc820</load_address>
         <run_address>0xc820</run_address>
         <size>0x160</size>
         <input_file_ref idref="fl-94"/>
      </object_component>
      <object_component id="oc-128">
         <name>.text:_ungetc</name>
         <load_address>0xc980</load_address>
         <run_address>0xc980</run_address>
         <size>0x160</size>
         <input_file_ref idref="fl-91"/>
      </object_component>
      <object_component id="oc-1b">
         <name>.text</name>
         <load_address>0xcae0</load_address>
         <run_address>0xcae0</run_address>
         <size>0x160</size>
         <input_file_ref idref="fl-5"/>
      </object_component>
      <object_component id="oc-fe">
         <name>.text:_HOSTread</name>
         <load_address>0xcc40</load_address>
         <run_address>0xcc40</run_address>
         <size>0x140</size>
         <input_file_ref idref="fl-b7"/>
      </object_component>
      <object_component id="oc-111">
         <name>.text:__fltllid</name>
         <load_address>0xcd80</load_address>
         <run_address>0xcd80</run_address>
         <size>0x140</size>
         <input_file_ref idref="fl-88"/>
      </object_component>
      <object_component id="oc-132">
         <name>.text:__frcmpyd_div</name>
         <load_address>0xcec0</load_address>
         <run_address>0xcec0</run_address>
         <size>0x140</size>
         <input_file_ref idref="fl-a4"/>
      </object_component>
      <object_component id="oc-136">
         <name>.text:_atoi</name>
         <load_address>0xd000</load_address>
         <run_address>0xd000</run_address>
         <size>0x140</size>
         <input_file_ref idref="fl-96"/>
      </object_component>
      <object_component id="oc-169">
         <name>.text:_ltoa</name>
         <load_address>0xd140</load_address>
         <run_address>0xd140</run_address>
         <size>0x140</size>
         <input_file_ref idref="fl-ab"/>
      </object_component>
      <object_component id="oc-f">
         <name>.text</name>
         <load_address>0xd280</load_address>
         <run_address>0xd280</run_address>
         <size>0x140</size>
         <input_file_ref idref="fl-2"/>
      </object_component>
      <object_component id="oc-fc">
         <name>.text:_HOSTopen</name>
         <load_address>0xd3c0</load_address>
         <run_address>0xd3c0</run_address>
         <size>0x120</size>
         <input_file_ref idref="fl-b7"/>
      </object_component>
      <object_component id="oc-ff">
         <name>.text:_HOSTwrite</name>
         <load_address>0xd4e0</load_address>
         <run_address>0xd4e0</run_address>
         <size>0x120</size>
         <input_file_ref idref="fl-b7"/>
      </object_component>
      <object_component id="oc-157">
         <name>.text:__divi</name>
         <load_address>0xd600</load_address>
         <run_address>0xd600</run_address>
         <size>0x120</size>
         <input_file_ref idref="fl-bc"/>
      </object_component>
      <object_component id="oc-133">
         <name>.text:__wrt_ok</name>
         <load_address>0xd720</load_address>
         <run_address>0xd720</run_address>
         <size>0x120</size>
         <input_file_ref idref="fl-ba"/>
      </object_component>
      <object_component id="oc-16c">
         <name>.text:_close</name>
         <load_address>0xd840</load_address>
         <run_address>0xd840</run_address>
         <size>0x120</size>
         <input_file_ref idref="fl-aa"/>
      </object_component>
      <object_component id="oc-11a">
         <name>.text:_frexp</name>
         <load_address>0xd960</load_address>
         <run_address>0xd960</run_address>
         <size>0x120</size>
         <input_file_ref idref="fl-a5"/>
      </object_component>
      <object_component id="oc-10a">
         <name>.text:_memset</name>
         <load_address>0xda80</load_address>
         <run_address>0xda80</run_address>
         <size>0x120</size>
         <input_file_ref idref="fl-8b"/>
      </object_component>
      <object_component id="oc-106">
         <name>.text</name>
         <load_address>0xdba0</load_address>
         <run_address>0xdba0</run_address>
         <size>0x120</size>
         <input_file_ref idref="fl-8"/>
      </object_component>
      <object_component id="oc-fd">
         <name>.text:_HOSTclose</name>
         <load_address>0xdcc0</load_address>
         <run_address>0xdcc0</run_address>
         <size>0x100</size>
         <input_file_ref idref="fl-b7"/>
      </object_component>
      <object_component id="oc-101">
         <name>.text:_HOSTunlink</name>
         <load_address>0xddc0</load_address>
         <run_address>0xddc0</run_address>
         <size>0x100</size>
         <input_file_ref idref="fl-b7"/>
      </object_component>
      <object_component id="oc-f8">
         <name>.text:__auto_init</name>
         <load_address>0xdec0</load_address>
         <run_address>0xdec0</run_address>
         <size>0x100</size>
         <input_file_ref idref="fl-97"/>
      </object_component>
      <object_component id="oc-163">
         <name>.text:__div</name>
         <load_address>0xdfc0</load_address>
         <run_address>0xdfc0</run_address>
         <size>0x100</size>
         <input_file_ref idref="fl-93"/>
      </object_component>
      <object_component id="oc-16f">
         <name>.text:__divli</name>
         <load_address>0xe0c0</load_address>
         <run_address>0xe0c0</run_address>
         <size>0x100</size>
         <input_file_ref idref="fl-a6"/>
      </object_component>
      <object_component id="oc-14d">
         <name>.text:__pconv_f</name>
         <load_address>0xe1c0</load_address>
         <run_address>0xe1c0</run_address>
         <size>0x100</size>
         <input_file_ref idref="fl-93"/>
      </object_component>
      <object_component id="oc-15d">
         <name>.text:_lseek</name>
         <load_address>0xe2c0</load_address>
         <run_address>0xe2c0</run_address>
         <size>0x100</size>
         <input_file_ref idref="fl-aa"/>
      </object_component>
      <object_component id="oc-10e">
         <name>.text:_printf</name>
         <load_address>0xe3c0</load_address>
         <run_address>0xe3c0</run_address>
         <size>0x100</size>
         <input_file_ref idref="fl-8e"/>
      </object_component>
      <object_component id="oc-13d">
         <name>.text:_read</name>
         <load_address>0xe4c0</load_address>
         <run_address>0xe4c0</run_address>
         <size>0x100</size>
         <input_file_ref idref="fl-aa"/>
      </object_component>
      <object_component id="oc-10f">
         <name>.text:_scanf</name>
         <load_address>0xe5c0</load_address>
         <run_address>0xe5c0</run_address>
         <size>0x100</size>
         <input_file_ref idref="fl-89"/>
      </object_component>
      <object_component id="oc-135">
         <name>.text:_write</name>
         <load_address>0xe6c0</load_address>
         <run_address>0xe6c0</run_address>
         <size>0x100</size>
         <input_file_ref idref="fl-aa"/>
      </object_component>
      <object_component id="oc-153">
         <name>.text:__cleanup</name>
         <load_address>0xe7c0</load_address>
         <run_address>0xe7c0</run_address>
         <size>0xe0</size>
         <input_file_ref idref="fl-be"/>
      </object_component>
      <object_component id="oc-134">
         <name>.text:__doflush</name>
         <load_address>0xe8a0</load_address>
         <run_address>0xe8a0</run_address>
         <size>0xe0</size>
         <input_file_ref idref="fl-bd"/>
      </object_component>
      <object_component id="oc-15f">
         <name>.text:__ecpy</name>
         <load_address>0xe980</load_address>
         <run_address>0xe980</run_address>
         <size>0xe0</size>
         <input_file_ref idref="fl-93"/>
      </object_component>
      <object_component id="oc-162">
         <name>.text:__fcpy</name>
         <load_address>0xea60</load_address>
         <run_address>0xea60</run_address>
         <size>0xe0</size>
         <input_file_ref idref="fl-93"/>
      </object_component>
      <object_component id="oc-11d">
         <name>.text:__nround</name>
         <load_address>0xeb40</load_address>
         <run_address>0xeb40</run_address>
         <size>0xe0</size>
         <input_file_ref idref="fl-8f"/>
      </object_component>
      <object_component id="oc-13b">
         <name>.text:__rd_ok</name>
         <load_address>0xec20</load_address>
         <run_address>0xec20</run_address>
         <size>0xe0</size>
         <input_file_ref idref="fl-ba"/>
      </object_component>
      <object_component id="oc-fa">
         <name>.text:_exit</name>
         <load_address>0xed00</load_address>
         <run_address>0xed00</run_address>
         <size>0xe0</size>
         <input_file_ref idref="fl-87"/>
      </object_component>
      <object_component id="oc-165">
         <name>.text:_minsert</name>
         <load_address>0xede0</load_address>
         <run_address>0xede0</run_address>
         <size>0xe0</size>
         <input_file_ref idref="fl-c0"/>
      </object_component>
      <object_component id="oc-11f">
         <name>.text:_modf</name>
         <load_address>0xeec0</load_address>
         <run_address>0xeec0</run_address>
         <size>0xe0</size>
         <input_file_ref idref="fl-ae"/>
      </object_component>
      <object_component id="oc-164">
         <name>.text:_mremove</name>
         <load_address>0xefa0</load_address>
         <run_address>0xefa0</run_address>
         <size>0xe0</size>
         <input_file_ref idref="fl-c0"/>
      </object_component>
      <object_component id="oc-1f">
         <name>.text</name>
         <load_address>0xf080</load_address>
         <run_address>0xf080</run_address>
         <size>0xe0</size>
         <input_file_ref idref="fl-6"/>
      </object_component>
      <object_component id="oc-16b">
         <name>.text:__divu</name>
         <load_address>0xf160</load_address>
         <run_address>0xf160</run_address>
         <size>0xc0</size>
         <input_file_ref idref="fl-9d"/>
      </object_component>
      <object_component id="oc-103">
         <name>.text:_copy_in</name>
         <load_address>0xf220</load_address>
         <run_address>0xf220</run_address>
         <size>0xc0</size>
         <input_file_ref idref="fl-99"/>
      </object_component>
      <object_component id="oc-172">
         <name>.text:_finddevice</name>
         <load_address>0xf2e0</load_address>
         <run_address>0xf2e0</run_address>
         <size>0xc0</size>
         <input_file_ref idref="fl-aa"/>
      </object_component>
      <object_component id="oc-168">
         <name>.text:__fixdli</name>
         <load_address>0xf3a0</load_address>
         <run_address>0xf3a0</run_address>
         <size>0xa0</size>
         <input_file_ref idref="fl-a0"/>
      </object_component>
      <object_component id="oc-148">
         <name>.text:__mpyll</name>
         <load_address>0xf440</load_address>
         <run_address>0xf440</run_address>
         <size>0xa0</size>
         <input_file_ref idref="fl-af"/>
      </object_component>
      <object_component id="oc-16e">
         <name>.text:__remli</name>
         <load_address>0xf4e0</load_address>
         <run_address>0xf4e0</run_address>
         <size>0xa0</size>
         <input_file_ref idref="fl-a6"/>
      </object_component>
      <object_component id="oc-15b">
         <name>.text:__remul</name>
         <load_address>0xf580</load_address>
         <run_address>0xf580</run_address>
         <size>0xa0</size>
         <input_file_ref idref="fl-a6"/>
      </object_component>
      <object_component id="oc-15c">
         <name>.text:__remull</name>
         <load_address>0xf620</load_address>
         <run_address>0xf620</run_address>
         <size>0xa0</size>
         <input_file_ref idref="fl-a7"/>
      </object_component>
      <object_component id="oc-109">
         <name>.text:_readmsg</name>
         <load_address>0xf6c0</load_address>
         <run_address>0xf6c0</run_address>
         <size>0xa0</size>
         <input_file_ref idref="fl-b8"/>
      </object_component>
      <object_component id="oc-170">
         <name>.text:_unlink</name>
         <load_address>0xf760</load_address>
         <run_address>0xf760</run_address>
         <size>0xa0</size>
         <input_file_ref idref="fl-aa"/>
      </object_component>
      <object_component id="oc-108">
         <name>.text:_writemsg</name>
         <load_address>0xf800</load_address>
         <run_address>0xf800</run_address>
         <size>0xa0</size>
         <input_file_ref idref="fl-b8"/>
      </object_component>
      <object_component id="oc-17">
         <name>.text</name>
         <load_address>0xf8a0</load_address>
         <run_address>0xf8a0</run_address>
         <size>0xa0</size>
         <input_file_ref idref="fl-4"/>
      </object_component>
      <object_component id="oc-105">
         <name>.text:___TI_cpp_init</name>
         <load_address>0xf940</load_address>
         <run_address>0xf940</run_address>
         <size>0x80</size>
         <input_file_ref idref="fl-98"/>
      </object_component>
      <object_component id="oc-16a">
         <name>.text:__fltlid</name>
         <load_address>0xf9c0</load_address>
         <run_address>0xf9c0</run_address>
         <size>0x80</size>
         <input_file_ref idref="fl-a1"/>
      </object_component>
      <object_component id="oc-121">
         <name>.text:__llshl</name>
         <load_address>0xfa40</load_address>
         <run_address>0xfa40</run_address>
         <size>0x80</size>
         <input_file_ref idref="fl-8a"/>
      </object_component>
      <object_component id="oc-e">
         <name>.text:_c_int00</name>
         <load_address>0xfac0</load_address>
         <run_address>0xfac0</run_address>
         <size>0x80</size>
         <input_file_ref idref="fl-86"/>
      </object_component>
      <object_component id="oc-139">
         <name>.text:_memccpy</name>
         <load_address>0xfb40</load_address>
         <run_address>0xfb40</run_address>
         <size>0x80</size>
         <input_file_ref idref="fl-ac"/>
      </object_component>
      <object_component id="oc-14b">
         <name>.text:___isinf</name>
         <load_address>0xfbc0</load_address>
         <run_address>0xfbc0</run_address>
         <size>0x60</size>
         <input_file_ref idref="fl-a8"/>
      </object_component>
      <object_component id="oc-131">
         <name>.text:__llshru</name>
         <load_address>0xfc20</load_address>
         <run_address>0xfc20</run_address>
         <size>0x60</size>
         <input_file_ref idref="fl-8a"/>
      </object_component>
      <object_component id="oc-167">
         <name>.text:__subcull</name>
         <load_address>0xfc80</load_address>
         <run_address>0xfc80</run_address>
         <size>0x60</size>
         <input_file_ref idref="fl-a7"/>
      </object_component>
      <object_component id="oc-14a">
         <name>.text:___isnan</name>
         <load_address>0xfce0</load_address>
         <run_address>0xfce0</run_address>
         <size>0x40</size>
         <input_file_ref idref="fl-93"/>
      </object_component>
      <object_component id="oc-f9">
         <name>.text:__args_main</name>
         <load_address>0xfd20</load_address>
         <run_address>0xfd20</run_address>
         <size>0x40</size>
         <input_file_ref idref="fl-95"/>
      </object_component>
      <object_component id="oc-11e">
         <name>.text:__trunc</name>
         <load_address>0xfd60</load_address>
         <run_address>0xfd60</run_address>
         <size>0x40</size>
         <input_file_ref idref="fl-90"/>
      </object_component>
      <object_component id="oc-118">
         <name>.text:__inpchar</name>
         <load_address>0xfda0</load_address>
         <run_address>0xfda0</run_address>
         <size>0x20</size>
         <input_file_ref idref="fl-89"/>
      </object_component>
      <object_component id="oc-120">
         <name>.text:__negll</name>
         <load_address>0xfdc0</load_address>
         <run_address>0xfdc0</run_address>
         <size>0x20</size>
         <input_file_ref idref="fl-8c"/>
      </object_component>
      <object_component id="oc-fb">
         <name>.text:__nop</name>
         <load_address>0xfde0</load_address>
         <run_address>0xfde0</run_address>
         <size>0x20</size>
         <input_file_ref idref="fl-92"/>
      </object_component>
      <object_component id="oc-114">
         <name>.text:__outc</name>
         <load_address>0xfe00</load_address>
         <run_address>0xfe00</run_address>
         <size>0x20</size>
         <input_file_ref idref="fl-8e"/>
      </object_component>
      <object_component id="oc-113">
         <name>.text:__outs</name>
         <load_address>0xfe20</load_address>
         <run_address>0xfe20</run_address>
         <size>0x20</size>
         <input_file_ref idref="fl-8e"/>
      </object_component>
      <object_component id="oc-116">
         <name>.text:__uninpchar</name>
         <load_address>0xfe40</load_address>
         <run_address>0xfe40</run_address>
         <size>0x20</size>
         <input_file_ref idref="fl-89"/>
      </object_component>
      <object_component id="oc-107">
         <name>.text:_abort</name>
         <load_address>0xfe60</load_address>
         <run_address>0xfe60</run_address>
         <size>0x20</size>
         <input_file_ref idref="fl-87"/>
      </object_component>
      <object_component id="oc-16d">
         <name>.text:_remove</name>
         <load_address>0xfe80</load_address>
         <run_address>0xfe80</run_address>
         <size>0x20</size>
         <input_file_ref idref="fl-c2"/>
      </object_component>
      <object_component id="oc-47">
         <name>.cinit</name>
         <load_address>0x12d70</load_address>
         <run_address>0x12d70</run_address>
         <size>0x140</size>
         <input_file_ref idref="fl-8d"/>
      </object_component>
      <object_component id="oc-75">
         <name>.cinit</name>
         <load_address>0x12eb0</load_address>
         <run_address>0x12eb0</run_address>
         <size>0x5c</size>
         <input_file_ref idref="fl-9b"/>
      </object_component>
      <object_component id="oc-a5">
         <name>.cinit</name>
         <load_address>0x12f10</load_address>
         <run_address>0x12f10</run_address>
         <size>0x5c</size>
         <input_file_ref idref="fl-aa"/>
      </object_component>
      <object_component id="oc-33">
         <name>.cinit</name>
         <load_address>0x12f70</load_address>
         <run_address>0x12f70</run_address>
         <size>0x2c</size>
         <input_file_ref idref="fl-87"/>
      </object_component>
      <object_component id="oc-ed">
         <name>.cinit</name>
         <load_address>0x12fa0</load_address>
         <run_address>0x12fa0</run_address>
         <size>0x2c</size>
         <input_file_ref idref="fl-c0"/>
      </object_component>
      <object_component id="oc-29">
         <name>.cinit</name>
         <load_address>0x12fd0</load_address>
         <run_address>0x12fd0</run_address>
         <size>0x28</size>
         <input_file_ref idref="fl-8"/>
      </object_component>
      <object_component id="oc-58">
         <name>.cinit</name>
         <load_address>0x12ff8</load_address>
         <run_address>0x12ff8</run_address>
         <size>0x1c</size>
         <input_file_ref idref="fl-92"/>
      </object_component>
      <object_component id="oc-7f">
         <name>.cinit</name>
         <load_address>0x13018</load_address>
         <run_address>0x13018</run_address>
         <size>0xc</size>
         <input_file_ref idref="fl-9e"/>
      </object_component>
      <object_component id="oc-e5">
         <name>.cinit</name>
         <load_address>0x13028</load_address>
         <run_address>0x13028</run_address>
         <size>0xc</size>
         <input_file_ref idref="fl-be"/>
      </object_component>
      <object_component id="oc-2f">
         <name>.stack</name>
         <uninitialized>true</uninitialized>
         <run_address>0xfea0</run_address>
         <size>0x8</size>
         <input_file_ref idref="fl-86"/>
      </object_component>
      <object_component id="oc-188">
         <name>.stack</name>
         <uninitialized>true</uninitialized>
         <run_address>0xfea0</run_address>
         <size>0x0</size>
      </object_component>
      <object_component id="oc-ef">
         <name>.sysmem</name>
         <uninitialized>true</uninitialized>
         <run_address>0x10ea0</run_address>
         <size>0x8</size>
         <input_file_ref idref="fl-c0"/>
      </object_component>
      <object_component id="oc-189">
         <name>.sysmem</name>
         <uninitialized>true</uninitialized>
         <run_address>0x10ea0</run_address>
         <size>0x0</size>
      </object_component>
      <object_component id="oc-24">
         <name>.const:.string</name>
         <load_address>0x11ea0</load_address>
         <run_address>0x11ea0</run_address>
         <size>0x680</size>
         <input_file_ref idref="fl-7"/>
      </object_component>
      <object_component id="oc-129">
         <name>.const:.string:__ctypes_</name>
         <load_address>0x12520</load_address>
         <run_address>0x12520</run_address>
         <size>0x101</size>
         <input_file_ref idref="fl-9a"/>
      </object_component>
      <object_component id="oc-8f">
         <name>.const:.string</name>
         <load_address>0x12621</load_address>
         <run_address>0x12621</run_address>
         <size>0x2</size>
         <input_file_ref idref="fl-a3"/>
      </object_component>
      <object_component id="oc-156">
         <name>.const:_digits</name>
         <load_address>0x12628</load_address>
         <run_address>0x12628</run_address>
         <size>0x50</size>
         <input_file_ref idref="fl-b1"/>
      </object_component>
      <object_component id="oc-159">
         <name>.const:_digits</name>
         <load_address>0x12678</load_address>
         <run_address>0x12678</run_address>
         <size>0x50</size>
         <input_file_ref idref="fl-b3"/>
      </object_component>
      <object_component id="oc-158">
         <name>.const:_powerof10</name>
         <load_address>0x126c8</load_address>
         <run_address>0x126c8</run_address>
         <size>0x48</size>
         <input_file_ref idref="fl-b1"/>
      </object_component>
      <object_component id="oc-15a">
         <name>.const:_powerof10</name>
         <load_address>0x12710</load_address>
         <run_address>0x12710</run_address>
         <size>0x48</size>
         <input_file_ref idref="fl-b3"/>
      </object_component>
      <object_component id="oc-5d">
         <name>.const:.string</name>
         <load_address>0x12758</load_address>
         <run_address>0x12758</run_address>
         <size>0x23</size>
         <input_file_ref idref="fl-93"/>
      </object_component>
      <object_component id="oc-10c">
         <name>.const:_$P$T1$2</name>
         <load_address>0x12780</load_address>
         <run_address>0x12780</run_address>
         <size>0x10</size>
         <input_file_ref idref="fl-8"/>
      </object_component>
      <object_component id="oc-10b">
         <name>.const:_$P$T0$1</name>
         <load_address>0x12790</load_address>
         <run_address>0x12790</run_address>
         <size>0x8</size>
         <input_file_ref idref="fl-8"/>
      </object_component>
      <object_component id="oc-13f">
         <name>.const:.string:_flit$1</name>
         <load_address>0x12798</load_address>
         <run_address>0x12798</run_address>
         <size>0x7</size>
         <input_file_ref idref="fl-94"/>
      </object_component>
      <object_component id="oc-140">
         <name>.const:.string:_barr$2</name>
         <load_address>0x127a0</load_address>
         <run_address>0x127a0</run_address>
         <size>0x6</size>
         <input_file_ref idref="fl-94"/>
      </object_component>
      <object_component id="oc-141">
         <name>.switch:__sset_arg</name>
         <load_address>0x1315c</load_address>
         <run_address>0x1315c</run_address>
         <size>0x28</size>
         <input_file_ref idref="fl-94"/>
      </object_component>
      <object_component id="oc-112">
         <name>.switch:_AnalyserListe</name>
         <load_address>0x13184</load_address>
         <run_address>0x13184</run_address>
         <size>0x14</size>
         <input_file_ref idref="fl-7"/>
      </object_component>
      <object_component id="oc-2a">
         <name>.far</name>
         <uninitialized>true</uninitialized>
         <run_address>0x12d40</run_address>
         <size>0x20</size>
         <input_file_ref idref="fl-8"/>
      </object_component>
      <object_component id="oc-34">
         <name>.far</name>
         <uninitialized>true</uninitialized>
         <run_address>0x12d24</run_address>
         <size>0xc</size>
         <input_file_ref idref="fl-87"/>
      </object_component>
      <object_component id="oc-48">
         <name>.far</name>
         <uninitialized>true</uninitialized>
         <run_address>0x12ae8</run_address>
         <size>0x120</size>
         <input_file_ref idref="fl-8d"/>
      </object_component>
      <object_component id="oc-59">
         <name>.far</name>
         <uninitialized>true</uninitialized>
         <run_address>0x12d30</run_address>
         <size>0x8</size>
         <input_file_ref idref="fl-92"/>
      </object_component>
      <object_component id="oc-76">
         <name>.far</name>
         <uninitialized>true</uninitialized>
         <run_address>0x127c0</run_address>
         <size>0x324</size>
         <input_file_ref idref="fl-9b"/>
      </object_component>
      <object_component id="oc-80">
         <name>.far</name>
         <uninitialized>true</uninitialized>
         <run_address>0x12ae4</run_address>
         <size>0x4</size>
         <input_file_ref idref="fl-9e"/>
      </object_component>
      <object_component id="oc-a6">
         <name>.far</name>
         <uninitialized>true</uninitialized>
         <run_address>0x12c08</run_address>
         <size>0x11c</size>
         <input_file_ref idref="fl-aa"/>
      </object_component>
      <object_component id="oc-ce">
         <name>.far</name>
         <uninitialized>true</uninitialized>
         <run_address>0x12d60</run_address>
         <size>0x8</size>
         <input_file_ref idref="fl-b7"/>
      </object_component>
      <object_component id="oc-e6">
         <name>.far</name>
         <uninitialized>true</uninitialized>
         <run_address>0x12d68</run_address>
         <size>0x4</size>
         <input_file_ref idref="fl-be"/>
      </object_component>
      <object_component id="oc-ee">
         <name>.far</name>
         <uninitialized>true</uninitialized>
         <run_address>0x12d38</run_address>
         <size>0x8</size>
         <input_file_ref idref="fl-c0"/>
      </object_component>
      <object_component id="oc-d2">
         <name>.cio</name>
         <uninitialized>true</uninitialized>
         <run_address>0x1303c</run_address>
         <size>0x120</size>
         <input_file_ref idref="fl-b8"/>
      </object_component>
      <object_component id="oc-10">
         <name>.debug_info</name>
         <load_address>0x0</load_address>
         <run_address>0x0</run_address>
         <size>0x173</size>
         <input_file_ref idref="fl-2"/>
      </object_component>
      <object_component id="oc-14">
         <name>.debug_info</name>
         <load_address>0x173</load_address>
         <run_address>0x173</run_address>
         <size>0x15b</size>
         <input_file_ref idref="fl-3"/>
      </object_component>
      <object_component id="oc-18">
         <name>.debug_info</name>
         <load_address>0x2ce</load_address>
         <run_address>0x2ce</run_address>
         <size>0xd6</size>
         <input_file_ref idref="fl-4"/>
      </object_component>
      <object_component id="oc-1c">
         <name>.debug_info</name>
         <load_address>0x3a4</load_address>
         <run_address>0x3a4</run_address>
         <size>0x1e7</size>
         <input_file_ref idref="fl-5"/>
      </object_component>
      <object_component id="oc-20">
         <name>.debug_info</name>
         <load_address>0x58b</load_address>
         <run_address>0x58b</run_address>
         <size>0x153</size>
         <input_file_ref idref="fl-6"/>
      </object_component>
      <object_component id="oc-23">
         <name>.debug_info</name>
         <load_address>0x6de</load_address>
         <run_address>0x6de</run_address>
         <size>0x1da5</size>
         <input_file_ref idref="fl-7"/>
      </object_component>
      <object_component id="oc-28">
         <name>.debug_info</name>
         <load_address>0x2483</load_address>
         <run_address>0x2483</run_address>
         <size>0x8f4</size>
         <input_file_ref idref="fl-8"/>
      </object_component>
      <object_component id="oc-2e">
         <name>.debug_info</name>
         <load_address>0x2d77</load_address>
         <run_address>0x2d77</run_address>
         <size>0x70b</size>
         <input_file_ref idref="fl-86"/>
      </object_component>
      <object_component id="oc-32">
         <name>.debug_info</name>
         <load_address>0x3482</load_address>
         <run_address>0x3482</run_address>
         <size>0x7ff</size>
         <input_file_ref idref="fl-87"/>
      </object_component>
      <object_component id="oc-37">
         <name>.debug_info</name>
         <load_address>0x3c81</load_address>
         <run_address>0x3c81</run_address>
         <size>0x6d7</size>
         <input_file_ref idref="fl-88"/>
      </object_component>
      <object_component id="oc-3a">
         <name>.debug_info</name>
         <load_address>0x4358</load_address>
         <run_address>0x4358</run_address>
         <size>0xc0c</size>
         <input_file_ref idref="fl-89"/>
      </object_component>
      <object_component id="oc-3d">
         <name>.debug_info</name>
         <load_address>0x4f64</load_address>
         <run_address>0x4f64</run_address>
         <size>0x701</size>
         <input_file_ref idref="fl-8a"/>
      </object_component>
      <object_component id="oc-40">
         <name>.debug_info</name>
         <load_address>0x5665</load_address>
         <run_address>0x5665</run_address>
         <size>0x730</size>
         <input_file_ref idref="fl-8b"/>
      </object_component>
      <object_component id="oc-43">
         <name>.debug_info</name>
         <load_address>0x5d95</load_address>
         <run_address>0x5d95</run_address>
         <size>0x618</size>
         <input_file_ref idref="fl-8c"/>
      </object_component>
      <object_component id="oc-46">
         <name>.debug_info</name>
         <load_address>0x63ad</load_address>
         <run_address>0x63ad</run_address>
         <size>0x8b9</size>
         <input_file_ref idref="fl-8d"/>
      </object_component>
      <object_component id="oc-4b">
         <name>.debug_info</name>
         <load_address>0x6c66</load_address>
         <run_address>0x6c66</run_address>
         <size>0x902</size>
         <input_file_ref idref="fl-8e"/>
      </object_component>
      <object_component id="oc-4e">
         <name>.debug_info</name>
         <load_address>0x7568</load_address>
         <run_address>0x7568</run_address>
         <size>0x659</size>
         <input_file_ref idref="fl-8f"/>
      </object_component>
      <object_component id="oc-51">
         <name>.debug_info</name>
         <load_address>0x7bc1</load_address>
         <run_address>0x7bc1</run_address>
         <size>0x651</size>
         <input_file_ref idref="fl-90"/>
      </object_component>
      <object_component id="oc-54">
         <name>.debug_info</name>
         <load_address>0x8212</load_address>
         <run_address>0x8212</run_address>
         <size>0x771</size>
         <input_file_ref idref="fl-91"/>
      </object_component>
      <object_component id="oc-57">
         <name>.debug_info</name>
         <load_address>0x8983</load_address>
         <run_address>0x8983</run_address>
         <size>0x64c</size>
         <input_file_ref idref="fl-92"/>
      </object_component>
      <object_component id="oc-5c">
         <name>.debug_info</name>
         <load_address>0x8fcf</load_address>
         <run_address>0x8fcf</run_address>
         <size>0x2bda</size>
         <input_file_ref idref="fl-93"/>
      </object_component>
      <object_component id="oc-60">
         <name>.debug_info</name>
         <load_address>0xbba9</load_address>
         <run_address>0xbba9</run_address>
         <size>0x1ebc</size>
         <input_file_ref idref="fl-94"/>
      </object_component>
      <object_component id="oc-63">
         <name>.debug_info</name>
         <load_address>0xda65</load_address>
         <run_address>0xda65</run_address>
         <size>0x6e1</size>
         <input_file_ref idref="fl-95"/>
      </object_component>
      <object_component id="oc-66">
         <name>.debug_info</name>
         <load_address>0xe146</load_address>
         <run_address>0xe146</run_address>
         <size>0x722</size>
         <input_file_ref idref="fl-96"/>
      </object_component>
      <object_component id="oc-69">
         <name>.debug_info</name>
         <load_address>0xe868</load_address>
         <run_address>0xe868</run_address>
         <size>0x871</size>
         <input_file_ref idref="fl-97"/>
      </object_component>
      <object_component id="oc-6c">
         <name>.debug_info</name>
         <load_address>0xf0d9</load_address>
         <run_address>0xf0d9</run_address>
         <size>0x6e9</size>
         <input_file_ref idref="fl-98"/>
      </object_component>
      <object_component id="oc-6f">
         <name>.debug_info</name>
         <load_address>0xf7c2</load_address>
         <run_address>0xf7c2</run_address>
         <size>0x7df</size>
         <input_file_ref idref="fl-99"/>
      </object_component>
      <object_component id="oc-72">
         <name>.debug_info</name>
         <load_address>0xffa1</load_address>
         <run_address>0xffa1</run_address>
         <size>0x5fa</size>
         <input_file_ref idref="fl-9a"/>
      </object_component>
      <object_component id="oc-74">
         <name>.debug_info</name>
         <load_address>0x1059b</load_address>
         <run_address>0x1059b</run_address>
         <size>0x6e7</size>
         <input_file_ref idref="fl-9b"/>
      </object_component>
      <object_component id="oc-78">
         <name>.debug_info</name>
         <load_address>0x10c82</load_address>
         <run_address>0x10c82</run_address>
         <size>0x982</size>
         <input_file_ref idref="fl-9c"/>
      </object_component>
      <object_component id="oc-7b">
         <name>.debug_info</name>
         <load_address>0x11604</load_address>
         <run_address>0x11604</run_address>
         <size>0xd0</size>
         <input_file_ref idref="fl-9d"/>
      </object_component>
      <object_component id="oc-7e">
         <name>.debug_info</name>
         <load_address>0x116d4</load_address>
         <run_address>0x116d4</run_address>
         <size>0x5e2</size>
         <input_file_ref idref="fl-9e"/>
      </object_component>
      <object_component id="oc-82">
         <name>.debug_info</name>
         <load_address>0x11cb6</load_address>
         <run_address>0x11cb6</run_address>
         <size>0x7c2</size>
         <input_file_ref idref="fl-9f"/>
      </object_component>
      <object_component id="oc-85">
         <name>.debug_info</name>
         <load_address>0x12478</load_address>
         <run_address>0x12478</run_address>
         <size>0x691</size>
         <input_file_ref idref="fl-a0"/>
      </object_component>
      <object_component id="oc-88">
         <name>.debug_info</name>
         <load_address>0x12b09</load_address>
         <run_address>0x12b09</run_address>
         <size>0x6aa</size>
         <input_file_ref idref="fl-a1"/>
      </object_component>
      <object_component id="oc-8b">
         <name>.debug_info</name>
         <load_address>0x131b3</load_address>
         <run_address>0x131b3</run_address>
         <size>0x82a</size>
         <input_file_ref idref="fl-a2"/>
      </object_component>
      <object_component id="oc-8e">
         <name>.debug_info</name>
         <load_address>0x139dd</load_address>
         <run_address>0x139dd</run_address>
         <size>0xb90</size>
         <input_file_ref idref="fl-a3"/>
      </object_component>
      <object_component id="oc-92">
         <name>.debug_info</name>
         <load_address>0x1456d</load_address>
         <run_address>0x1456d</run_address>
         <size>0x6a4</size>
         <input_file_ref idref="fl-a4"/>
      </object_component>
      <object_component id="oc-95">
         <name>.debug_info</name>
         <load_address>0x14c11</load_address>
         <run_address>0x14c11</run_address>
         <size>0x69b</size>
         <input_file_ref idref="fl-a5"/>
      </object_component>
      <object_component id="oc-98">
         <name>.debug_info</name>
         <load_address>0x152ac</load_address>
         <run_address>0x152ac</run_address>
         <size>0x82f</size>
         <input_file_ref idref="fl-a6"/>
      </object_component>
      <object_component id="oc-9b">
         <name>.debug_info</name>
         <load_address>0x15adb</load_address>
         <run_address>0x15adb</run_address>
         <size>0x83b</size>
         <input_file_ref idref="fl-a7"/>
      </object_component>
      <object_component id="oc-9e">
         <name>.debug_info</name>
         <load_address>0x16316</load_address>
         <run_address>0x16316</run_address>
         <size>0x816</size>
         <input_file_ref idref="fl-a8"/>
      </object_component>
      <object_component id="oc-a1">
         <name>.debug_info</name>
         <load_address>0x16b2c</load_address>
         <run_address>0x16b2c</run_address>
         <size>0x697</size>
         <input_file_ref idref="fl-a9"/>
      </object_component>
      <object_component id="oc-a4">
         <name>.debug_info</name>
         <load_address>0x171c3</load_address>
         <run_address>0x171c3</run_address>
         <size>0x1000</size>
         <input_file_ref idref="fl-aa"/>
      </object_component>
      <object_component id="oc-a9">
         <name>.debug_info</name>
         <load_address>0x181c3</load_address>
         <run_address>0x181c3</run_address>
         <size>0x748</size>
         <input_file_ref idref="fl-ab"/>
      </object_component>
      <object_component id="oc-ac">
         <name>.debug_info</name>
         <load_address>0x1890b</load_address>
         <run_address>0x1890b</run_address>
         <size>0x6ec</size>
         <input_file_ref idref="fl-ac"/>
      </object_component>
      <object_component id="oc-af">
         <name>.debug_info</name>
         <load_address>0x18ff7</load_address>
         <run_address>0x18ff7</run_address>
         <size>0x792</size>
         <input_file_ref idref="fl-ad"/>
      </object_component>
      <object_component id="oc-b2">
         <name>.debug_info</name>
         <load_address>0x19789</load_address>
         <run_address>0x19789</run_address>
         <size>0x680</size>
         <input_file_ref idref="fl-ae"/>
      </object_component>
      <object_component id="oc-b5">
         <name>.debug_info</name>
         <load_address>0x19e09</load_address>
         <run_address>0x19e09</run_address>
         <size>0x6b7</size>
         <input_file_ref idref="fl-af"/>
      </object_component>
      <object_component id="oc-b8">
         <name>.debug_info</name>
         <load_address>0x1a4c0</load_address>
         <run_address>0x1a4c0</run_address>
         <size>0x813</size>
         <input_file_ref idref="fl-b0"/>
      </object_component>
      <object_component id="oc-bb">
         <name>.debug_info</name>
         <load_address>0x1acd3</load_address>
         <run_address>0x1acd3</run_address>
         <size>0x9c3</size>
         <input_file_ref idref="fl-b1"/>
      </object_component>
      <object_component id="oc-be">
         <name>.debug_info</name>
         <load_address>0x1b696</load_address>
         <run_address>0x1b696</run_address>
         <size>0x747</size>
         <input_file_ref idref="fl-b2"/>
      </object_component>
      <object_component id="oc-c1">
         <name>.debug_info</name>
         <load_address>0x1bddd</load_address>
         <run_address>0x1bddd</run_address>
         <size>0x9d4</size>
         <input_file_ref idref="fl-b3"/>
      </object_component>
      <object_component id="oc-c4">
         <name>.debug_info</name>
         <load_address>0x1c7b1</load_address>
         <run_address>0x1c7b1</run_address>
         <size>0x773</size>
         <input_file_ref idref="fl-b4"/>
      </object_component>
      <object_component id="oc-c7">
         <name>.debug_info</name>
         <load_address>0x1cf24</load_address>
         <run_address>0x1cf24</run_address>
         <size>0x72c</size>
         <input_file_ref idref="fl-b5"/>
      </object_component>
      <object_component id="oc-ca">
         <name>.debug_info</name>
         <load_address>0x1d650</load_address>
         <run_address>0x1d650</run_address>
         <size>0x75e</size>
         <input_file_ref idref="fl-b6"/>
      </object_component>
      <object_component id="oc-cd">
         <name>.debug_info</name>
         <load_address>0x1ddae</load_address>
         <run_address>0x1ddae</run_address>
         <size>0xf02</size>
         <input_file_ref idref="fl-b7"/>
      </object_component>
      <object_component id="oc-d1">
         <name>.debug_info</name>
         <load_address>0x1ecb0</load_address>
         <run_address>0x1ecb0</run_address>
         <size>0x8d1</size>
         <input_file_ref idref="fl-b8"/>
      </object_component>
      <object_component id="oc-d5">
         <name>.debug_info</name>
         <load_address>0x1f581</load_address>
         <run_address>0x1f581</run_address>
         <size>0x800</size>
         <input_file_ref idref="fl-b9"/>
      </object_component>
      <object_component id="oc-d8">
         <name>.debug_info</name>
         <load_address>0x1fd81</load_address>
         <run_address>0x1fd81</run_address>
         <size>0x7cd</size>
         <input_file_ref idref="fl-ba"/>
      </object_component>
      <object_component id="oc-db">
         <name>.debug_info</name>
         <load_address>0x2054e</load_address>
         <run_address>0x2054e</run_address>
         <size>0x5cc</size>
         <input_file_ref idref="fl-bb"/>
      </object_component>
      <object_component id="oc-de">
         <name>.debug_info</name>
         <load_address>0x20b1a</load_address>
         <run_address>0x20b1a</run_address>
         <size>0xd0</size>
         <input_file_ref idref="fl-bc"/>
      </object_component>
      <object_component id="oc-e1">
         <name>.debug_info</name>
         <load_address>0x20bea</load_address>
         <run_address>0x20bea</run_address>
         <size>0x781</size>
         <input_file_ref idref="fl-bd"/>
      </object_component>
      <object_component id="oc-e4">
         <name>.debug_info</name>
         <load_address>0x2136b</load_address>
         <run_address>0x2136b</run_address>
         <size>0x885</size>
         <input_file_ref idref="fl-be"/>
      </object_component>
      <object_component id="oc-e9">
         <name>.debug_info</name>
         <load_address>0x21bf0</load_address>
         <run_address>0x21bf0</run_address>
         <size>0x7b9</size>
         <input_file_ref idref="fl-bf"/>
      </object_component>
      <object_component id="oc-ec">
         <name>.debug_info</name>
         <load_address>0x223a9</load_address>
         <run_address>0x223a9</run_address>
         <size>0xb47</size>
         <input_file_ref idref="fl-c0"/>
      </object_component>
      <object_component id="oc-f2">
         <name>.debug_info</name>
         <load_address>0x22ef0</load_address>
         <run_address>0x22ef0</run_address>
         <size>0x806</size>
         <input_file_ref idref="fl-c1"/>
      </object_component>
      <object_component id="oc-f5">
         <name>.debug_info</name>
         <load_address>0x236f6</load_address>
         <run_address>0x236f6</run_address>
         <size>0x664</size>
         <input_file_ref idref="fl-c2"/>
      </object_component>
      <object_component id="oc-18a">
         <name>.debug_info</name>
         <load_address>0x23d5a</load_address>
         <run_address>0x23d5a</run_address>
         <size>0x6e</size>
      </object_component>
      <object_component id="oc-11">
         <name>.debug_line</name>
         <load_address>0x0</load_address>
         <run_address>0x0</run_address>
         <size>0xa3</size>
         <input_file_ref idref="fl-2"/>
      </object_component>
      <object_component id="oc-15">
         <name>.debug_line</name>
         <load_address>0xa3</load_address>
         <run_address>0xa3</run_address>
         <size>0xb4</size>
         <input_file_ref idref="fl-3"/>
      </object_component>
      <object_component id="oc-19">
         <name>.debug_line</name>
         <load_address>0x157</load_address>
         <run_address>0x157</run_address>
         <size>0x5e</size>
         <input_file_ref idref="fl-4"/>
      </object_component>
      <object_component id="oc-1d">
         <name>.debug_line</name>
         <load_address>0x1b5</load_address>
         <run_address>0x1b5</run_address>
         <size>0xb7</size>
         <input_file_ref idref="fl-5"/>
      </object_component>
      <object_component id="oc-21">
         <name>.debug_line</name>
         <load_address>0x26c</load_address>
         <run_address>0x26c</run_address>
         <size>0x8f</size>
         <input_file_ref idref="fl-6"/>
      </object_component>
      <object_component id="oc-26">
         <name>.debug_line</name>
         <load_address>0x2fb</load_address>
         <run_address>0x2fb</run_address>
         <size>0x2f6</size>
         <input_file_ref idref="fl-7"/>
      </object_component>
      <object_component id="oc-2c">
         <name>.debug_line</name>
         <load_address>0x5f1</load_address>
         <run_address>0x5f1</run_address>
         <size>0x53</size>
         <input_file_ref idref="fl-8"/>
      </object_component>
      <object_component id="oc-30">
         <name>.debug_line</name>
         <load_address>0x644</load_address>
         <run_address>0x644</run_address>
         <size>0x3d</size>
         <input_file_ref idref="fl-86"/>
      </object_component>
      <object_component id="oc-35">
         <name>.debug_line</name>
         <load_address>0x681</load_address>
         <run_address>0x681</run_address>
         <size>0x4f</size>
         <input_file_ref idref="fl-87"/>
      </object_component>
      <object_component id="oc-38">
         <name>.debug_line</name>
         <load_address>0x6d0</load_address>
         <run_address>0x6d0</run_address>
         <size>0x3d</size>
         <input_file_ref idref="fl-88"/>
      </object_component>
      <object_component id="oc-3b">
         <name>.debug_line</name>
         <load_address>0x70d</load_address>
         <run_address>0x70d</run_address>
         <size>0x8c</size>
         <input_file_ref idref="fl-89"/>
      </object_component>
      <object_component id="oc-3e">
         <name>.debug_line</name>
         <load_address>0x799</load_address>
         <run_address>0x799</run_address>
         <size>0x56</size>
         <input_file_ref idref="fl-8a"/>
      </object_component>
      <object_component id="oc-41">
         <name>.debug_line</name>
         <load_address>0x7ef</load_address>
         <run_address>0x7ef</run_address>
         <size>0x47</size>
         <input_file_ref idref="fl-8b"/>
      </object_component>
      <object_component id="oc-44">
         <name>.debug_line</name>
         <load_address>0x836</load_address>
         <run_address>0x836</run_address>
         <size>0x37</size>
         <input_file_ref idref="fl-8c"/>
      </object_component>
      <object_component id="oc-49">
         <name>.debug_line</name>
         <load_address>0x86d</load_address>
         <run_address>0x86d</run_address>
         <size>0x5c</size>
         <input_file_ref idref="fl-8d"/>
      </object_component>
      <object_component id="oc-4c">
         <name>.debug_line</name>
         <load_address>0x8c9</load_address>
         <run_address>0x8c9</run_address>
         <size>0x6a</size>
         <input_file_ref idref="fl-8e"/>
      </object_component>
      <object_component id="oc-4f">
         <name>.debug_line</name>
         <load_address>0x933</load_address>
         <run_address>0x933</run_address>
         <size>0x38</size>
         <input_file_ref idref="fl-8f"/>
      </object_component>
      <object_component id="oc-52">
         <name>.debug_line</name>
         <load_address>0x96b</load_address>
         <run_address>0x96b</run_address>
         <size>0x38</size>
         <input_file_ref idref="fl-90"/>
      </object_component>
      <object_component id="oc-55">
         <name>.debug_line</name>
         <load_address>0x9a3</load_address>
         <run_address>0x9a3</run_address>
         <size>0x3d</size>
         <input_file_ref idref="fl-91"/>
      </object_component>
      <object_component id="oc-5a">
         <name>.debug_line</name>
         <load_address>0x9e0</load_address>
         <run_address>0x9e0</run_address>
         <size>0x36</size>
         <input_file_ref idref="fl-92"/>
      </object_component>
      <object_component id="oc-5e">
         <name>.debug_line</name>
         <load_address>0xa16</load_address>
         <run_address>0xa16</run_address>
         <size>0x343</size>
         <input_file_ref idref="fl-93"/>
      </object_component>
      <object_component id="oc-61">
         <name>.debug_line</name>
         <load_address>0xd59</load_address>
         <run_address>0xd59</run_address>
         <size>0x19e</size>
         <input_file_ref idref="fl-94"/>
      </object_component>
      <object_component id="oc-64">
         <name>.debug_line</name>
         <load_address>0xef7</load_address>
         <run_address>0xef7</run_address>
         <size>0x41</size>
         <input_file_ref idref="fl-95"/>
      </object_component>
      <object_component id="oc-67">
         <name>.debug_line</name>
         <load_address>0xf38</load_address>
         <run_address>0xf38</run_address>
         <size>0x41</size>
         <input_file_ref idref="fl-96"/>
      </object_component>
      <object_component id="oc-6a">
         <name>.debug_line</name>
         <load_address>0xf79</load_address>
         <run_address>0xf79</run_address>
         <size>0x47</size>
         <input_file_ref idref="fl-97"/>
      </object_component>
      <object_component id="oc-6d">
         <name>.debug_line</name>
         <load_address>0xfc0</load_address>
         <run_address>0xfc0</run_address>
         <size>0x45</size>
         <input_file_ref idref="fl-98"/>
      </object_component>
      <object_component id="oc-70">
         <name>.debug_line</name>
         <load_address>0x1005</load_address>
         <run_address>0x1005</run_address>
         <size>0x44</size>
         <input_file_ref idref="fl-99"/>
      </object_component>
      <object_component id="oc-79">
         <name>.debug_line</name>
         <load_address>0x1049</load_address>
         <run_address>0x1049</run_address>
         <size>0x3c</size>
         <input_file_ref idref="fl-9c"/>
      </object_component>
      <object_component id="oc-7c">
         <name>.debug_line</name>
         <load_address>0x1085</load_address>
         <run_address>0x1085</run_address>
         <size>0x44</size>
         <input_file_ref idref="fl-9d"/>
      </object_component>
      <object_component id="oc-83">
         <name>.debug_line</name>
         <load_address>0x10c9</load_address>
         <run_address>0x10c9</run_address>
         <size>0x3e</size>
         <input_file_ref idref="fl-9f"/>
      </object_component>
      <object_component id="oc-86">
         <name>.debug_line</name>
         <load_address>0x1107</load_address>
         <run_address>0x1107</run_address>
         <size>0x3d</size>
         <input_file_ref idref="fl-a0"/>
      </object_component>
      <object_component id="oc-89">
         <name>.debug_line</name>
         <load_address>0x1144</load_address>
         <run_address>0x1144</run_address>
         <size>0x3d</size>
         <input_file_ref idref="fl-a1"/>
      </object_component>
      <object_component id="oc-8c">
         <name>.debug_line</name>
         <load_address>0x1181</load_address>
[...]
         <name>___TI_prof_data_size</name>
         <value>0xffffffff</value>
      </symbol>
      <symbol id="sm-15">
         <name>$bss</name>
         <value>0x220</value>
      </symbol>
      <symbol id="sm-3e">
         <name>_AddEntierSigne32bits</name>
         <value>0xd2cc</value>
         <object_component_ref idref="oc-f"/>
      </symbol>
      <symbol id="sm-3f">
         <name>_AddFractionnaire32bits_Q7p24_Q15p16</name>
         <value>0xd30c</value>
         <object_component_ref idref="oc-f"/>
      </symbol>
      <symbol id="sm-40">
         <name>_AddEntierNonSigne32bits</name>
         <value>0xd280</value>
         <object_component_ref idref="oc-f"/>
      </symbol>
      <symbol id="sm-4b">
         <name>_DivFlottant32bits</name>
         <value>0xc3a4</value>
         <object_component_ref idref="oc-13"/>
      </symbol>
      <symbol id="sm-4c">
         <name>_DivSubcNonSigne32bit</name>
         <value>0xc2f0</value>
         <object_component_ref idref="oc-13"/>
      </symbol>
      <symbol id="sm-4d">
         <name>_DivIncrementationNonSigne32bit</name>
         <value>0xc280</value>
         <object_component_ref idref="oc-13"/>
      </symbol>
      <symbol id="sm-56">
         <name>_EncrypterDonnees</name>
         <value>0xf8a0</value>
         <object_component_ref idref="oc-17"/>
      </symbol>
      <symbol id="sm-5e">
         <name>_MpyFlottant64bits</name>
         <value>0xcbe4</value>
         <object_component_ref idref="oc-1b"/>
      </symbol>
      <symbol id="sm-5f">
         <name>_MpyfractionnaireOp32bitsRes64bits_Q7p24_Q15p16</name>
         <value>0xcba0</value>
         <object_component_ref idref="oc-1b"/>
      </symbol>
      <symbol id="sm-60">
         <name>_MpyEntierNonSigneOp32bitsRes64bits</name>
         <value>0xcae0</value>
         <object_component_ref idref="oc-1b"/>
      </symbol>
      <symbol id="sm-61">
         <name>_MpyEntierSigneOp32bitsRes64bits</name>
         <value>0xcb5c</value>
         <object_component_ref idref="oc-1b"/>
      </symbol>
      <symbol id="sm-69">
         <name>_SubFlottant64bits</name>
         <value>0xf108</value>
         <object_component_ref idref="oc-1f"/>
      </symbol>
      <symbol id="sm-6a">
         <name>_SubEntierNonSigne32bits</name>
         <value>0xf080</value>
         <object_component_ref idref="oc-1f"/>
      </symbol>
      <symbol id="sm-6b">
         <name>_SubEntierSigne32bits</name>
         <value>0xf0c8</value>
         <object_component_ref idref="oc-1f"/>
      </symbol>
      <symbol id="sm-163">
         <name>_ObtenirType</name>
         <value>0x220</value>
         <object_component_ref idref="oc-10d"/>
      </symbol>
      <symbol id="sm-164">
         <name>_ChoisirOperandesFractionnaire</name>
         <value>0x134c</value>
         <object_component_ref idref="oc-10d"/>
      </symbol>
      <symbol id="sm-165">
         <name>_ObtenirFormat</name>
         <value>0x2d0</value>
         <object_component_ref idref="oc-10d"/>
      </symbol>
      <symbol id="sm-166">
         <name>_ChoisirOperandesDouble</name>
         <value>0x149c</value>
         <object_component_ref idref="oc-10d"/>
      </symbol>
      <symbol id="sm-167">
         <name>_AnalyserListe</name>
         <value>0x450</value>
         <object_component_ref idref="oc-10d"/>
      </symbol>
      <symbol id="sm-168">
         <name>_ObtenirOperation</name>
         <value>0x384</value>
         <object_component_ref idref="oc-10d"/>
      </symbol>
      <symbol id="sm-169">
         <name>_ChoisirOperandesIntS</name>
         <value>0x12c0</value>
         <object_component_ref idref="oc-10d"/>
      </symbol>
      <symbol id="sm-16a">
         <name>_AffichageResultat</name>
         <value>0x1718</value>
         <object_component_ref idref="oc-10d"/>
      </symbol>
      <symbol id="sm-16b">
         <name>_ConvertirListe</name>
         <value>0x1200</value>
         <object_component_ref idref="oc-10d"/>
      </symbol>
      <symbol id="sm-16c">
         <name>_AfficherDonnees</name>
         <value>0x1160</value>
         <object_component_ref idref="oc-10d"/>
      </symbol>
      <symbol id="sm-16d">
         <name>_ChoisirOperandesFlottant</name>
         <value>0x152c</value>
         <object_component_ref idref="oc-10d"/>
      </symbol>
      <symbol id="sm-16e">
         <name>_ChoisirDonnees</name>
         <value>0x15b8</value>
         <object_component_ref idref="oc-10d"/>
      </symbol>
      <symbol id="sm-16f">
         <name>_EncrypterDonneesC</name>
         <value>0x1644</value>
         <object_component_ref idref="oc-10d"/>
      </symbol>
      <symbol id="sm-170">
         <name>_ChoisirOperandesIntNoS</name>
         <value>0x1234</value>
         <object_component_ref idref="oc-10d"/>
      </symbol>
      <symbol id="sm-18d">
         <name>_main</name>
         <value>0xdba0</value>
         <object_component_ref idref="oc-106"/>
      </symbol>
      <symbol id="sm-18e">
         <name>_TabDonnees</name>
         <value>0x12d40</value>
         <object_component_ref idref="oc-2a"/>
      </symbol>
      <symbol id="sm-19a">
         <name>_c_int00</name>
         <value>0xfac0</value>
         <object_component_ref idref="oc-e"/>
      </symbol>
      <symbol id="sm-19b">
         <name>__stack</name>
         <value>0xfea0</value>
         <object_component_ref idref="oc-2f"/>
      </symbol>
      <symbol id="sm-1ab">
         <name>C$$EXIT</name>
         <value>0xfe60</value>
         <object_component_ref idref="oc-107"/>
      </symbol>
      <symbol id="sm-1ac">
         <name>_exit</name>
         <value>0xed00</value>
         <object_component_ref idref="oc-fa"/>
      </symbol>
      <symbol id="sm-1ad">
         <name>___TI_enable_exit_profile_output</name>
         <value>0x12d2c</value>
         <object_component_ref idref="oc-34"/>
      </symbol>
      <symbol id="sm-1ae">
         <name>_abort</name>
         <value>0xfe60</value>
         <object_component_ref idref="oc-107"/>
      </symbol>
      <symbol id="sm-1af">
         <name>__cleanup_ptr</name>
         <value>0x12d24</value>
         <object_component_ref idref="oc-34"/>
      </symbol>
      <symbol id="sm-1b0">
         <name>__dtors_ptr</name>
         <value>0x12d28</value>
         <object_component_ref idref="oc-34"/>
      </symbol>
      <symbol id="sm-1ba">
         <name>__fltllid</name>
         <value>0xcd80</value>
         <object_component_ref idref="oc-111"/>
      </symbol>
      <symbol id="sm-1ca">
         <name>_scanf</name>
         <value>0xe5c0</value>
         <object_component_ref idref="oc-10f"/>
      </symbol>
      <symbol id="sm-1d6">
         <name>__llshl</name>
         <value>0xfa40</value>
         <object_component_ref idref="oc-121"/>
      </symbol>
      <symbol id="sm-1d7">
         <name>__llshru</name>
         <value>0xfc20</value>
         <object_component_ref idref="oc-131"/>
      </symbol>
      <symbol id="sm-1e1">
         <name>_memset</name>
         <value>0xda80</value>
         <object_component_ref idref="oc-10a"/>
      </symbol>
      <symbol id="sm-1eb">
         <name>__negll</name>
         <value>0xfdc0</value>
         <object_component_ref idref="oc-120"/>
      </symbol>
      <symbol id="sm-1f9">
         <name>_pow</name>
         <value>0x2300</value>
         <object_component_ref idref="oc-110"/>
      </symbol>
      <symbol id="sm-207">
         <name>_printf</name>
         <value>0xe3c0</value>
         <object_component_ref idref="oc-10e"/>
      </symbol>
      <symbol id="sm-211">
         <name>__nround</name>
         <value>0xeb40</value>
         <object_component_ref idref="oc-11d"/>
      </symbol>
      <symbol id="sm-21b">
         <name>__trunc</name>
         <value>0xfd60</value>
         <object_component_ref idref="oc-11e"/>
      </symbol>
      <symbol id="sm-225">
         <name>_ungetc</name>
         <value>0xc980</value>
         <object_component_ref idref="oc-128"/>
      </symbol>
      <symbol id="sm-233">
         <name>__unlock</name>
         <value>0x12d34</value>
         <object_component_ref idref="oc-59"/>
      </symbol>
      <symbol id="sm-234">
         <name>__lock</name>
         <value>0x12d30</value>
         <object_component_ref idref="oc-59"/>
      </symbol>
      <symbol id="sm-235">
         <name>__nop</name>
         <value>0xfde0</value>
         <object_component_ref idref="oc-fb"/>
      </symbol>
      <symbol id="sm-265">
         <name>__printfi</name>
         <value>0x64a0</value>
         <object_component_ref idref="oc-115"/>
      </symbol>
      <symbol id="sm-283">
         <name>__scanfi</name>
         <value>0x1740</value>
         <object_component_ref idref="oc-119"/>
      </symbol>
      <symbol id="sm-28d">
         <name>__args_main</name>
         <value>0xfd20</value>
         <object_component_ref idref="oc-f9"/>
      </symbol>
      <symbol id="sm-28e">
         <name>__TI_args_main</name>
         <value>0x1</value>
      </symbol>
      <symbol id="sm-298">
         <name>_atoi</name>
         <value>0xd000</value>
         <object_component_ref idref="oc-136"/>
      </symbol>
      <symbol id="sm-2a2">
         <name>__auto_init</name>
         <value>0xdec0</value>
         <object_component_ref idref="oc-f8"/>
      </symbol>
      <symbol id="sm-2ac">
         <name>___TI_cpp_init</name>
         <value>0xf940</value>
         <object_component_ref idref="oc-105"/>
      </symbol>
      <symbol id="sm-2b6">
         <name>_copy_in</name>
         <value>0xf220</value>
         <object_component_ref idref="oc-103"/>
      </symbol>
      <symbol id="sm-2be">
         <name>__ctypes_</name>
         <value>0x12520</value>
         <object_component_ref idref="oc-129"/>
      </symbol>
      <symbol id="sm-2c8">
         <name>__tmpnams</name>
         <value>0x129a0</value>
         <object_component_ref idref="oc-76"/>
      </symbol>
      <symbol id="sm-2c9">
         <name>__ft_end</name>
         <value>0x12ae0</value>
         <object_component_ref idref="oc-76"/>
      </symbol>
      <symbol id="sm-2ca">
         <name>__ftable</name>
         <value>0x127c0</value>
         <object_component_ref idref="oc-76"/>
      </symbol>
      <symbol id="sm-2d4">
         <name>__divd</name>
         <value>0x33c0</value>
         <object_component_ref idref="oc-11c"/>
      </symbol>
      <symbol id="sm-2dc">
         <name>__c6xabi_divu</name>
         <value>0xf160</value>
         <object_component_ref idref="oc-16b"/>
      </symbol>
      <symbol id="sm-2dd">
         <name>__divu</name>
         <value>0xf160</value>
         <object_component_ref idref="oc-16b"/>
      </symbol>
      <symbol id="sm-2e7">
         <name>_errno</name>
         <value>0x12ae4</value>
         <object_component_ref idref="oc-80"/>
      </symbol>
      <symbol id="sm-2f1">
         <name>_getc</name>
         <value>0xc100</value>
         <object_component_ref idref="oc-12a"/>
      </symbol>
      <symbol id="sm-2f2">
         <name>_fgetc</name>
         <value>0xc100</value>
         <object_component_ref idref="oc-12a"/>
      </symbol>
      <symbol id="sm-2fc">
         <name>__fixdli</name>
         <value>0xf3a0</value>
         <object_component_ref idref="oc-168"/>
      </symbol>
      <symbol id="sm-306">
         <name>__fltlid</name>
         <value>0xf9c0</value>
         <object_component_ref idref="oc-16a"/>
      </symbol>
      <symbol id="sm-310">
         <name>_putc</name>
         <value>0xa4a0</value>
         <object_component_ref idref="oc-123"/>
      </symbol>
      <symbol id="sm-311">
         <name>_fputc</name>
         <value>0xa4a0</value>
         <object_component_ref idref="oc-123"/>
      </symbol>
      <symbol id="sm-31d">
         <name>_fputs</name>
         <value>0x6f20</value>
         <object_component_ref idref="oc-122"/>
      </symbol>
      <symbol id="sm-327">
         <name>__frcmpyd_div</name>
         <value>0xcec0</value>
         <object_component_ref idref="oc-132"/>
      </symbol>
      <symbol id="sm-331">
         <name>_frexp</name>
         <value>0xd960</value>
         <object_component_ref idref="oc-11a"/>
      </symbol>
      <symbol id="sm-341">
         <name>__divul</name>
         <value>0xa740</value>
         <object_component_ref idref="oc-154"/>
      </symbol>
      <symbol id="sm-342">
         <name>__remli</name>
         <value>0xf4e0</value>
         <object_component_ref idref="oc-16e"/>
      </symbol>
      <symbol id="sm-343">
         <name>__remul</name>
         <value>0xf580</value>
         <object_component_ref idref="oc-15b"/>
      </symbol>
      <symbol id="sm-344">
         <name>__divli</name>
         <value>0xe0c0</value>
         <object_component_ref idref="oc-16f"/>
      </symbol>
      <symbol id="sm-352">
         <name>__subcull</name>
         <value>0xfc80</value>
         <object_component_ref idref="oc-167"/>
      </symbol>
      <symbol id="sm-353">
         <name>__divull</name>
         <value>0x8840</value>
         <object_component_ref idref="oc-155"/>
      </symbol>
      <symbol id="sm-354">
         <name>__remull</name>
         <value>0xf620</value>
         <object_component_ref idref="oc-15c"/>
      </symbol>
      <symbol id="sm-35e">
         <name>___isinf</name>
         <value>0xfbc0</value>
         <object_component_ref idref="oc-14b"/>
      </symbol>
      <symbol id="sm-368">
         <name>_ldexp</name>
         <value>0xbf60</value>
         <object_component_ref idref="oc-11b"/>
      </symbol>
      <symbol id="sm-382">
         <name>_read</name>
         <value>0xe4c0</value>
         <object_component_ref idref="oc-13d"/>
      </symbol>
      <symbol id="sm-383">
         <name>_unlink</name>
         <value>0xf760</value>
         <object_component_ref idref="oc-170"/>
      </symbol>
      <symbol id="sm-384">
         <name>_lseek</name>
         <value>0xe2c0</value>
         <object_component_ref idref="oc-15d"/>
      </symbol>
      <symbol id="sm-385">
         <name>_close</name>
         <value>0xd840</value>
         <object_component_ref idref="oc-16c"/>
      </symbol>
      <symbol id="sm-386">
         <name>_write</name>
         <value>0xe6c0</value>
         <object_component_ref idref="oc-135"/>
      </symbol>
      <symbol id="sm-390">
         <name>_ltoa</name>
         <value>0xd140</value>
         <object_component_ref idref="oc-169"/>
      </symbol>
      <symbol id="sm-39a">
         <name>_memccpy</name>
         <value>0xfb40</value>
         <object_component_ref idref="oc-139"/>
      </symbol>
      <symbol id="sm-3a4">
         <name>_memcpy</name>
         <value>0xae20</value>
         <object_component_ref idref="oc-104"/>
      </symbol>
      <symbol id="sm-3ae">
         <name>_modf</name>
         <value>0xeec0</value>
         <object_component_ref idref="oc-11f"/>
      </symbol>
      <symbol id="sm-3b8">
         <name>__mpyll</name>
         <value>0xf440</value>
         <object_component_ref idref="oc-148"/>
      </symbol>
      <symbol id="sm-3c2">
         <name>_setvbuf</name>
         <value>0x9f40</value>
         <object_component_ref idref="oc-13a"/>
      </symbol>
      <symbol id="sm-3d0">
         <name>_strtod</name>
         <value>0x47e0</value>
         <object_component_ref idref="oc-144"/>
      </symbol>
      <symbol id="sm-3da">
         <name>_strtol</name>
         <value>0x5f20</value>
         <object_component_ref idref="oc-146"/>
      </symbol>
      <symbol id="sm-3e8">
         <name>_strtold</name>
         <value>0x4dc0</value>
         <object_component_ref idref="oc-145"/>
      </symbol>
      <symbol id="sm-3f2">
         <name>_strtoll</name>
         <value>0x53a0</value>
         <object_component_ref idref="oc-147"/>
      </symbol>
      <symbol id="sm-3fc">
         <name>_strtoul</name>
         <value>0x6a00</value>
         <object_component_ref idref="oc-142"/>
      </symbol>
      <symbol id="sm-406">
         <name>_strtoull</name>
         <value>0x73e0</value>
         <object_component_ref idref="oc-143"/>
      </symbol>
      <symbol id="sm-41e">
         <name>_HOSTopen</name>
         <value>0xd3c0</value>
         <object_component_ref idref="oc-fc"/>
      </symbol>
      <symbol id="sm-41f">
         <name>_HOSTread</name>
         <value>0xcc40</value>
         <object_component_ref idref="oc-fe"/>
      </symbol>
      <symbol id="sm-420">
         <name>_HOSTrename</name>
         <value>0xb060</value>
         <object_component_ref idref="oc-102"/>
      </symbol>
      <symbol id="sm-421">
         <name>_HOSTwrite</name>
         <value>0xd4e0</value>
         <object_component_ref idref="oc-ff"/>
      </symbol>
      <symbol id="sm-422">
         <name>_HOSTlseek</name>
         <value>0xc400</value>
         <object_component_ref idref="oc-100"/>
      </symbol>
      <symbol id="sm-423">
         <name>_HOSTunlink</name>
         <value>0xddc0</value>
         <object_component_ref idref="oc-101"/>
      </symbol>
      <symbol id="sm-424">
         <name>_HOSTclose</name>
         <value>0xdcc0</value>
         <object_component_ref idref="oc-fd"/>
      </symbol>
      <symbol id="sm-432">
         <name>C$$IO$$</name>
         <value>0xf878</value>
         <object_component_ref idref="oc-108"/>
      </symbol>
      <symbol id="sm-433">
         <name>__CIOBUF_</name>
         <value>0x1303c</value>
         <object_component_ref idref="oc-d2"/>
      </symbol>
      <symbol id="sm-434">
         <name>_readmsg</name>
         <value>0xf6c0</value>
         <object_component_ref idref="oc-109"/>
      </symbol>
      <symbol id="sm-435">
         <name>_writemsg</name>
         <value>0xf800</value>
         <object_component_ref idref="oc-108"/>
      </symbol>
      <symbol id="sm-43f">
         <name>__buff_read</name>
         <value>0xc560</value>
         <object_component_ref idref="oc-13c"/>
      </symbol>
      <symbol id="sm-44b">
         <name>__rd_ok</name>
         <value>0xec20</value>
         <object_component_ref idref="oc-13b"/>
      </symbol>
      <symbol id="sm-44c">
         <name>__wrt_ok</name>
         <value>0xd720</value>
         <object_component_ref idref="oc-133"/>
      </symbol>
      <symbol id="sm-45b">
         <name>__c6xabi_divi</name>
         <value>0xd600</value>
         <object_component_ref idref="oc-157"/>
      </symbol>
      <symbol id="sm-45c">
         <name>__divi</name>
         <value>0xd600</value>
         <object_component_ref idref="oc-157"/>
      </symbol>
      <symbol id="sm-466">
         <name>__doflush</name>
         <value>0xe8a0</value>
         <object_component_ref idref="oc-134"/>
      </symbol>
      <symbol id="sm-474">
         <name>__cleanup</name>
         <value>0xe7c0</value>
         <object_component_ref idref="oc-153"/>
      </symbol>
      <symbol id="sm-47e">
         <name>_fseek</name>
         <value>0xba60</value>
         <object_component_ref idref="oc-149"/>
      </symbol>
      <symbol id="sm-494">
         <name>__sys_memory</name>
         <value>0x10ea0</value>
         <object_component_ref idref="oc-ef"/>
      </symbol>
      <symbol id="sm-495">
         <name>_free</name>
         <value>0x8f40</value>
         <object_component_ref idref="oc-151"/>
      </symbol>
      <symbol id="sm-496">
         <name>_malloc</name>
         <value>0xabe0</value>
         <object_component_ref idref="oc-152"/>
      </symbol>
      <symbol id="sm-4a0">
         <name>__closefile</name>
         <value>0xc6c0</value>
         <object_component_ref idref="oc-166"/>
      </symbol>
      <symbol id="sm-4aa">
         <name>_remove</name>
         <value>0xfe80</value>
         <object_component_ref idref="oc-16d"/>
      </symbol>
   </symbol_table>
</link_info>
