<?xml version="1.0"?>
<link_info>
   <banner>TMS320C6x Linker PC v7.4.20</banner>
   <copyright>Copyright (c) 1996-2015 Texas Instruments Incorporated</copyright>
   <link_time>0x5a87376a</link_time>
   <output_file>MFCC_algorithme.out</output_file>
   <entry_point>
      <name>_c_int00</name>
      <address>0x8d40</address>
   </entry_point>
   <input_file_list>
      <input_file id="fl-2">
         <path>.\asm\</path>
         <kind>object</kind>
         <file>addition.obj</file>
         <name>addition.obj</name>
      </input_file>
      <input_file id="fl-3">
         <path>.\asm\</path>
         <kind>object</kind>
         <file>divide.obj</file>
         <name>divide.obj</name>
      </input_file>
      <input_file id="fl-4">
         <path>.\asm\</path>
         <kind>object</kind>
         <file>encrypt.obj</file>
         <name>encrypt.obj</name>
      </input_file>
      <input_file id="fl-5">
         <path>.\asm\</path>
         <kind>object</kind>
         <file>multiply.obj</file>
         <name>multiply.obj</name>
      </input_file>
      <input_file id="fl-6">
         <path>.\asm\</path>
         <kind>object</kind>
         <file>substraction.obj</file>
         <name>substraction.obj</name>
      </input_file>
      <input_file id="fl-7">
         <path>.\source\</path>
         <kind>object</kind>
         <file>functions.obj</file>
         <name>functions.obj</name>
      </input_file>
      <input_file id="fl-8">
         <path>.\source\</path>
         <kind>object</kind>
         <file>main.obj</file>
         <name>main.obj</name>
      </input_file>
      <input_file id="fl-87">
         <path>C:\ti\ccsv7\tools\compiler\c6000_7.4.20\lib\</path>
         <kind>archive</kind>
         <file>rts6700.lib</file>
         <name>boot.obj</name>
      </input_file>
      <input_file id="fl-88">
         <path>C:\ti\ccsv7\tools\compiler\c6000_7.4.20\lib\</path>
         <kind>archive</kind>
         <file>rts6700.lib</file>
         <name>exit.obj</name>
      </input_file>
      <input_file id="fl-89">
         <path>C:\ti\ccsv7\tools\compiler\c6000_7.4.20\lib\</path>
         <kind>archive</kind>
         <file>rts6700.lib</file>
         <name>printf.obj</name>
      </input_file>
      <input_file id="fl-8a">
         <path>C:\ti\ccsv7\tools\compiler\c6000_7.4.20\lib\</path>
         <kind>archive</kind>
         <file>rts6700.lib</file>
         <name>_lock.obj</name>
      </input_file>
      <input_file id="fl-8b">
         <path>C:\ti\ccsv7\tools\compiler\c6000_7.4.20\lib\</path>
         <kind>archive</kind>
         <file>rts6700.lib</file>
         <name>_printfi.obj</name>
      </input_file>
      <input_file id="fl-8c">
         <path>C:\ti\ccsv7\tools\compiler\c6000_7.4.20\lib\</path>
         <kind>archive</kind>
         <file>rts6700.lib</file>
         <name>args_main.obj</name>
      </input_file>
      <input_file id="fl-8d">
         <path>C:\ti\ccsv7\tools\compiler\c6000_7.4.20\lib\</path>
         <kind>archive</kind>
         <file>rts6700.lib</file>
         <name>atoi.obj</name>
      </input_file>
      <input_file id="fl-8e">
         <path>C:\ti\ccsv7\tools\compiler\c6000_7.4.20\lib\</path>
         <kind>archive</kind>
         <file>rts6700.lib</file>
         <name>autoinit.obj</name>
      </input_file>
      <input_file id="fl-8f">
         <path>C:\ti\ccsv7\tools\compiler\c6000_7.4.20\lib\</path>
         <kind>archive</kind>
         <file>rts6700.lib</file>
         <name>cpp_init.obj</name>
      </input_file>
      <input_file id="fl-90">
         <path>C:\ti\ccsv7\tools\compiler\c6000_7.4.20\lib\</path>
         <kind>archive</kind>
         <file>rts6700.lib</file>
         <name>cpy_tbl.obj</name>
      </input_file>
      <input_file id="fl-91">
         <path>C:\ti\ccsv7\tools\compiler\c6000_7.4.20\lib\</path>
         <kind>archive</kind>
         <file>rts6700.lib</file>
         <name>ctype.obj</name>
      </input_file>
      <input_file id="fl-92">
         <path>C:\ti\ccsv7\tools\compiler\c6000_7.4.20\lib\</path>
         <kind>archive</kind>
         <file>rts6700.lib</file>
         <name>defs.obj</name>
      </input_file>
      <input_file id="fl-93">
         <path>C:\ti\ccsv7\tools\compiler\c6000_7.4.20\lib\</path>
         <kind>archive</kind>
         <file>rts6700.lib</file>
         <name>divd.obj</name>
      </input_file>
      <input_file id="fl-94">
         <path>C:\ti\ccsv7\tools\compiler\c6000_7.4.20\lib\</path>
         <kind>archive</kind>
         <file>rts6700.lib</file>
         <name>divu.obj</name>
      </input_file>
      <input_file id="fl-95">
         <path>C:\ti\ccsv7\tools\compiler\c6000_7.4.20\lib\</path>
         <kind>archive</kind>
         <file>rts6700.lib</file>
         <name>fixdli.obj</name>
      </input_file>
      <input_file id="fl-96">
         <path>C:\ti\ccsv7\tools\compiler\c6000_7.4.20\lib\</path>
         <kind>archive</kind>
         <file>rts6700.lib</file>
         <name>fltlid.obj</name>
      </input_file>
      <input_file id="fl-97">
         <path>C:\ti\ccsv7\tools\compiler\c6000_7.4.20\lib\</path>
         <kind>archive</kind>
         <file>rts6700.lib</file>
         <name>fputc.obj</name>
      </input_file>
      <input_file id="fl-98">
         <path>C:\ti\ccsv7\tools\compiler\c6000_7.4.20\lib\</path>
         <kind>archive</kind>
         <file>rts6700.lib</file>
         <name>fputs.obj</name>
      </input_file>
      <input_file id="fl-99">
         <path>C:\ti\ccsv7\tools\compiler\c6000_7.4.20\lib\</path>
         <kind>archive</kind>
         <file>rts6700.lib</file>
         <name>frcmpyd_div.obj</name>
      </input_file>
      <input_file id="fl-9a">
         <path>C:\ti\ccsv7\tools\compiler\c6000_7.4.20\lib\</path>
         <kind>archive</kind>
         <file>rts6700.lib</file>
         <name>imath40.obj</name>
      </input_file>
      <input_file id="fl-9b">
         <path>C:\ti\ccsv7\tools\compiler\c6000_7.4.20\lib\</path>
         <kind>archive</kind>
         <file>rts6700.lib</file>
         <name>imath64.obj</name>
      </input_file>
      <input_file id="fl-9c">
         <path>C:\ti\ccsv7\tools\compiler\c6000_7.4.20\lib\</path>
         <kind>archive</kind>
         <file>rts6700.lib</file>
         <name>isinf.obj</name>
      </input_file>
      <input_file id="fl-9d">
         <path>C:\ti\ccsv7\tools\compiler\c6000_7.4.20\lib\</path>
         <kind>archive</kind>
         <file>rts6700.lib</file>
         <name>llshift.obj</name>
      </input_file>
      <input_file id="fl-9e">
         <path>C:\ti\ccsv7\tools\compiler\c6000_7.4.20\lib\</path>
         <kind>archive</kind>
         <file>rts6700.lib</file>
         <name>lowlev.obj</name>
      </input_file>
      <input_file id="fl-9f">
         <path>C:\ti\ccsv7\tools\compiler\c6000_7.4.20\lib\</path>
         <kind>archive</kind>
         <file>rts6700.lib</file>
         <name>ltoa.obj</name>
      </input_file>
      <input_file id="fl-a0">
         <path>C:\ti\ccsv7\tools\compiler\c6000_7.4.20\lib\</path>
         <kind>archive</kind>
         <file>rts6700.lib</file>
         <name>memccpy.obj</name>
      </input_file>
      <input_file id="fl-a1">
         <path>C:\ti\ccsv7\tools\compiler\c6000_7.4.20\lib\</path>
         <kind>archive</kind>
         <file>rts6700.lib</file>
         <name>memcpy62.obj</name>
      </input_file>
      <input_file id="fl-a2">
         <path>C:\ti\ccsv7\tools\compiler\c6000_7.4.20\lib\</path>
         <kind>archive</kind>
         <file>rts6700.lib</file>
         <name>memset.obj</name>
      </input_file>
      <input_file id="fl-a3">
         <path>C:\ti\ccsv7\tools\compiler\c6000_7.4.20\lib\</path>
         <kind>archive</kind>
         <file>rts6700.lib</file>
         <name>mpyll.obj</name>
      </input_file>
      <input_file id="fl-a4">
         <path>C:\ti\ccsv7\tools\compiler\c6000_7.4.20\lib\</path>
         <kind>archive</kind>
         <file>rts6700.lib</file>
         <name>negll.obj</name>
      </input_file>
      <input_file id="fl-a5">
         <path>C:\ti\ccsv7\tools\compiler\c6000_7.4.20\lib\</path>
         <kind>archive</kind>
         <file>rts6700.lib</file>
         <name>trgdrv.obj</name>
      </input_file>
      <input_file id="fl-a6">
         <path>C:\ti\ccsv7\tools\compiler\c6000_7.4.20\lib\</path>
         <kind>archive</kind>
         <file>rts6700.lib</file>
         <name>trgmsg.obj</name>
      </input_file>
      <input_file id="fl-a7">
         <path>C:\ti\ccsv7\tools\compiler\c6000_7.4.20\lib\</path>
         <kind>archive</kind>
         <file>rts6700.lib</file>
         <name>_io_perm.obj</name>
      </input_file>
      <input_file id="fl-a8">
         <path>C:\ti\ccsv7\tools\compiler\c6000_7.4.20\lib\</path>
         <kind>archive</kind>
         <file>rts6700.lib</file>
         <name>abs.obj</name>
      </input_file>
      <input_file id="fl-a9">
         <path>C:\ti\ccsv7\tools\compiler\c6000_7.4.20\lib\</path>
         <kind>archive</kind>
         <file>rts6700.lib</file>
         <name>fflush.obj</name>
      </input_file>
      <input_file id="fl-aa">
         <path>C:\ti\ccsv7\tools\compiler\c6000_7.4.20\lib\</path>
         <kind>archive</kind>
         <file>rts6700.lib</file>
         <name>fseek.obj</name>
      </input_file>
      <input_file id="fl-ab">
         <path>C:\ti\ccsv7\tools\compiler\c6000_7.4.20\lib\</path>
         <kind>archive</kind>
         <file>rts6700.lib</file>
         <name>setvbuf.obj</name>
      </input_file>
      <input_file id="fl-ac">
         <path>C:\ti\ccsv7\tools\compiler\c6000_7.4.20\lib\</path>
         <kind>archive</kind>
         <file>rts6700.lib</file>
         <name>fopen.obj</name>
      </input_file>
      <input_file id="fl-ad">
         <path>C:\ti\ccsv7\tools\compiler\c6000_7.4.20\lib\</path>
         <kind>archive</kind>
         <file>rts6700.lib</file>
         <name>memory.obj</name>
      </input_file>
      <input_file id="fl-ae">
         <path>C:\ti\ccsv7\tools\compiler\c6000_7.4.20\lib\</path>
         <kind>archive</kind>
         <file>rts6700.lib</file>
         <name>fclose.obj</name>
      </input_file>
      <input_file id="fl-af">
         <path>C:\ti\ccsv7\tools\compiler\c6000_7.4.20\lib\</path>
         <kind>archive</kind>
         <file>rts6700.lib</file>
         <name>remove.obj</name>
      </input_file>
      <input_file id="fl-b0">
         <path>C:\ti\ccsv7\ccs_base\C6700\dsplib\lib\</path>
         <kind>archive</kind>
         <file>dsp67x.lib</file>
         <name>DSPF_sp_cfftr4_dif.obj</name>
      </input_file>
   </input_file_list>
   <object_component_list>
      <object_component id="oc-f6">
         <name>.text:__divd</name>
         <load_address>0x220</load_address>
         <run_address>0x220</run_address>
         <size>0x720</size>
         <input_file_ref idref="fl-93"/>
      </object_component>
      <object_component id="oc-ea">
         <name>.text:__getarg_diouxp</name>
         <load_address>0x940</load_address>
         <run_address>0x940</run_address>
         <size>0x6c0</size>
         <input_file_ref idref="fl-8b"/>
      </object_component>
      <object_component id="oc-d8">
         <name>.text:__setfield</name>
         <load_address>0x1000</load_address>
         <run_address>0x1000</run_address>
         <size>0x640</size>
         <input_file_ref idref="fl-8b"/>
      </object_component>
      <object_component id="oc-d3">
         <name>.text:__printfi</name>
         <load_address>0x1640</load_address>
         <run_address>0x1640</run_address>
         <size>0x560</size>
         <input_file_ref idref="fl-8b"/>
      </object_component>
      <object_component id="oc-d4">
         <name>.text:_fputs</name>
         <load_address>0x1ba0</load_address>
         <run_address>0x1ba0</run_address>
         <size>0x4c0</size>
         <input_file_ref idref="fl-98"/>
      </object_component>
      <object_component id="oc-b7">
         <name>.text</name>
         <load_address>0x2060</load_address>
         <run_address>0x2060</run_address>
         <size>0x4a0</size>
         <input_file_ref idref="fl-b0"/>
      </object_component>
      <object_component id="oc-f4">
         <name>.text:_fcvt</name>
         <load_address>0x2500</load_address>
         <run_address>0x2500</run_address>
         <size>0x420</size>
         <input_file_ref idref="fl-8b"/>
      </object_component>
      <object_component id="oc-df">
         <name>.text:__pproc_fge</name>
         <load_address>0x2920</load_address>
         <run_address>0x2920</run_address>
         <size>0x400</size>
         <input_file_ref idref="fl-8b"/>
      </object_component>
      <object_component id="oc-f1">
         <name>.text:_ecvt</name>
         <load_address>0x2d20</load_address>
         <run_address>0x2d20</run_address>
         <size>0x400</size>
         <input_file_ref idref="fl-8b"/>
      </object_component>
      <object_component id="oc-103">
         <name>.text:__divull</name>
         <load_address>0x3120</load_address>
         <run_address>0x3120</run_address>
         <size>0x380</size>
         <input_file_ref idref="fl-9b"/>
      </object_component>
      <object_component id="oc-ee">
         <name>.text:_free</name>
         <load_address>0x34a0</load_address>
         <run_address>0x34a0</run_address>
         <size>0x380</size>
         <input_file_ref idref="fl-ad"/>
      </object_component>
      <object_component id="oc-e9">
         <name>.text:__pconv_e</name>
         <load_address>0x3820</load_address>
         <run_address>0x3820</run_address>
         <size>0x360</size>
         <input_file_ref idref="fl-8b"/>
      </object_component>
      <object_component id="oc-d7">
         <name>.text:__pproc_fwp</name>
         <load_address>0x3b80</load_address>
         <run_address>0x3b80</run_address>
         <size>0x360</size>
         <input_file_ref idref="fl-8b"/>
      </object_component>
      <object_component id="oc-cd">
         <name>.text</name>
         <load_address>0x3ee0</load_address>
         <run_address>0x3ee0</run_address>
         <size>0x340</size>
         <input_file_ref idref="fl-7"/>
      </object_component>
      <object_component id="oc-e0">
         <name>.text:__pproc_diouxp</name>
         <load_address>0x4220</load_address>
         <run_address>0x4220</run_address>
         <size>0x300</size>
         <input_file_ref idref="fl-8b"/>
      </object_component>
      <object_component id="oc-d9">
         <name>.text:__pproc_str</name>
         <load_address>0x4520</load_address>
         <run_address>0x4520</run_address>
         <size>0x2c0</size>
         <input_file_ref idref="fl-8b"/>
      </object_component>
      <object_component id="oc-e3">
         <name>.text:_setvbuf</name>
         <load_address>0x47e0</load_address>
         <run_address>0x47e0</run_address>
         <size>0x2c0</size>
         <input_file_ref idref="fl-ab"/>
      </object_component>
      <object_component id="oc-e7">
         <name>.text:__pconv_g</name>
         <load_address>0x4aa0</load_address>
         <run_address>0x4aa0</run_address>
         <size>0x2a0</size>
         <input_file_ref idref="fl-8b"/>
      </object_component>
      <object_component id="oc-d5">
         <name>.text:_fputc</name>
         <load_address>0x4d40</load_address>
         <run_address>0x4d40</run_address>
         <size>0x2a0</size>
         <input_file_ref idref="fl-97"/>
      </object_component>
      <object_component id="oc-102">
         <name>.text:__divul</name>
         <load_address>0x4fe0</load_address>
         <run_address>0x4fe0</run_address>
         <size>0x260</size>
         <input_file_ref idref="fl-9a"/>
      </object_component>
      <object_component id="oc-f3">
         <name>.text:__mcpy</name>
         <load_address>0x5240</load_address>
         <run_address>0x5240</run_address>
         <size>0x240</size>
         <input_file_ref idref="fl-8b"/>
      </object_component>
      <object_component id="oc-ef">
         <name>.text:_malloc</name>
         <load_address>0x5480</load_address>
         <run_address>0x5480</run_address>
         <size>0x240</size>
         <input_file_ref idref="fl-ad"/>
      </object_component>
      <object_component id="oc-c7">
         <name>.text:_memcpy</name>
         <load_address>0x56c0</load_address>
         <run_address>0x56c0</run_address>
         <size>0x240</size>
         <input_file_ref idref="fl-a1"/>
      </object_component>
      <object_component id="oc-c5">
         <name>.text:_HOSTrename</name>
         <load_address>0x5900</load_address>
         <run_address>0x5900</run_address>
         <size>0x220</size>
         <input_file_ref idref="fl-a5"/>
      </object_component>
      <object_component id="oc-10b">
         <name>.text:_getdevice</name>
         <load_address>0x5b20</load_address>
         <run_address>0x5b20</run_address>
         <size>0x1e0</size>
         <input_file_ref idref="fl-9e"/>
      </object_component>
      <object_component id="oc-e2">
         <name>.text:_fseek</name>
         <load_address>0x5d00</load_address>
         <run_address>0x5d00</run_address>
         <size>0x1c0</size>
         <input_file_ref idref="fl-aa"/>
      </object_component>
      <object_component id="oc-ec">
         <name>.text:__ltostr</name>
         <load_address>0x5ec0</load_address>
         <run_address>0x5ec0</run_address>
         <size>0x1a0</size>
         <input_file_ref idref="fl-8b"/>
      </object_component>
      <object_component id="oc-d6">
         <name>.text:__pproc_fflags</name>
         <load_address>0x6060</load_address>
         <run_address>0x6060</run_address>
         <size>0x1a0</size>
         <input_file_ref idref="fl-8b"/>
      </object_component>
      <object_component id="oc-c9">
         <name>.text</name>
         <load_address>0x6200</load_address>
         <run_address>0x6200</run_address>
         <size>0x1a0</size>
         <input_file_ref idref="fl-8"/>
      </object_component>
      <object_component id="oc-13">
         <name>.text</name>
         <load_address>0x63a0</load_address>
         <run_address>0x63a0</run_address>
         <size>0x180</size>
         <input_file_ref idref="fl-3"/>
      </object_component>
      <object_component id="oc-c3">
         <name>.text:_HOSTlseek</name>
         <load_address>0x6520</load_address>
         <run_address>0x6520</run_address>
         <size>0x160</size>
         <input_file_ref idref="fl-a5"/>
      </object_component>
      <object_component id="oc-fb">
         <name>.text:__closefile</name>
         <load_address>0x6680</load_address>
         <run_address>0x6680</run_address>
         <size>0x160</size>
         <input_file_ref idref="fl-ae"/>
      </object_component>
      <object_component id="oc-1b">
         <name>.text</name>
         <load_address>0x67e0</load_address>
         <run_address>0x67e0</run_address>
         <size>0x160</size>
         <input_file_ref idref="fl-5"/>
      </object_component>
      <object_component id="oc-c1">
         <name>.text:_HOSTread</name>
         <load_address>0x6940</load_address>
         <run_address>0x6940</run_address>
         <size>0x140</size>
         <input_file_ref idref="fl-a5"/>
      </object_component>
      <object_component id="oc-100">
         <name>.text:__frcmpyd_div</name>
         <load_address>0x6a80</load_address>
         <run_address>0x6a80</run_address>
         <size>0x140</size>
         <input_file_ref idref="fl-99"/>
      </object_component>
      <object_component id="oc-de">
         <name>.text:_atoi</name>
         <load_address>0x6bc0</load_address>
         <run_address>0x6bc0</run_address>
         <size>0x140</size>
         <input_file_ref idref="fl-8d"/>
      </object_component>
      <object_component id="oc-fd">
         <name>.text:_ltoa</name>
         <load_address>0x6d00</load_address>
         <run_address>0x6d00</run_address>
         <size>0x140</size>
         <input_file_ref idref="fl-9f"/>
      </object_component>
      <object_component id="oc-f">
         <name>.text</name>
         <load_address>0x6e40</load_address>
         <run_address>0x6e40</run_address>
         <size>0x140</size>
         <input_file_ref idref="fl-2"/>
      </object_component>
      <object_component id="oc-bf">
         <name>.text:_HOSTopen</name>
         <load_address>0x6f80</load_address>
         <run_address>0x6f80</run_address>
         <size>0x120</size>
         <input_file_ref idref="fl-a5"/>
      </object_component>
      <object_component id="oc-c2">
         <name>.text:_HOSTwrite</name>
         <load_address>0x70a0</load_address>
         <run_address>0x70a0</run_address>
         <size>0x120</size>
         <input_file_ref idref="fl-a5"/>
      </object_component>
      <object_component id="oc-da">
         <name>.text:__wrt_ok</name>
         <load_address>0x71c0</load_address>
         <run_address>0x71c0</run_address>
         <size>0x120</size>
         <input_file_ref idref="fl-a7"/>
      </object_component>
      <object_component id="oc-104">
         <name>.text:_close</name>
         <load_address>0x72e0</load_address>
         <run_address>0x72e0</run_address>
         <size>0x120</size>
         <input_file_ref idref="fl-9e"/>
      </object_component>
      <object_component id="oc-dd">
         <name>.text:_memset</name>
         <load_address>0x7400</load_address>
         <run_address>0x7400</run_address>
         <size>0x120</size>
         <input_file_ref idref="fl-a2"/>
      </object_component>
      <object_component id="oc-c0">
         <name>.text:_HOSTclose</name>
         <load_address>0x7520</load_address>
         <run_address>0x7520</run_address>
         <size>0x100</size>
         <input_file_ref idref="fl-a5"/>
      </object_component>
      <object_component id="oc-c4">
         <name>.text:_HOSTunlink</name>
         <load_address>0x7620</load_address>
         <run_address>0x7620</run_address>
         <size>0x100</size>
         <input_file_ref idref="fl-a5"/>
      </object_component>
      <object_component id="oc-bb">
         <name>.text:__auto_init</name>
         <load_address>0x7720</load_address>
         <run_address>0x7720</run_address>
         <size>0x100</size>
         <input_file_ref idref="fl-8e"/>
      </object_component>
      <object_component id="oc-f7">
         <name>.text:__div</name>
         <load_address>0x7820</load_address>
         <run_address>0x7820</run_address>
         <size>0x100</size>
         <input_file_ref idref="fl-8b"/>
      </object_component>
      <object_component id="oc-107">
         <name>.text:__divli</name>
         <load_address>0x7920</load_address>
         <run_address>0x7920</run_address>
         <size>0x100</size>
         <input_file_ref idref="fl-9a"/>
      </object_component>
      <object_component id="oc-e8">
         <name>.text:__pconv_f</name>
         <load_address>0x7a20</load_address>
         <run_address>0x7a20</run_address>
         <size>0x100</size>
         <input_file_ref idref="fl-8b"/>
      </object_component>
      <object_component id="oc-ed">
         <name>.text:_lseek</name>
         <load_address>0x7b20</load_address>
         <run_address>0x7b20</run_address>
         <size>0x100</size>
         <input_file_ref idref="fl-9e"/>
      </object_component>
      <object_component id="oc-ce">
         <name>.text:_printf</name>
         <load_address>0x7c20</load_address>
         <run_address>0x7c20</run_address>
         <size>0x100</size>
         <input_file_ref idref="fl-89"/>
      </object_component>
      <object_component id="oc-dc">
         <name>.text:_write</name>
         <load_address>0x7d20</load_address>
         <run_address>0x7d20</run_address>
         <size>0x100</size>
         <input_file_ref idref="fl-9e"/>
      </object_component>
      <object_component id="oc-f0">
         <name>.text:__cleanup</name>
         <load_address>0x7e20</load_address>
         <run_address>0x7e20</run_address>
         <size>0xe0</size>
         <input_file_ref idref="fl-ac"/>
      </object_component>
      <object_component id="oc-db">
         <name>.text:__doflush</name>
         <load_address>0x7f00</load_address>
         <run_address>0x7f00</run_address>
         <size>0xe0</size>
         <input_file_ref idref="fl-a9"/>
      </object_component>
      <object_component id="oc-f2">
         <name>.text:__ecpy</name>
         <load_address>0x7fe0</load_address>
         <run_address>0x7fe0</run_address>
         <size>0xe0</size>
         <input_file_ref idref="fl-8b"/>
      </object_component>
      <object_component id="oc-f5">
         <name>.text:__fcpy</name>
         <load_address>0x80c0</load_address>
         <run_address>0x80c0</run_address>
         <size>0xe0</size>
         <input_file_ref idref="fl-8b"/>
      </object_component>
      <object_component id="oc-bd">
         <name>.text:_exit</name>
         <load_address>0x81a0</load_address>
         <run_address>0x81a0</run_address>
         <size>0xe0</size>
         <input_file_ref idref="fl-88"/>
      </object_component>
      <object_component id="oc-fa">
         <name>.text:_minsert</name>
         <load_address>0x8280</load_address>
         <run_address>0x8280</run_address>
         <size>0xe0</size>
         <input_file_ref idref="fl-ad"/>
      </object_component>
      <object_component id="oc-f9">
         <name>.text:_mremove</name>
         <load_address>0x8360</load_address>
         <run_address>0x8360</run_address>
         <size>0xe0</size>
         <input_file_ref idref="fl-ad"/>
      </object_component>
      <object_component id="oc-1f">
         <name>.text</name>
         <load_address>0x8440</load_address>
         <run_address>0x8440</run_address>
         <size>0xe0</size>
         <input_file_ref idref="fl-6"/>
      </object_component>
      <object_component id="oc-101">
         <name>.text:__divu</name>
         <load_address>0x8520</load_address>
         <run_address>0x8520</run_address>
         <size>0xc0</size>
         <input_file_ref idref="fl-94"/>
      </object_component>
      <object_component id="oc-c6">
         <name>.text:_copy_in</name>
         <load_address>0x85e0</load_address>
         <run_address>0x85e0</run_address>
         <size>0xc0</size>
         <input_file_ref idref="fl-90"/>
      </object_component>
      <object_component id="oc-10c">
         <name>.text:_finddevice</name>
         <load_address>0x86a0</load_address>
         <run_address>0x86a0</run_address>
         <size>0xc0</size>
         <input_file_ref idref="fl-9e"/>
      </object_component>
      <object_component id="oc-fc">
         <name>.text:__fixdli</name>
         <load_address>0x8760</load_address>
         <run_address>0x8760</run_address>
         <size>0xa0</size>
         <input_file_ref idref="fl-95"/>
      </object_component>
      <object_component id="oc-f8">
         <name>.text:__mpyll</name>
         <load_address>0x8800</load_address>
         <run_address>0x8800</run_address>
         <size>0xa0</size>
         <input_file_ref idref="fl-a3"/>
      </object_component>
      <object_component id="oc-106">
         <name>.text:__remli</name>
         <load_address>0x88a0</load_address>
         <run_address>0x88a0</run_address>
         <size>0xa0</size>
         <input_file_ref idref="fl-9a"/>
      </object_component>
      <object_component id="oc-cc">
         <name>.text:_readmsg</name>
         <load_address>0x8940</load_address>
         <run_address>0x8940</run_address>
         <size>0xa0</size>
         <input_file_ref idref="fl-a6"/>
      </object_component>
      <object_component id="oc-10a">
         <name>.text:_unlink</name>
         <load_address>0x89e0</load_address>
         <run_address>0x89e0</run_address>
         <size>0xa0</size>
         <input_file_ref idref="fl-9e"/>
      </object_component>
      <object_component id="oc-cb">
         <name>.text:_writemsg</name>
         <load_address>0x8a80</load_address>
         <run_address>0x8a80</run_address>
         <size>0xa0</size>
         <input_file_ref idref="fl-a6"/>
      </object_component>
      <object_component id="oc-17">
         <name>.text</name>
         <load_address>0x8b20</load_address>
         <run_address>0x8b20</run_address>
         <size>0xa0</size>
         <input_file_ref idref="fl-4"/>
      </object_component>
      <object_component id="oc-c8">
         <name>.text:___TI_cpp_init</name>
         <load_address>0x8bc0</load_address>
         <run_address>0x8bc0</run_address>
         <size>0x80</size>
         <input_file_ref idref="fl-8f"/>
      </object_component>
      <object_component id="oc-fe">
         <name>.text:__fltlid</name>
         <load_address>0x8c40</load_address>
         <run_address>0x8c40</run_address>
         <size>0x80</size>
         <input_file_ref idref="fl-96"/>
      </object_component>
      <object_component id="oc-108">
         <name>.text:__llshl</name>
         <load_address>0x8cc0</load_address>
         <run_address>0x8cc0</run_address>
         <size>0x80</size>
         <input_file_ref idref="fl-9d"/>
      </object_component>
      <object_component id="oc-e">
         <name>.text:_c_int00</name>
         <load_address>0x8d40</load_address>
         <run_address>0x8d40</run_address>
         <size>0x80</size>
         <input_file_ref idref="fl-87"/>
      </object_component>
      <object_component id="oc-e1">
         <name>.text:_memccpy</name>
         <load_address>0x8dc0</load_address>
         <run_address>0x8dc0</run_address>
         <size>0x80</size>
         <input_file_ref idref="fl-a0"/>
      </object_component>
      <object_component id="oc-e6">
         <name>.text:___isinf</name>
         <load_address>0x8e40</load_address>
         <run_address>0x8e40</run_address>
         <size>0x60</size>
         <input_file_ref idref="fl-9c"/>
      </object_component>
      <object_component id="oc-ff">
         <name>.text:__llshru</name>
         <load_address>0x8ea0</load_address>
         <run_address>0x8ea0</run_address>
         <size>0x60</size>
         <input_file_ref idref="fl-9d"/>
      </object_component>
      <object_component id="oc-109">
         <name>.text:__subcull</name>
         <load_address>0x8f00</load_address>
         <run_address>0x8f00</run_address>
         <size>0x60</size>
         <input_file_ref idref="fl-9b"/>
      </object_component>
      <object_component id="oc-e5">
         <name>.text:___isnan</name>
         <load_address>0x8f60</load_address>
         <run_address>0x8f60</run_address>
         <size>0x40</size>
         <input_file_ref idref="fl-8b"/>
      </object_component>
      <object_component id="oc-bc">
         <name>.text:__args_main</name>
         <load_address>0x8fa0</load_address>
         <run_address>0x8fa0</run_address>
         <size>0x40</size>
         <input_file_ref idref="fl-8c"/>
      </object_component>
      <object_component id="oc-eb">
         <name>.text:__negll</name>
         <load_address>0x8fe0</load_address>
         <run_address>0x8fe0</run_address>
         <size>0x20</size>
         <input_file_ref idref="fl-a4"/>
      </object_component>
      <object_component id="oc-be">
         <name>.text:__nop</name>
         <load_address>0x9000</load_address>
         <run_address>0x9000</run_address>
         <size>0x20</size>
         <input_file_ref idref="fl-8a"/>
      </object_component>
      <object_component id="oc-d2">
         <name>.text:__outc</name>
         <load_address>0x9020</load_address>
         <run_address>0x9020</run_address>
         <size>0x20</size>
         <input_file_ref idref="fl-89"/>
      </object_component>
      <object_component id="oc-d1">
         <name>.text:__outs</name>
         <load_address>0x9040</load_address>
         <run_address>0x9040</run_address>
         <size>0x20</size>
         <input_file_ref idref="fl-89"/>
      </object_component>
      <object_component id="oc-ca">
         <name>.text:_abort</name>
         <load_address>0x9060</load_address>
         <run_address>0x9060</run_address>
         <size>0x20</size>
         <input_file_ref idref="fl-88"/>
      </object_component>
      <object_component id="oc-105">
         <name>.text:_remove</name>
         <load_address>0x9080</load_address>
         <run_address>0x9080</run_address>
         <size>0x20</size>
         <input_file_ref idref="fl-af"/>
      </object_component>
      <object_component id="oc-53">
         <name>.cinit</name>
         <load_address>0xbe38</load_address>
         <run_address>0xbe38</run_address>
         <size>0x5c</size>
         <input_file_ref idref="fl-92"/>
      </object_component>
      <object_component id="oc-79">
         <name>.cinit</name>
         <load_address>0xbe98</load_address>
         <run_address>0xbe98</run_address>
         <size>0x5c</size>
         <input_file_ref idref="fl-9e"/>
      </object_component>
      <object_component id="oc-31">
         <name>.cinit</name>
         <load_address>0xbef8</load_address>
         <run_address>0xbef8</run_address>
         <size>0x2c</size>
         <input_file_ref idref="fl-88"/>
      </object_component>
      <object_component id="oc-ac">
         <name>.cinit</name>
         <load_address>0xbf28</load_address>
         <run_address>0xbf28</run_address>
         <size>0x2c</size>
         <input_file_ref idref="fl-ad"/>
      </object_component>
      <object_component id="oc-39">
         <name>.cinit</name>
         <load_address>0xbf58</load_address>
         <run_address>0xbf58</run_address>
         <size>0x1c</size>
         <input_file_ref idref="fl-8a"/>
      </object_component>
      <object_component id="oc-a7">
         <name>.cinit</name>
         <load_address>0xbf78</load_address>
         <run_address>0xbf78</run_address>
         <size>0xc</size>
         <input_file_ref idref="fl-ac"/>
      </object_component>
      <object_component id="oc-2d">
         <name>.stack</name>
         <uninitialized>true</uninitialized>
         <run_address>0x90a0</run_address>
         <size>0x8</size>
         <input_file_ref idref="fl-87"/>
      </object_component>
      <object_component id="oc-122">
         <name>.stack</name>
         <uninitialized>true</uninitialized>
         <run_address>0x90a0</run_address>
         <size>0x0</size>
      </object_component>
      <object_component id="oc-ae">
         <name>.sysmem</name>
         <uninitialized>true</uninitialized>
         <run_address>0xa0a0</run_address>
         <size>0x8</size>
         <input_file_ref idref="fl-ad"/>
      </object_component>
      <object_component id="oc-123">
         <name>.sysmem</name>
         <uninitialized>true</uninitialized>
         <run_address>0xa0a0</run_address>
         <size>0x0</size>
      </object_component>
      <object_component id="oc-cf">
         <name>.const:_hamming_window$1</name>
         <load_address>0xb0a0</load_address>
         <run_address>0xb0a0</run_address>
         <size>0x400</size>
         <input_file_ref idref="fl-7"/>
      </object_component>
      <object_component id="oc-d0">
         <name>.const:_hamming_window$2</name>
         <load_address>0xb4a0</load_address>
         <run_address>0xb4a0</run_address>
         <size>0x400</size>
         <input_file_ref idref="fl-7"/>
      </object_component>
      <object_component id="oc-e4">
         <name>.const:.string:__ctypes_</name>
         <load_address>0xb8a0</load_address>
         <run_address>0xb8a0</run_address>
         <size>0x101</size>
         <input_file_ref idref="fl-91"/>
      </object_component>
      <object_component id="oc-3e">
         <name>.const:.string</name>
         <load_address>0xb9a1</load_address>
         <run_address>0xb9a1</run_address>
         <size>0x23</size>
         <input_file_ref idref="fl-8b"/>
      </object_component>
      <object_component id="oc-28">
         <name>.const:.string</name>
         <load_address>0xb9c4</load_address>
         <run_address>0xb9c4</run_address>
         <size>0x8</size>
         <input_file_ref idref="fl-8"/>
      </object_component>
      <object_component id="oc-66">
         <name>.const:.string</name>
         <load_address>0xb9cc</load_address>
         <run_address>0xb9cc</run_address>
         <size>0x2</size>
         <input_file_ref idref="fl-98"/>
      </object_component>
      <object_component id="oc-32">
         <name>.far</name>
         <uninitialized>true</uninitialized>
         <run_address>0xbe10</run_address>
         <size>0xc</size>
         <input_file_ref idref="fl-88"/>
      </object_component>
      <object_component id="oc-3a">
         <name>.far</name>
         <uninitialized>true</uninitialized>
         <run_address>0xbe1c</run_address>
         <size>0x8</size>
         <input_file_ref idref="fl-8a"/>
      </object_component>
      <object_component id="oc-54">
         <name>.far</name>
         <uninitialized>true</uninitialized>
         <run_address>0xb9d0</run_address>
         <size>0x324</size>
         <input_file_ref idref="fl-92"/>
      </object_component>
      <object_component id="oc-7a">
         <name>.far</name>
         <uninitialized>true</uninitialized>
         <run_address>0xbcf4</run_address>
         <size>0x11c</size>
         <input_file_ref idref="fl-9e"/>
      </object_component>
      <object_component id="oc-90">
         <name>.far</name>
         <uninitialized>true</uninitialized>
         <run_address>0xbe2c</run_address>
         <size>0x8</size>
         <input_file_ref idref="fl-a5"/>
      </object_component>
      <object_component id="oc-a8">
         <name>.far</name>
         <uninitialized>true</uninitialized>
         <run_address>0xbe34</run_address>
         <size>0x4</size>
         <input_file_ref idref="fl-ac"/>
      </object_component>
      <object_component id="oc-ad">
         <name>.far</name>
         <uninitialized>true</uninitialized>
         <run_address>0xbe24</run_address>
         <size>0x8</size>
         <input_file_ref idref="fl-ad"/>
      </object_component>
      <object_component id="oc-94">
         <name>.cio</name>
         <uninitialized>true</uninitialized>
         <run_address>0xbf8c</run_address>
         <size>0x120</size>
         <input_file_ref idref="fl-a6"/>
      </object_component>
      <object_component id="oc-10">
         <name>.debug_info</name>
         <load_address>0x0</load_address>
         <run_address>0x0</run_address>
         <size>0x176</size>
         <input_file_ref idref="fl-2"/>
      </object_component>
      <object_component id="oc-14">
         <name>.debug_info</name>
         <load_address>0x176</load_address>
         <run_address>0x176</run_address>
         <size>0x15e</size>
         <input_file_ref idref="fl-3"/>
      </object_component>
      <object_component id="oc-18">
         <name>.debug_info</name>
         <load_address>0x2d4</load_address>
         <run_address>0x2d4</run_address>
         <size>0xd9</size>
         <input_file_ref idref="fl-4"/>
      </object_component>
      <object_component id="oc-1c">
         <name>.debug_info</name>
         <load_address>0x3ad</load_address>
         <run_address>0x3ad</run_address>
         <size>0x1ea</size>
         <input_file_ref idref="fl-5"/>
      </object_component>
      <object_component id="oc-20">
         <name>.debug_info</name>
         <load_address>0x597</load_address>
         <run_address>0x597</run_address>
         <size>0x156</size>
         <input_file_ref idref="fl-6"/>
      </object_component>
      <object_component id="oc-23">
         <name>.debug_info</name>
         <load_address>0x6ed</load_address>
         <run_address>0x6ed</run_address>
         <size>0x9c2</size>
         <input_file_ref idref="fl-7"/>
      </object_component>
      <object_component id="oc-27">
         <name>.debug_info</name>
         <load_address>0x10af</load_address>
         <run_address>0x10af</run_address>
         <size>0x912</size>
         <input_file_ref idref="fl-8"/>
      </object_component>
      <object_component id="oc-2c">
         <name>.debug_info</name>
         <load_address>0x19c1</load_address>
         <run_address>0x19c1</run_address>
         <size>0x70b</size>
         <input_file_ref idref="fl-87"/>
      </object_component>
      <object_component id="oc-30">
         <name>.debug_info</name>
         <load_address>0x20cc</load_address>
         <run_address>0x20cc</run_address>
         <size>0x7ff</size>
         <input_file_ref idref="fl-88"/>
      </object_component>
      <object_component id="oc-35">
         <name>.debug_info</name>
         <load_address>0x28cb</load_address>
         <run_address>0x28cb</run_address>
         <size>0x902</size>
         <input_file_ref idref="fl-89"/>
      </object_component>
      <object_component id="oc-38">
         <name>.debug_info</name>
         <load_address>0x31cd</load_address>
         <run_address>0x31cd</run_address>
         <size>0x64c</size>
         <input_file_ref idref="fl-8a"/>
      </object_component>
      <object_component id="oc-3d">
         <name>.debug_info</name>
         <load_address>0x3819</load_address>
         <run_address>0x3819</run_address>
         <size>0x2bda</size>
         <input_file_ref idref="fl-8b"/>
      </object_component>
      <object_component id="oc-41">
         <name>.debug_info</name>
         <load_address>0x63f3</load_address>
         <run_address>0x63f3</run_address>
         <size>0x6e1</size>
         <input_file_ref idref="fl-8c"/>
      </object_component>
      <object_component id="oc-44">
         <name>.debug_info</name>
         <load_address>0x6ad4</load_address>
         <run_address>0x6ad4</run_address>
         <size>0x722</size>
         <input_file_ref idref="fl-8d"/>
      </object_component>
      <object_component id="oc-47">
         <name>.debug_info</name>
         <load_address>0x71f6</load_address>
         <run_address>0x71f6</run_address>
         <size>0x871</size>
         <input_file_ref idref="fl-8e"/>
      </object_component>
      <object_component id="oc-4a">
         <name>.debug_info</name>
         <load_address>0x7a67</load_address>
         <run_address>0x7a67</run_address>
         <size>0x6e9</size>
         <input_file_ref idref="fl-8f"/>
      </object_component>
      <object_component id="oc-4d">
         <name>.debug_info</name>
         <load_address>0x8150</load_address>
         <run_address>0x8150</run_address>
         <size>0x7df</size>
         <input_file_ref idref="fl-90"/>
      </object_component>
      <object_component id="oc-50">
         <name>.debug_info</name>
         <load_address>0x892f</load_address>
         <run_address>0x892f</run_address>
         <size>0x5fa</size>
         <input_file_ref idref="fl-91"/>
      </object_component>
      <object_component id="oc-52">
         <name>.debug_info</name>
         <load_address>0x8f29</load_address>
         <run_address>0x8f29</run_address>
         <size>0x6e7</size>
         <input_file_ref idref="fl-92"/>
      </object_component>
      <object_component id="oc-56">
         <name>.debug_info</name>
         <load_address>0x9610</load_address>
         <run_address>0x9610</run_address>
         <size>0x982</size>
         <input_file_ref idref="fl-93"/>
      </object_component>
      <object_component id="oc-59">
         <name>.debug_info</name>
         <load_address>0x9f92</load_address>
         <run_address>0x9f92</run_address>
         <size>0xd0</size>
         <input_file_ref idref="fl-94"/>
      </object_component>
      <object_component id="oc-5c">
         <name>.debug_info</name>
         <load_address>0xa062</load_address>
         <run_address>0xa062</run_address>
         <size>0x691</size>
         <input_file_ref idref="fl-95"/>
      </object_component>
      <object_component id="oc-5f">
         <name>.debug_info</name>
         <load_address>0xa6f3</load_address>
         <run_address>0xa6f3</run_address>
         <size>0x6aa</size>
         <input_file_ref idref="fl-96"/>
      </object_component>
      <object_component id="oc-62">
         <name>.debug_info</name>
         <load_address>0xad9d</load_address>
         <run_address>0xad9d</run_address>
         <size>0x82a</size>
         <input_file_ref idref="fl-97"/>
      </object_component>
      <object_component id="oc-65">
         <name>.debug_info</name>
         <load_address>0xb5c7</load_address>
         <run_address>0xb5c7</run_address>
         <size>0xb90</size>
         <input_file_ref idref="fl-98"/>
      </object_component>
      <object_component id="oc-69">
         <name>.debug_info</name>
         <load_address>0xc157</load_address>
         <run_address>0xc157</run_address>
         <size>0x6a4</size>
         <input_file_ref idref="fl-99"/>
      </object_component>
      <object_component id="oc-6c">
         <name>.debug_info</name>
         <load_address>0xc7fb</load_address>
         <run_address>0xc7fb</run_address>
         <size>0x7bd</size>
         <input_file_ref idref="fl-9a"/>
      </object_component>
      <object_component id="oc-6f">
         <name>.debug_info</name>
         <load_address>0xcfb8</load_address>
         <run_address>0xcfb8</run_address>
         <size>0x7b8</size>
         <input_file_ref idref="fl-9b"/>
      </object_component>
      <object_component id="oc-72">
         <name>.debug_info</name>
         <load_address>0xd770</load_address>
         <run_address>0xd770</run_address>
         <size>0x816</size>
         <input_file_ref idref="fl-9c"/>
      </object_component>
      <object_component id="oc-75">
         <name>.debug_info</name>
         <load_address>0xdf86</load_address>
         <run_address>0xdf86</run_address>
         <size>0x701</size>
         <input_file_ref idref="fl-9d"/>
      </object_component>
      <object_component id="oc-78">
         <name>.debug_info</name>
         <load_address>0xe687</load_address>
         <run_address>0xe687</run_address>
         <size>0xf67</size>
         <input_file_ref idref="fl-9e"/>
      </object_component>
      <object_component id="oc-7d">
         <name>.debug_info</name>
         <load_address>0xf5ee</load_address>
         <run_address>0xf5ee</run_address>
         <size>0x748</size>
         <input_file_ref idref="fl-9f"/>
      </object_component>
      <object_component id="oc-80">
         <name>.debug_info</name>
         <load_address>0xfd36</load_address>
         <run_address>0xfd36</run_address>
         <size>0x6ec</size>
         <input_file_ref idref="fl-a0"/>
      </object_component>
      <object_component id="oc-83">
         <name>.debug_info</name>
         <load_address>0x10422</load_address>
         <run_address>0x10422</run_address>
         <size>0x792</size>
         <input_file_ref idref="fl-a1"/>
      </object_component>
      <object_component id="oc-86">
         <name>.debug_info</name>
         <load_address>0x10bb4</load_address>
         <run_address>0x10bb4</run_address>
         <size>0x730</size>
         <input_file_ref idref="fl-a2"/>
      </object_component>
      <object_component id="oc-89">
         <name>.debug_info</name>
         <load_address>0x112e4</load_address>
         <run_address>0x112e4</run_address>
         <size>0x6b7</size>
         <input_file_ref idref="fl-a3"/>
      </object_component>
      <object_component id="oc-8c">
         <name>.debug_info</name>
         <load_address>0x1199b</load_address>
         <run_address>0x1199b</run_address>
         <size>0x618</size>
         <input_file_ref idref="fl-a4"/>
      </object_component>
      <object_component id="oc-8f">
         <name>.debug_info</name>
         <load_address>0x11fb3</load_address>
         <run_address>0x11fb3</run_address>
         <size>0xf02</size>
         <input_file_ref idref="fl-a5"/>
      </object_component>
      <object_component id="oc-93">
         <name>.debug_info</name>
         <load_address>0x12eb5</load_address>
         <run_address>0x12eb5</run_address>
         <size>0x8d1</size>
         <input_file_ref idref="fl-a6"/>
      </object_component>
      <object_component id="oc-97">
         <name>.debug_info</name>
         <load_address>0x13786</load_address>
         <run_address>0x13786</run_address>
         <size>0x75a</size>
         <input_file_ref idref="fl-a7"/>
      </object_component>
      <object_component id="oc-9a">
         <name>.debug_info</name>
         <load_address>0x13ee0</load_address>
         <run_address>0x13ee0</run_address>
         <size>0x5cc</size>
         <input_file_ref idref="fl-a8"/>
      </object_component>
      <object_component id="oc-9d">
         <name>.debug_info</name>
         <load_address>0x144ac</load_address>
         <run_address>0x144ac</run_address>
         <size>0x781</size>
         <input_file_ref idref="fl-a9"/>
      </object_component>
      <object_component id="oc-a0">
         <name>.debug_info</name>
         <load_address>0x14c2d</load_address>
         <run_address>0x14c2d</run_address>
         <size>0x7b9</size>
         <input_file_ref idref="fl-aa"/>
      </object_component>
      <object_component id="oc-a3">
         <name>.debug_info</name>
         <load_address>0x153e6</load_address>
         <run_address>0x153e6</run_address>
         <size>0x813</size>
         <input_file_ref idref="fl-ab"/>
      </object_component>
      <object_component id="oc-a6">
         <name>.debug_info</name>
         <load_address>0x15bf9</load_address>
         <run_address>0x15bf9</run_address>
         <size>0x885</size>
         <input_file_ref idref="fl-ac"/>
      </object_component>
      <object_component id="oc-ab">
         <name>.debug_info</name>
         <load_address>0x1647e</load_address>
         <run_address>0x1647e</run_address>
         <size>0xb47</size>
         <input_file_ref idref="fl-ad"/>
      </object_component>
      <object_component id="oc-b1">
         <name>.debug_info</name>
         <load_address>0x16fc5</load_address>
         <run_address>0x16fc5</run_address>
         <size>0x806</size>
         <input_file_ref idref="fl-ae"/>
      </object_component>
      <object_component id="oc-b4">
         <name>.debug_info</name>
         <load_address>0x177cb</load_address>
         <run_address>0x177cb</run_address>
         <size>0x664</size>
         <input_file_ref idref="fl-af"/>
      </object_component>
      <object_component id="oc-b9">
         <name>.debug_info</name>
         <load_address>0x17e2f</load_address>
         <run_address>0x17e2f</run_address>
         <size>0xaf</size>
         <input_file_ref idref="fl-b0"/>
      </object_component>
      <object_component id="oc-124">
         <name>.debug_info</name>
         <load_address>0x17ede</load_address>
         <run_address>0x17ede</run_address>
         <size>0x6e</size>
      </object_component>
      <object_component id="oc-11">
         <name>.debug_line</name>
         <load_address>0x0</load_address>
         <run_address>0x0</run_address>
         <size>0xa3</size>
         <input_file_ref idref="fl-2"/>
      </object_component>
      <object_component id="oc-15">
         <name>.debug_line</name>
         <load_address>0xa3</load_address>
         <run_address>0xa3</run_address>
         <size>0xb4</size>
         <input_file_ref idref="fl-3"/>
      </object_component>
      <object_component id="oc-19">
         <name>.debug_line</name>
         <load_address>0x157</load_address>
         <run_address>0x157</run_address>
         <size>0x5e</size>
         <input_file_ref idref="fl-4"/>
      </object_component>
      <object_component id="oc-1d">
         <name>.debug_line</name>
         <load_address>0x1b5</load_address>
         <run_address>0x1b5</run_address>
         <size>0xb7</size>
         <input_file_ref idref="fl-5"/>
      </object_component>
      <object_component id="oc-21">
         <name>.debug_line</name>
         <load_address>0x26c</load_address>
         <run_address>0x26c</run_address>
         <size>0x8f</size>
         <input_file_ref idref="fl-6"/>
      </object_component>
      <object_component id="oc-25">
         <name>.debug_line</name>
         <load_address>0x2fb</load_address>
         <run_address>0x2fb</run_address>
         <size>0xbc</size>
         <input_file_ref idref="fl-7"/>
      </object_component>
      <object_component id="oc-2a">
         <name>.debug_line</name>
         <load_address>0x3b7</load_address>
         <run_address>0x3b7</run_address>
         <size>0x7b</size>
         <input_file_ref idref="fl-8"/>
      </object_component>
      <object_component id="oc-2e">
         <name>.debug_line</name>
         <load_address>0x432</load_address>
         <run_address>0x432</run_address>
         <size>0x3d</size>
         <input_file_ref idref="fl-87"/>
      </object_component>
      <object_component id="oc-33">
         <name>.debug_line</name>
         <load_address>0x46f</load_address>
         <run_address>0x46f</run_address>
         <size>0x4f</size>
         <input_file_ref idref="fl-88"/>
      </object_component>
      <object_component id="oc-36">
         <name>.debug_line</name>
         <load_address>0x4be</load_address>
         <run_address>0x4be</run_address>
         <size>0x6a</size>
         <input_file_ref idref="fl-89"/>
      </object_component>
      <object_component id="oc-3b">
         <name>.debug_line</name>
         <load_address>0x528</load_address>
         <run_address>0x528</run_address>
         <size>0x36</size>
         <input_file_ref idref="fl-8a"/>
      </object_component>
      <object_component id="oc-3f">
         <name>.debug_line</name>
         <load_address>0x55e</load_address>
         <run_address>0x55e</run_address>
         <size>0x343</size>
         <input_file_ref idref="fl-8b"/>
      </object_component>
      <object_component id="oc-42">
         <name>.debug_line</name>
         <load_address>0x8a1</load_address>
         <run_address>0x8a1</run_address>
         <size>0x41</size>
         <input_file_ref idref="fl-8c"/>
      </object_component>
      <object_component id="oc-45">
         <name>.debug_line</name>
         <load_address>0x8e2</load_address>
         <run_address>0x8e2</run_address>
         <size>0x41</size>
         <input_file_ref idref="fl-8d"/>
      </object_component>
      <object_component id="oc-48">
         <name>.debug_line</name>
         <load_address>0x923</load_address>
         <run_address>0x923</run_address>
         <size>0x47</size>
         <input_file_ref idref="fl-8e"/>
      </object_component>
      <object_component id="oc-4b">
         <name>.debug_line</name>
         <load_address>0x96a</load_address>
         <run_address>0x96a</run_address>
         <size>0x45</size>
         <input_file_ref idref="fl-8f"/>
      </object_component>
      <object_component id="oc-4e">
         <name>.debug_line</name>
         <load_address>0x9af</load_address>
         <run_address>0x9af</run_address>
         <size>0x44</size>
         <input_file_ref idref="fl-90"/>
      </object_component>
      <object_component id="oc-57">
         <name>.debug_line</name>
         <load_address>0x9f3</load_address>
         <run_address>0x9f3</run_address>
         <size>0x3c</size>
         <input_file_ref idref="fl-93"/>
      </object_component>
      <object_component id="oc-5a">
         <name>.debug_line</name>
         <load_address>0xa2f</load_address>
         <run_address>0xa2f</run_address>
         <size>0x44</size>
         <input_file_ref idref="fl-94"/>
      </object_component>
      <object_component id="oc-5d">
         <name>.debug_line</name>
         <load_address>0xa73</load_address>
         <run_address>0xa73</run_address>
         <size>0x3d</size>
         <input_file_ref idref="fl-95"/>
      </object_component>
      <object_component id="oc-60">
         <name>.debug_line</name>
         <load_address>0xab0</load_address>
         <run_address>0xab0</run_address>
         <size>0x3d</size>
         <input_file_ref idref="fl-96"/>
      </object_component>
      <object_component id="oc-63">
         <name>.debug_line</name>
         <load_address>0xaed</load_address>
         <run_address>0xaed</run_address>
         <size>0x3f</size>
         <input_file_ref idref="fl-97"/>
      </object_component>
      <object_component id="oc-67">
         <name>.debug_line</name>
         <load_address>0xb2c</load_address>
         <run_address>0xb2c</run_address>
         <size>0xa9</size>
         <input_file_ref idref="fl-98"/>
      </object_component>
      <object_component id="oc-6a">
         <name>.debug_line</name>
         <load_address>0xbd5</load_address>
         <run_address>0xbd5</run_address>
         <size>0x3e</size>
         <input_file_ref idref="fl-99"/>
      </object_component>
      <object_component id="oc-6d">
         <name>.debug_line</name>
         <load_address>0xc13</load_address>
         <run_address>0xc13</run_address>
         <size>0x73</size>
         <input_file_ref idref="fl-9a"/>
      </object_component>
      <object_component id="oc-70">
         <name>.debug_line</name>
         <load_address>0xc86</load_address>
         <run_address>0xc86</run_address>
         <size>0x5f</size>
         <input_file_ref idref="fl-9b"/>
      </object_component>
      <object_component id="oc-73">
         <name>.debug_line</name>
         <load_address>0xce5</load_address>
         <run_address>0xce5</run_address>
         <size>0x38</size>
         <input_file_ref idref="fl-9c"/>
      </object_component>
      <object_component id="oc-76">
         <name>.debug_line</name>
         <load_address>0xd1d</load_address>
         <run_address>0xd1d</run_address>
         <size>0x56</size>
         <input_file_ref idref="fl-9d"/>
      </object_component>
      <object_component id="oc-7b">
         <name>.debug_line</name>
         <load_address>0xd73</load_address>
         <run_address>0xd73</run_address>
         <size>0x10c</size>
         <input_file_ref idref="fl-9e"/>
      </object_component>
      <object_component id="oc-7e">
         <name>.debug_line</name>
         <load_address>0xe7f</load_address>
         <run_address>0xe7f</run_address>
         <size>0x40</size>
         <input_file_ref idref="fl-9f"/>
      </object_component>
      <object_component id="oc-81">
         <name>.debug_line</name>
         <load_address>0xebf</load_address>
         <run_address>0xebf</run_address>
         <size>0x3f</size>
         <input_file_ref idref="fl-a0"/>
      </object_component>
      <object_component id="oc-84">
         <name>.debug_line</name>
         <load_address>0xefe</load_address>
         <run_address>0xefe</run_address>
         <size>0x4e</size>
         <input_file_ref idref="fl-a1"/>
      </object_component>
      <object_component id="oc-87">
         <name>.debug_line</name>
         <load_address>0xf4c</load_address>
         <run_address>0xf4c</run_address>
         <size>0x47</size>
         <input_file_ref idref="fl-a2"/>
      </object_component>
      <object_component id="oc-8a">
         <name>.debug_line</name>
         <load_address>0xf93</load_address>
         <run_address>0xf93</run_address>
         <size>0x3d</size>
         <input_file_ref idref="fl-a3"/>
      </object_component>
      <object_component id="oc-8d">
         <name>.debug_line</name>
         <load_address>0xfd0</load_address>
         <run_address>0xfd0</run_address>
         <size>0x37</size>
         <input_file_ref idref="fl-a4"/>
      </object_component>
      <object_component id="oc-91">
         <name>.debug_line</name>
         <load_address>0x1007</load_address>
         <run_address>0x1007</run_address>
         <size>0x139</size>
         <input_file_ref idref="fl-a5"/>
      </object_component>
      <object_component id="oc-95">
         <name>.debug_line</name>
         <load_address>0x1140</load_address>
         <run_address>0x1140</run_address>
         <size>0x64</size>
         <input_file_ref idref="fl-a6"/>
      </object_component>
      <object_component id="oc-98">
         <name>.debug_line</name>
         <load_address>0x11a4</load_address>
         <run_address>0x11a4</run_address>
         <size>0x40</size>
         <input_file_ref idref="fl-a7"/>
      </object_component>
      <object_component id="oc-9b">
         <name>.debug_line</name>
         <load_address>0x11e4</load_address>
         <run_address>0x11e4</run_address>
         <size>0x23</size>
         <input_file_ref idref="fl-a8"/>
      </object_component>
      <object_component id="oc-9e">
         <name>.debug_line</name>
         <load_address>0x1207</load_address>
         <run_address>0x1207</run_address>
         <size>0x3e</size>
         <input_file_ref idref="fl-a9"/>
      </object_component>
      <object_component id="oc-a1">
         <name>.debug_line</name>
         <load_address>0x1245</load_address>
         <run_address>0x1245</run_address>
         <size>0x3c</size>
         <input_file_ref idref="fl-aa"/>
      </object_component>
      <object_component id="oc-a4">
         <name>.debug_line</name>
         <load_address>0x1281</load_address>
         <run_address>0x1281</run_address>
         <size>0x40</size>
         <input_file_ref idref="fl-ab"/>
      </object_component>
      <object_component id="oc-a9">
         <name>.debug_line</name>
         <load_address>0x12c1</load_address>
         <run_address>0x12c1</run_address>
         <size>0x42</size>
         <input_file_ref idref="fl-ac"/>
      </object_component>
      <object_component id="oc-af">
         <name>.debug_line</name>
         <load_address>0x1303</load_address>
         <run_address>0x1303</run_address>
         <size>0xa7</size>
         <input_file_ref idref="fl-ad"/>
      </object_component>
      <object_component id="oc-b2">
         <name>.debug_line</name>
         <load_address>0x13aa</load_address>
         <run_address>0x13aa</run_address>
         <size>0x3e</size>
         <input_file_ref idref="fl-ae"/>
      </object_component>
      <object_component id="oc-b5">
         <name>.debug_line</name>
         <load_address>0x13e8</load_address>
         <run_address>0x13e8</run_address>
         <size>0x39</size>
         <input_file_ref idref="fl-af"/>
      </object_component>
      <object_component id="oc-ba">
         <name>.debug_line</name>
         <load_address>0x1421</load_address>
         <run_address>0x1421</run_address>
         <size>0xc2</size>
         <input_file_ref idref="fl-b0"/>
      </object_component>
      <object_component id="oc-12">
         <name>.debug_abbrev</name>
         <load_address>0x0</load_address>
         <run_address>0x0</run_address>
         <size>0x27</size>
         <input_file_ref idref="fl-2"/>
      </object_component>
      <object_component id="oc-16">
         <name>.debug_abbrev</name>
         <load_address>0x27</load_address>
         <run_address>0x27</run_address>
         <size>0x27</size>
         <input_file_ref idref="fl-3"/>
      </object_component>
      <object_component id="oc-1a">
         <name>.debug_abbrev</name>
         <load_address>0x4e</load_address>
         <run_address>0x4e</run_address>
         <size>0x27</size>
         <input_file_ref idref="fl-4"/>
      </object_component>
      <object_component id="oc-1e">
         <name>.debug_abbrev</name>
         <load_address>0x75</load_address>
         <run_address>0x75</run_address>
         <size>0x27</size>
         <input_file_ref idref="fl-5"/>
      </object_component>
      <object_component id="oc-22">
         <name>.debug_abbrev</name>
         <load_address>0x9c</load_address>
         <run_address>0x9c</run_address>
         <size>0x27</size>
         <input_file_ref idref="fl-6"/>
      </object_component>
      <object_component id="oc-26">
         <name>.debug_abbrev</name>
         <load_address>0xc3</load_address>
         <run_address>0xc3</run_address>
         <size>0xc4</size>
         <input_file_ref idref="fl-7"/>
      </object_component>
      <object_component id="oc-2b">
         <name>.debug_abbrev</name>
         <load_address>0x187</load_address>
         <run_address>0x187</run_address>
         <size>0xdf</size>
         <input_file_ref idref="fl-8"/>
      </object_component>
      <object_component id="oc-2f">
         <name>.debug_abbrev</name>
         <load_address>0x266</load_address>
         <run_address>0x266</run_address>
         <size>0xfe</size>
         <input_file_ref idref="fl-87"/>
      </object_component>
      <object_component id="oc-34">
         <name>.debug_abbrev</name>
         <load_address>0x364</load_address>
         <run_address>0x364</run_address>
         <size>0x119</size>
         <input_file_ref idref="fl-88"/>
      </object_component>
      <object_component id="oc-37">
         <name>.debug_abbrev</name>
         <load_address>0x47d</load_address>
         <run_address>0x47d</run_address>
         <size>0x161</size>
         <input_file_ref idref="fl-89"/>
      </object_component>
      <object_component id="oc-3c">
         <name>.debug_abbrev</name>
         <load_address>0x5de</load_address>
         <run_address>0x5de</run_address>
         <size>0x9f</size>
         <input_file_ref idref="fl-8a"/>
      </object_component>
      <object_component id="oc-40">
         <name>.debug_abbrev</name>
         <load_address>0x67d</load_address>
         <run_address>0x67d</run_address>
         <size>0x1d1</size>
         <input_file_ref idref="fl-8b"/>
      </object_component>
      <object_component id="oc-43">
         <name>.debug_abbrev</name>
         <load_address>0x84e</load_address>
         <run_address>0x84e</run_address>
         <size>0xe1</size>
         <input_file_ref idref="fl-8c"/>
      </object_component>
      <object_component id="oc-46">
         <name>.debug_abbrev</name>
         <load_address>0x92f</load_address>
         <run_address>0x92f</run_address>
         <size>0xcc</size>
         <input_file_ref idref="fl-8d"/>
      </object_component>
      <object_component id="oc-49">
         <name>.debug_abbrev</name>
         <load_address>0x9fb</load_address>
         <run_address>0x9fb</run_address>
         <size>0x13f</size>
         <input_file_ref idref="fl-8e"/>
      </object_component>
      <object_component id="oc-4c">
         <name>.debug_abbrev</name>
         <load_address>0xb3a</load_address>
         <run_address>0xb3a</run_address>
         <size>0xdd</size>
         <input_file_ref idref="fl-8f"/>
      </object_component>
      <object_component id="oc-4f">
         <name>.debug_abbrev</name>
         <load_address>0xc17</load_address>
         <run_address>0xc17</run_address>
         <size>0x10c</size>
         <input_file_ref idref="fl-90"/>
      </object_component>
      <object_component id="oc-51">
         <name>.debug_abbrev</name>
         <load_address>0xd23</load_address>
         <run_address>0xd23</run_address>
         <size>0x5f</size>
         <input_file_ref idref="fl-91"/>
      </object_component>
      <object_component id="oc-55">
         <name>.debug_abbrev</name>
         <load_address>0xd82</load_address>
         <run_address>0xd82</run_address>
         <size>0x8e</size>
         <input_file_ref idref="fl-92"/>
      </object_component>
      <object_component id="oc-58">
         <name>.debug_abbrev</name>
         <load_address>0xe10</load_address>
         <run_address>0xe10</run_address>
         <size>0xf5</size>
         <input_file_ref idref="fl-93"/>
      </object_component>
      <object_component id="oc-5b">
         <name>.debug_abbrev</name>
         <load_address>0xf05</load_address>
         <run_address>0xf05</run_address>
         <size>0x3b</size>
         <input_file_ref idref="fl-94"/>
      </object_component>
      <object_component id="oc-5e">
         <name>.debug_abbrev</name>
         <load_address>0xf40</load_address>
         <run_address>0xf40</run_address>
         <size>0xac</size>
         <input_file_ref idref="fl-95"/>
      </object_component>
      <object_component id="oc-61">
         <name>.debug_abbrev</name>
         <load_address>0xfec</load_address>
         <run_address>0xfec</run_address>
         <size>0xc3</size>
         <input_file_ref idref="fl-96"/>
      </object_component>
      <object_component id="oc-64">
         <name>.debug_abbrev</name>
         <load_address>0x10af</load_address>
         <run_address>0x10af</run_address>
         <size>0x11f</size>
         <input_file_ref idref="fl-97"/>
      </object_component>
      <object_component id="oc-68">
         <name>.debug_abbrev</name>
         <load_address>0x11ce</load_address>
         <run_address>0x11ce</run_address>
         <size>0x14b</size>
         <input_file_ref idref="fl-98"/>
      </object_component>
      <object_component id="oc-6b">
         <name>.debug_abbrev</name>
         <load_address>0x1319</load_address>
         <run_address>0x1319</run_address>
         <size>0x9a</size>
         <input_file_ref idref="fl-99"/>
      </object_component>
      <object_component id="oc-6e">
         <name>.debug_abbrev</name>
         <load_address>0x13b3</load_address>
         <run_address>0x13b3</run_address>
         <size>0xc3</size>
         <input_file_ref idref="fl-9a"/>
      </object_component>
      <object_component id="oc-71">
         <name>.debug_abbrev</name>
         <load_address>0x1476</load_address>
         <run_address>0x1476</run_address>
         <size>0xc3</size>
         <input_file_ref idref="fl-9b"/>
      </object_component>
      <object_component id="oc-74">
         <name>.debug_abbrev</name>
         <load_address>0x1539</load_address>
         <run_address>0x1539</run_address>
         <size>0xd0</size>
         <input_file_ref idref="fl-9c"/>
      </object_component>
      <object_component id="oc-77">
         <name>.debug_abbrev</name>
         <load_address>0x1609</load_address>
         <run_address>0x1609</run_address>
         <size>0xa3</size>
         <input_file_ref idref="fl-9d"/>
      </object_component>
      <object_component id="oc-7c">
         <name>.debug_abbrev</name>
         <load_address>0x16ac</load_address>
         <run_address>0x16ac</run_address>
         <size>0x215</size>
         <input_file_ref idref="fl-9e"/>
      </object_component>
      <object_component id="oc-7f">
         <name>.debug_abbrev</name>
         <load_address>0x18c1</load_address>
         <run_address>0x18c1</run_address>
         <size>0xe3</size>
         <input_file_ref idref="fl-9f"/>
      </object_component>
      <object_component id="oc-82">
         <name>.debug_abbrev</name>
         <load_address>0x19a4</load_address>
         <run_address>0x19a4</run_address>
         <size>0xae</size>
         <input_file_ref idref="fl-a0"/>
      </object_component>
      <object_component id="oc-85">
         <name>.debug_abbrev</name>
         <load_address>0x1a52</load_address>
         <run_address>0x1a52</run_address>
         <size>0xd5</size>
         <input_file_ref idref="fl-a1"/>
      </object_component>
      <object_component id="oc-88">
         <name>.debug_abbrev</name>
         <load_address>0x1b27</load_address>
         <run_address>0x1b27</run_address>
         <size>0xd0</size>
         <input_file_ref idref="fl-a2"/>
      </object_component>
      <object_component id="oc-8b">
         <name>.debug_abbrev</name>
         <load_address>0x1bf7</load_address>
         <run_address>0x1bf7</run_address>
         <size>0xa3</size>
         <input_file_ref idref="fl-a3"/>
      </object_component>
      <object_component id="oc-8e">
         <name>.debug_abbrev</name>
         <load_address>0x1c9a</load_address>
         <run_address>0x1c9a</run_address>
         <size>0x71</size>
         <input_file_ref idref="fl-a4"/>
      </object_component>
      <object_component id="oc-92">
         <name>.debug_abbrev</name>
         <load_address>0x1d0b</load_address>
         <run_address>0x1d0b</run_address>
         <size>0x180</size>
         <input_file_ref idref="fl-a5"/>
      </object_component>
      <object_component id="oc-96">
         <name>.debug_abbrev</name>
         <load_address>0x1e8b</load_address>
         <run_address>0x1e8b</run_address>
         <size>0xd5</size>
         <input_file_ref idref="fl-a6"/>
      </object_component>
      <object_component id="oc-99">
         <name>.debug_abbrev</name>
         <load_address>0x1f60</load_address>
         <run_address>0x1f60</run_address>
         <size>0xd1</size>
         <input_file_ref idref="fl-a7"/>
      </object_component>
      <object_component id="oc-9c">
         <name>.debug_abbrev</name>
         <load_address>0x2031</load_address>
         <run_address>0x2031</run_address>
         <size>0x90</size>
         <input_file_ref idref="fl-a8"/>
      </object_component>
      <object_component id="oc-9f">
         <name>.debug_abbrev</name>
         <load_address>0x20c1</load_address>
         <run_address>0x20c1</run_address>
         <size>0x12d</size>
         <input_file_ref idref="fl-a9"/>
      </object_component>
      <object_component id="oc-a2">
         <name>.debug_abbrev</name>
         <load_address>0x21ee</load_address>
         <run_address>0x21ee</run_address>
         <size>0xf7</size>
         <input_file_ref idref="fl-aa"/>
      </object_component>
      <object_component id="oc-a5">
         <name>.debug_abbrev</name>
         <load_address>0x22e5</load_address>
         <run_address>0x22e5</run_address>
         <size>0x11a</size>
         <input_file_ref idref="fl-ab"/>
      </object_component>
      <object_component id="oc-aa">
         <name>.debug_abbrev</name>
         <load_address>0x23ff</load_address>
         <run_address>0x23ff</run_address>
         <size>0x1cd</size>
         <input_file_ref idref="fl-ac"/>
      </object_component>
      <object_component id="oc-b0">
         <name>.debug_abbrev</name>
         <load_address>0x25cc</load_address>
         <run_address>0x25cc</run_address>
         <size>0x1f6</size>
         <input_file_ref idref="fl-ad"/>
      </object_component>
      <object_component id="oc-b3">
         <name>.debug_abbrev</name>
         <load_address>0x27c2</load_address>
         <run_address>0x27c2</run_address>
         <size>0x130</size>
         <input_file_ref idref="fl-ae"/>
      </object_component>
      <object_component id="oc-b6">
         <name>.debug_abbrev</name>
         <load_address>0x28f2</load_address>
         <run_address>0x28f2</run_address>
         <size>0xab</size>
         <input_file_ref idref="fl-af"/>
      </object_component>
      <object_component id="oc-b8">
         <name>.debug_abbrev</name>
         <load_address>0x299d</load_address>
         <run_address>0x299d</run_address>
         <size>0x1f</size>
         <input_file_ref idref="fl-b0"/>
      </object_component>
      <object_component id="oc-125">
         <name>.debug_abbrev</name>
         <load_address>0x29bc</load_address>
         <run_address>0x29bc</run_address>
         <size>0xd</size>
      </object_component>
      <object_component id="oc-24">
         <name>.debug_frame</name>
         <load_address>0x0</load_address>
         <run_address>0x0</run_address>
         <size>0x291</size>
         <input_file_ref idref="fl-7"/>
      </object_component>
      <object_component id="oc-29">
         <name>.debug_frame</name>
         <load_address>0x291</load_address>
         <run_address>0x291</run_address>
         <size>0x25c</size>
         <input_file_ref idref="fl-8"/>
      </object_component>
   </object_component_list>
   <logical_group_list>
      <logical_group id="lg-2">
         <name>.EXT_RAM</name>
         <run_address>0x0</run_address>
         <size>0x0</size>
         <contents>
         </contents>
      </logical_group>
      <logical_group id="lg-3">
         <name>.vectors</name>
         <run_address>0x0</run_address>
         <size>0x0</size>
         <contents>
         </contents>
      </logical_group>
      <logical_group id="lg-4">
         <name>.text</name>
         <load_address>0x220</load_address>
         <run_address>0x220</run_address>
         <size>0x8e80</size>
         <contents>
            <object_component_ref idref="oc-f6"/>
            <object_component_ref idref="oc-ea"/>
            <object_component_ref idref="oc-d8"/>
            <object_component_ref idref="oc-d3"/>
            <object_component_ref idref="oc-d4"/>
            <object_component_ref idref="oc-b7"/>
            <object_component_ref idref="oc-f4"/>
            <object_component_ref idref="oc-df"/>
            <object_component_ref idref="oc-f1"/>
            <object_component_ref idref="oc-103"/>
            <object_component_ref idref="oc-ee"/>
            <object_component_ref idref="oc-e9"/>
            <object_component_ref idref="oc-d7"/>
            <object_component_ref idref="oc-cd"/>
            <object_component_ref idref="oc-e0"/>
            <object_component_ref idref="oc-d9"/>
            <object_component_ref idref="oc-e3"/>
            <object_component_ref idref="oc-e7"/>
            <object_component_ref idref="oc-d5"/>
            <object_component_ref idref="oc-102"/>
            <object_component_ref idref="oc-f3"/>
            <object_component_ref idref="oc-ef"/>
            <object_component_ref idref="oc-c7"/>
            <object_component_ref idref="oc-c5"/>
            <object_component_ref idref="oc-10b"/>
            <object_component_ref idref="oc-e2"/>
            <object_component_ref idref="oc-ec"/>
            <object_component_ref idref="oc-d6"/>
            <object_component_ref idref="oc-c9"/>
            <object_component_ref idref="oc-13"/>
            <object_component_ref idref="oc-c3"/>
            <object_component_ref idref="oc-fb"/>
            <object_component_ref idref="oc-1b"/>
            <object_component_ref idref="oc-c1"/>
            <object_component_ref idref="oc-100"/>
            <object_component_ref idref="oc-de"/>
            <object_component_ref idref="oc-fd"/>
            <object_component_ref idref="oc-f"/>
            <object_component_ref idref="oc-bf"/>
            <object_component_ref idref="oc-c2"/>
            <object_component_ref idref="oc-da"/>
            <object_component_ref idref="oc-104"/>
            <object_component_ref idref="oc-dd"/>
            <object_component_ref idref="oc-c0"/>
            <object_component_ref idref="oc-c4"/>
            <object_component_ref idref="oc-bb"/>
            <object_component_ref idref="oc-f7"/>
            <object_component_ref idref="oc-107"/>
            <object_component_ref idref="oc-e8"/>
            <object_component_ref idref="oc-ed"/>
            <object_component_ref idref="oc-ce"/>
            <object_component_ref idref="oc-dc"/>
            <object_component_ref idref="oc-f0"/>
            <object_component_ref idref="oc-db"/>
            <object_component_ref idref="oc-f2"/>
            <object_component_ref idref="oc-f5"/>
            <object_component_ref idref="oc-bd"/>
            <object_component_ref idref="oc-fa"/>
            <object_component_ref idref="oc-f9"/>
            <object_component_ref idref="oc-1f"/>
            <object_component_ref idref="oc-101"/>
            <object_component_ref idref="oc-c6"/>
            <object_component_ref idref="oc-10c"/>
            <object_component_ref idref="oc-fc"/>
            <object_component_ref idref="oc-f8"/>
            <object_component_ref idref="oc-106"/>
            <object_component_ref idref="oc-cc"/>
[...]
      <logical_group id="lg-11f">
         <name>.debug_frame</name>
         <load_address>0x0</load_address>
         <run_address>0x0</run_address>
         <size>0x4ed</size>
         <contents>
            <object_component_ref idref="oc-24"/>
            <object_component_ref idref="oc-29"/>
         </contents>
      </logical_group>
   </logical_group_list>
   <placement_map>
      <memory_area>
         <name>IVECS</name>
         <page_id>0x0</page_id>
         <origin>0x0</origin>
         <length>0x220</length>
         <used_space>0x0</used_space>
         <unused_space>0x220</unused_space>
         <attributes>RWIX</attributes>
         <usage_details>
         </usage_details>
      </memory_area>
      <memory_area>
         <name>IRAM</name>
         <page_id>0x0</page_id>
         <origin>0x220</origin>
         <length>0x2fde0</length>
         <used_space>0xbe8a</used_space>
         <unused_space>0x23f56</unused_space>
         <attributes>RWIX</attributes>
         <usage_details>
            <allocated_space>
               <start_address>0x220</start_address>
               <size>0x0</size>
               <logical_group_ref idref="lg-5"/>
            </allocated_space>
            <allocated_space>
               <start_address>0x220</start_address>
               <size>0x8e80</size>
               <logical_group_ref idref="lg-4"/>
            </allocated_space>
            <allocated_space>
               <start_address>0x90a0</start_address>
               <size>0x1000</size>
               <logical_group_ref idref="lg-7"/>
            </allocated_space>
            <allocated_space>
               <start_address>0xa0a0</start_address>
               <size>0x1000</size>
               <logical_group_ref idref="lg-8"/>
            </allocated_space>
            <allocated_space>
               <start_address>0xb0a0</start_address>
               <size>0x92e</size>
               <logical_group_ref idref="lg-9"/>
            </allocated_space>
            <available_space>
               <start_address>0xb9ce</start_address>
               <size>0x2</size>
            </available_space>
            <allocated_space>
               <start_address>0xb9d0</start_address>
               <size>0x468</size>
               <logical_group_ref idref="lg-b"/>
            </allocated_space>
            <allocated_space>
               <start_address>0xbe38</start_address>
               <size>0x154</size>
               <logical_group_ref idref="lg-6"/>
            </allocated_space>
            <allocated_space>
               <start_address>0xbf8c</start_address>
               <size>0x120</size>
               <logical_group_ref idref="lg-c"/>
            </allocated_space>
            <available_space>
               <start_address>0xc0ac</start_address>
               <size>0x23f54</size>
            </available_space>
         </usage_details>
      </memory_area>
      <memory_area>
         <name>SDRAM</name>
         <page_id>0x0</page_id>
         <origin>0x80000000</origin>
         <length>0x1000000</length>
         <used_space>0x0</used_space>
         <unused_space>0x1000000</unused_space>
         <attributes>RWIX</attributes>
         <usage_details>
         </usage_details>
      </memory_area>
      <memory_area>
         <name>FLASH</name>
         <page_id>0x0</page_id>
         <origin>0x90000000</origin>
         <length>0x20000</length>
         <used_space>0x0</used_space>
         <unused_space>0x20000</unused_space>
         <attributes>RWIX</attributes>
         <usage_details>
         </usage_details>
      </memory_area>
   </placement_map>
   <symbol_table>
      <symbol id="sm-0">
         <name>cinit</name>
         <value>0xbe38</value>
      </symbol>
      <symbol id="sm-1">
         <name>___cinit__</name>
         <value>0xbe38</value>
      </symbol>
      <symbol id="sm-2">
         <name>pinit</name>
         <value>0xffffffff</value>
      </symbol>
      <symbol id="sm-3">
         <name>___pinit__</name>
         <value>0xffffffff</value>
      </symbol>
      <symbol id="sm-4">
         <name>binit</name>
         <value>0xffffffff</value>
      </symbol>
      <symbol id="sm-5">
         <name>___binit__</name>
         <value>0xffffffff</value>
      </symbol>
      <symbol id="sm-6">
         <name>__STACK_SIZE</name>
         <value>0x1000</value>
      </symbol>
      <symbol id="sm-7">
         <name>__STACK_END</name>
         <value>0xa0a0</value>
      </symbol>
      <symbol id="sm-8">
         <name>__SYSMEM_SIZE</name>
         <value>0x1000</value>
      </symbol>
      <symbol id="sm-9">
         <name>___c_args__</name>
         <value>0xffffffff</value>
      </symbol>
      <symbol id="sm-a">
         <name>.text</name>
         <value>0x220</value>
      </symbol>
      <symbol id="sm-b">
         <name>___text__</name>
         <value>0x220</value>
      </symbol>
      <symbol id="sm-c">
         <name>etext</name>
         <value>0x90a0</value>
      </symbol>
      <symbol id="sm-d">
         <name>___etext__</name>
         <value>0x90a0</value>
      </symbol>
      <symbol id="sm-e">
         <name>.bss</name>
         <value>0x220</value>
      </symbol>
      <symbol id="sm-f">
         <name>___bss__</name>
         <value>0x220</value>
      </symbol>
      <symbol id="sm-10">
         <name>end</name>
         <value>0x220</value>
      </symbol>
      <symbol id="sm-11">
         <name>___end__</name>
         <value>0x220</value>
      </symbol>
      <symbol id="sm-12">
         <name>___TI_pprof_out_hndl</name>
         <value>0xffffffff</value>
      </symbol>
      <symbol id="sm-13">
         <name>___TI_prof_data_start</name>
         <value>0xffffffff</value>
      </symbol>
      <symbol id="sm-14">
         <name>___TI_prof_data_size</name>
         <value>0xffffffff</value>
      </symbol>
      <symbol id="sm-15">
         <name>$bss</name>
         <value>0x220</value>
      </symbol>
      <symbol id="sm-3e">
         <name>_AddEntierSigne32bits</name>
         <value>0x6e8c</value>
         <object_component_ref idref="oc-f"/>
      </symbol>
      <symbol id="sm-3f">
         <name>_AddFractionnaire32bits_Q7p24_Q15p16</name>
         <value>0x6ecc</value>
         <object_component_ref idref="oc-f"/>
      </symbol>
      <symbol id="sm-40">
         <name>_AddEntierNonSigne32bits</name>
         <value>0x6e40</value>
         <object_component_ref idref="oc-f"/>
      </symbol>
      <symbol id="sm-4b">
         <name>_DivFlottant32bits</name>
         <value>0x64c4</value>
         <object_component_ref idref="oc-13"/>
      </symbol>
      <symbol id="sm-4c">
         <name>_DivSubcNonSigne32bit</name>
         <value>0x6410</value>
         <object_component_ref idref="oc-13"/>
      </symbol>
      <symbol id="sm-4d">
         <name>_DivIncrementationNonSigne32bit</name>
         <value>0x63a0</value>
         <object_component_ref idref="oc-13"/>
      </symbol>
      <symbol id="sm-56">
         <name>_EncrypterDonnees</name>
         <value>0x8b20</value>
         <object_component_ref idref="oc-17"/>
      </symbol>
      <symbol id="sm-5e">
         <name>_MpyFlottant64bits</name>
         <value>0x68e4</value>
         <object_component_ref idref="oc-1b"/>
      </symbol>
      <symbol id="sm-5f">
         <name>_MpyfractionnaireOp32bitsRes64bits_Q7p24_Q15p16</name>
         <value>0x68a0</value>
         <object_component_ref idref="oc-1b"/>
      </symbol>
      <symbol id="sm-60">
         <name>_MpyEntierNonSigneOp32bitsRes64bits</name>
         <value>0x67e0</value>
         <object_component_ref idref="oc-1b"/>
      </symbol>
      <symbol id="sm-61">
         <name>_MpyEntierSigneOp32bitsRes64bits</name>
         <value>0x685c</value>
         <object_component_ref idref="oc-1b"/>
      </symbol>
      <symbol id="sm-69">
         <name>_SubFlottant64bits</name>
         <value>0x84c8</value>
         <object_component_ref idref="oc-1f"/>
      </symbol>
      <symbol id="sm-6a">
         <name>_SubEntierNonSigne32bits</name>
         <value>0x8440</value>
         <object_component_ref idref="oc-1f"/>
      </symbol>
      <symbol id="sm-6b">
         <name>_SubEntierSigne32bits</name>
         <value>0x8488</value>
         <object_component_ref idref="oc-1f"/>
      </symbol>
      <symbol id="sm-8b">
         <name>_fvec_elementWise_mult</name>
         <value>0x3ee0</value>
         <object_component_ref idref="oc-cd"/>
      </symbol>
      <symbol id="sm-8c">
         <name>_mfcc_hamming_window_256</name>
         <value>0x3f84</value>
         <object_component_ref idref="oc-cd"/>
      </symbol>
      <symbol id="sm-8d">
         <name>_mfcc_hamming_window_256_opt</name>
         <value>0x4000</value>
         <object_component_ref idref="oc-cd"/>
      </symbol>
      <symbol id="sm-b7">
         <name>_main</name>
         <value>0x6200</value>
         <object_component_ref idref="oc-c9"/>
      </symbol>
      <symbol id="sm-c3">
         <name>_c_int00</name>
         <value>0x8d40</value>
         <object_component_ref idref="oc-e"/>
      </symbol>
      <symbol id="sm-c4">
         <name>__stack</name>
         <value>0x90a0</value>
         <object_component_ref idref="oc-2d"/>
      </symbol>
      <symbol id="sm-d4">
         <name>C$$EXIT</name>
         <value>0x9060</value>
         <object_component_ref idref="oc-ca"/>
      </symbol>
      <symbol id="sm-d5">
         <name>_exit</name>
         <value>0x81a0</value>
         <object_component_ref idref="oc-bd"/>
      </symbol>
      <symbol id="sm-d6">
         <name>___TI_enable_exit_profile_output</name>
         <value>0xbe18</value>
         <object_component_ref idref="oc-32"/>
      </symbol>
      <symbol id="sm-d7">
         <name>_abort</name>
         <value>0x9060</value>
         <object_component_ref idref="oc-ca"/>
      </symbol>
      <symbol id="sm-d8">
         <name>__cleanup_ptr</name>
         <value>0xbe10</value>
         <object_component_ref idref="oc-32"/>
      </symbol>
      <symbol id="sm-d9">
         <name>__dtors_ptr</name>
         <value>0xbe14</value>
         <object_component_ref idref="oc-32"/>
      </symbol>
      <symbol id="sm-e7">
         <name>_printf</name>
         <value>0x7c20</value>
         <object_component_ref idref="oc-ce"/>
      </symbol>
      <symbol id="sm-f5">
         <name>__unlock</name>
         <value>0xbe20</value>
         <object_component_ref idref="oc-3a"/>
      </symbol>
      <symbol id="sm-f6">
         <name>__lock</name>
         <value>0xbe1c</value>
         <object_component_ref idref="oc-3a"/>
      </symbol>
      <symbol id="sm-f7">
         <name>__nop</name>
         <value>0x9000</value>
         <object_component_ref idref="oc-be"/>
      </symbol>
      <symbol id="sm-127">
         <name>__printfi</name>
         <value>0x1640</value>
         <object_component_ref idref="oc-d3"/>
      </symbol>
      <symbol id="sm-131">
         <name>__args_main</name>
         <value>0x8fa0</value>
         <object_component_ref idref="oc-bc"/>
      </symbol>
      <symbol id="sm-132">
         <name>__TI_args_main</name>
         <value>0x1</value>
      </symbol>
      <symbol id="sm-13c">
         <name>_atoi</name>
         <value>0x6bc0</value>
         <object_component_ref idref="oc-de"/>
      </symbol>
      <symbol id="sm-146">
         <name>__auto_init</name>
         <value>0x7720</value>
         <object_component_ref idref="oc-bb"/>
      </symbol>
      <symbol id="sm-150">
         <name>___TI_cpp_init</name>
         <value>0x8bc0</value>
         <object_component_ref idref="oc-c8"/>
      </symbol>
      <symbol id="sm-15a">
         <name>_copy_in</name>
         <value>0x85e0</value>
         <object_component_ref idref="oc-c6"/>
      </symbol>
      <symbol id="sm-162">
         <name>__ctypes_</name>
         <value>0xb8a0</value>
         <object_component_ref idref="oc-e4"/>
      </symbol>
      <symbol id="sm-16c">
         <name>__tmpnams</name>
         <value>0xbbb0</value>
         <object_component_ref idref="oc-54"/>
      </symbol>
      <symbol id="sm-16d">
         <name>__ft_end</name>
         <value>0xbcf0</value>
         <object_component_ref idref="oc-54"/>
      </symbol>
      <symbol id="sm-16e">
         <name>__ftable</name>
         <value>0xb9d0</value>
         <object_component_ref idref="oc-54"/>
      </symbol>
      <symbol id="sm-178">
         <name>__divd</name>
         <value>0x220</value>
         <object_component_ref idref="oc-f6"/>
      </symbol>
      <symbol id="sm-180">
         <name>__c6xabi_divu</name>
         <value>0x8520</value>
         <object_component_ref idref="oc-101"/>
      </symbol>
      <symbol id="sm-181">
         <name>__divu</name>
         <value>0x8520</value>
         <object_component_ref idref="oc-101"/>
      </symbol>
      <symbol id="sm-18b">
         <name>__fixdli</name>
         <value>0x8760</value>
         <object_component_ref idref="oc-fc"/>
      </symbol>
      <symbol id="sm-195">
         <name>__fltlid</name>
         <value>0x8c40</value>
         <object_component_ref idref="oc-fe"/>
      </symbol>
      <symbol id="sm-19f">
         <name>_putc</name>
         <value>0x4d40</value>
         <object_component_ref idref="oc-d5"/>
      </symbol>
      <symbol id="sm-1a0">
         <name>_fputc</name>
         <value>0x4d40</value>
         <object_component_ref idref="oc-d5"/>
      </symbol>
      <symbol id="sm-1ac">
         <name>_fputs</name>
         <value>0x1ba0</value>
         <object_component_ref idref="oc-d4"/>
      </symbol>
      <symbol id="sm-1b6">
         <name>__frcmpyd_div</name>
         <value>0x6a80</value>
         <object_component_ref idref="oc-100"/>
      </symbol>
      <symbol id="sm-1c4">
         <name>__divul</name>
         <value>0x4fe0</value>
         <object_component_ref idref="oc-102"/>
      </symbol>
      <symbol id="sm-1c5">
         <name>__remli</name>
         <value>0x88a0</value>
         <object_component_ref idref="oc-106"/>
      </symbol>
      <symbol id="sm-1c6">
         <name>__divli</name>
         <value>0x7920</value>
         <object_component_ref idref="oc-107"/>
      </symbol>
      <symbol id="sm-1d2">
         <name>__subcull</name>
         <value>0x8f00</value>
         <object_component_ref idref="oc-109"/>
      </symbol>
      <symbol id="sm-1d3">
         <name>__divull</name>
         <value>0x3120</value>
         <object_component_ref idref="oc-103"/>
      </symbol>
      <symbol id="sm-1dd">
         <name>___isinf</name>
         <value>0x8e40</value>
         <object_component_ref idref="oc-e6"/>
      </symbol>
      <symbol id="sm-1e9">
         <name>__llshl</name>
         <value>0x8cc0</value>
         <object_component_ref idref="oc-108"/>
      </symbol>
      <symbol id="sm-1ea">
         <name>__llshru</name>
         <value>0x8ea0</value>
         <object_component_ref idref="oc-ff"/>
      </symbol>
      <symbol id="sm-202">
         <name>_unlink</name>
         <value>0x89e0</value>
         <object_component_ref idref="oc-10a"/>
      </symbol>
      <symbol id="sm-203">
         <name>_lseek</name>
         <value>0x7b20</value>
         <object_component_ref idref="oc-ed"/>
      </symbol>
      <symbol id="sm-204">
         <name>_close</name>
         <value>0x72e0</value>
         <object_component_ref idref="oc-104"/>
      </symbol>
      <symbol id="sm-205">
         <name>_write</name>
         <value>0x7d20</value>
         <object_component_ref idref="oc-dc"/>
      </symbol>
      <symbol id="sm-20f">
         <name>_ltoa</name>
         <value>0x6d00</value>
         <object_component_ref idref="oc-fd"/>
      </symbol>
      <symbol id="sm-219">
         <name>_memccpy</name>
         <value>0x8dc0</value>
         <object_component_ref idref="oc-e1"/>
      </symbol>
      <symbol id="sm-223">
         <name>_memcpy</name>
         <value>0x56c0</value>
         <object_component_ref idref="oc-c7"/>
      </symbol>
      <symbol id="sm-22d">
         <name>_memset</name>
         <value>0x7400</value>
         <object_component_ref idref="oc-dd"/>
      </symbol>
      <symbol id="sm-237">
         <name>__mpyll</name>
         <value>0x8800</value>
         <object_component_ref idref="oc-f8"/>
      </symbol>
      <symbol id="sm-241">
         <name>__negll</name>
         <value>0x8fe0</value>
         <object_component_ref idref="oc-eb"/>
      </symbol>
      <symbol id="sm-259">
         <name>_HOSTopen</name>
         <value>0x6f80</value>
         <object_component_ref idref="oc-bf"/>
      </symbol>
      <symbol id="sm-25a">
         <name>_HOSTread</name>
         <value>0x6940</value>
         <object_component_ref idref="oc-c1"/>
      </symbol>
      <symbol id="sm-25b">
         <name>_HOSTrename</name>
         <value>0x5900</value>
         <object_component_ref idref="oc-c5"/>
      </symbol>
      <symbol id="sm-25c">
         <name>_HOSTwrite</name>
         <value>0x70a0</value>
         <object_component_ref idref="oc-c2"/>
      </symbol>
      <symbol id="sm-25d">
         <name>_HOSTlseek</name>
         <value>0x6520</value>
         <object_component_ref idref="oc-c3"/>
      </symbol>
      <symbol id="sm-25e">
         <name>_HOSTunlink</name>
         <value>0x7620</value>
         <object_component_ref idref="oc-c4"/>
      </symbol>
      <symbol id="sm-25f">
         <name>_HOSTclose</name>
         <value>0x7520</value>
         <object_component_ref idref="oc-c0"/>
      </symbol>
      <symbol id="sm-26d">
         <name>C$$IO$$</name>
         <value>0x8af8</value>
         <object_component_ref idref="oc-cb"/>
      </symbol>
      <symbol id="sm-26e">
         <name>__CIOBUF_</name>
         <value>0xbf8c</value>
         <object_component_ref idref="oc-94"/>
      </symbol>
      <symbol id="sm-26f">
         <name>_readmsg</name>
         <value>0x8940</value>
         <object_component_ref idref="oc-cc"/>
      </symbol>
      <symbol id="sm-270">
         <name>_writemsg</name>
         <value>0x8a80</value>
         <object_component_ref idref="oc-cb"/>
      </symbol>
      <symbol id="sm-27a">
         <name>__wrt_ok</name>
         <value>0x71c0</value>
         <object_component_ref idref="oc-da"/>
      </symbol>
      <symbol id="sm-28b">
         <name>__doflush</name>
         <value>0x7f00</value>
         <object_component_ref idref="oc-db"/>
      </symbol>
      <symbol id="sm-295">
         <name>_fseek</name>
         <value>0x5d00</value>
         <object_component_ref idref="oc-e2"/>
      </symbol>
      <symbol id="sm-29f">
         <name>_setvbuf</name>
         <value>0x47e0</value>
         <object_component_ref idref="oc-e3"/>
      </symbol>
      <symbol id="sm-2ad">
         <name>__cleanup</name>
         <value>0x7e20</value>
         <object_component_ref idref="oc-f0"/>
      </symbol>
      <symbol id="sm-2c3">
         <name>__sys_memory</name>
         <value>0xa0a0</value>
         <object_component_ref idref="oc-ae"/>
      </symbol>
      <symbol id="sm-2c4">
         <name>_free</name>
         <value>0x34a0</value>
         <object_component_ref idref="oc-ee"/>
      </symbol>
      <symbol id="sm-2c5">
         <name>_malloc</name>
         <value>0x5480</value>
         <object_component_ref idref="oc-ef"/>
      </symbol>
      <symbol id="sm-2cf">
         <name>__closefile</name>
         <value>0x6680</value>
         <object_component_ref idref="oc-fb"/>
      </symbol>
      <symbol id="sm-2d9">
         <name>_remove</name>
         <value>0x9080</value>
         <object_component_ref idref="oc-105"/>
      </symbol>
      <symbol id="sm-2e3">
         <name>_DSPF_sp_cfftr4_dif</name>
         <value>0x2060</value>
         <object_component_ref idref="oc-b7"/>
      </symbol>
   </symbol_table>
</link_info>
