******************************************************************************
               TMS320C6x Linker PC v7.4.20                     
******************************************************************************
>> Linked Fri Feb 16 14:56:26 2018

OUTPUT FILE NAME:   <MFCC_algorithme.out>
ENTRY POINT SYMBOL: "_c_int00"  address: 00008d40


MEMORY CONFIGURATION

         name            origin    length      used     unused   attr    fill
----------------------  --------  ---------  --------  --------  ----  --------
  IVECS                 00000000   00000220  00000000  00000220  RWIX
  IRAM                  00000220   0002fde0  0000be8a  00023f56  RWIX
  SDRAM                 80000000   01000000  00000000  01000000  RWIX
  FLASH                 90000000   00020000  00000000  00020000  RWIX


SECTION ALLOCATION MAP

 output                                  attributes/
section   page    origin      length       input sections
--------  ----  ----------  ----------   ----------------
.bss       0    00000220    00000000     UNINITIALIZED

.text      0    00000220    00008e80     
                  00000220    00000720     rts6700.lib : divd.obj (.text:__divd)
                  00000940    000006c0                 : _printfi.obj (.text:__getarg_diouxp)
                  00001000    00000640                 : _printfi.obj (.text:__setfield)
                  00001640    00000560                 : _printfi.obj (.text:__printfi)
                  00001ba0    000004c0                 : fputs.obj (.text:_fputs)
                  00002060    000004a0     dsp67x.lib : DSPF_sp_cfftr4_dif.obj (.text)
                  00002500    00000420     rts6700.lib : _printfi.obj (.text:_fcvt)
                  00002920    00000400                 : _printfi.obj (.text:__pproc_fge)
                  00002d20    00000400                 : _printfi.obj (.text:_ecvt)
                  00003120    00000380                 : imath64.obj (.text:__divull)
                  000034a0    00000380                 : memory.obj (.text:_free)
                  00003820    00000360                 : _printfi.obj (.text:__pconv_e)
                  00003b80    00000360                 : _printfi.obj (.text:__pproc_fwp)
                  00003ee0    00000340     functions.obj (.text)
                  00004220    00000300     rts6700.lib : _printfi.obj (.text:__pproc_diouxp)
                  00004520    000002c0                 : _printfi.obj (.text:__pproc_str)
                  000047e0    000002c0                 : setvbuf.obj (.text:_setvbuf)
                  00004aa0    000002a0                 : _printfi.obj (.text:__pconv_g)
                  00004d40    000002a0                 : fputc.obj (.text:_fputc)
                  00004fe0    00000260                 : imath40.obj (.text:__divul)
                  00005240    00000240                 : _printfi.obj (.text:__mcpy)
                  00005480    00000240                 : memory.obj (.text:_malloc)
                  000056c0    00000240                 : memcpy62.obj (.text:_memcpy)
                  00005900    00000220                 : trgdrv.obj (.text:_HOSTrename)
                  00005b20    000001e0                 : lowlev.obj (.text:_getdevice)
                  00005d00    000001c0                 : fseek.obj (.text:_fseek)
                  00005ec0    000001a0                 : _printfi.obj (.text:__ltostr)
                  00006060    000001a0                 : _printfi.obj (.text:__pproc_fflags)
                  00006200    000001a0     main.obj (.text)
                  000063a0    00000180     divide.obj (.text)
                  00006520    00000160     rts6700.lib : trgdrv.obj (.text:_HOSTlseek)
                  00006680    00000160                 : fclose.obj (.text:__closefile)
                  000067e0    00000160     multiply.obj (.text)
                  00006940    00000140     rts6700.lib : trgdrv.obj (.text:_HOSTread)
                  00006a80    00000140                 : frcmpyd_div.obj (.text:__frcmpyd_div)
                  00006bc0    00000140                 : atoi.obj (.text:_atoi)
                  00006d00    00000140                 : ltoa.obj (.text:_ltoa)
                  00006e40    00000140     addition.obj (.text)
                  00006f80    00000120     rts6700.lib : trgdrv.obj (.text:_HOSTopen)
                  000070a0    00000120                 : trgdrv.obj (.text:_HOSTwrite)
                  000071c0    00000120                 : _io_perm.obj (.text:__wrt_ok)
                  000072e0    00000120                 : lowlev.obj (.text:_close)
                  00007400    00000120                 : memset.obj (.text:_memset)
                  00007520    00000100                 : trgdrv.obj (.text:_HOSTclose)
                  00007620    00000100                 : trgdrv.obj (.text:_HOSTunlink)
                  00007720    00000100                 : autoinit.obj (.text:__auto_init)
                  00007820    00000100                 : _printfi.obj (.text:__div)
                  00007920    00000100                 : imath40.obj (.text:__divli)
                  00007a20    00000100                 : _printfi.obj (.text:__pconv_f)
                  00007b20    00000100                 : lowlev.obj (.text:_lseek)
                  00007c20    00000100                 : printf.obj (.text:_printf)
                  00007d20    00000100                 : lowlev.obj (.text:_write)
                  00007e20    000000e0                 : fopen.obj (.text:__cleanup)
                  00007f00    000000e0                 : fflush.obj (.text:__doflush)
                  00007fe0    000000e0                 : _printfi.obj (.text:__ecpy)
                  000080c0    000000e0                 : _printfi.obj (.text:__fcpy)
                  000081a0    000000e0                 : exit.obj (.text:_exit)
                  00008280    000000e0                 : memory.obj (.text:_minsert)
                  00008360    000000e0                 : memory.obj (.text:_mremove)
                  00008440    000000e0     substraction.obj (.text)
                  00008520    000000c0     rts6700.lib : divu.obj (.text:__divu)
                  000085e0    000000c0                 : cpy_tbl.obj (.text:_copy_in)
                  000086a0    000000c0                 : lowlev.obj (.text:_finddevice)
                  00008760    000000a0                 : fixdli.obj (.text:__fixdli)
                  00008800    000000a0                 : mpyll.obj (.text:__mpyll)
                  000088a0    000000a0                 : imath40.obj (.text:__remli)
                  00008940    000000a0                 : trgmsg.obj (.text:_readmsg)
                  000089e0    000000a0                 : lowlev.obj (.text:_unlink)
                  00008a80    000000a0                 : trgmsg.obj (.text:_writemsg)
                  00008b20    000000a0     encrypt.obj (.text)
                  00008bc0    00000080     rts6700.lib : cpp_init.obj (.text:___TI_cpp_init)
                  00008c40    00000080                 : fltlid.obj (.text:__fltlid)
                  00008cc0    00000080                 : llshift.obj (.text:__llshl)
                  00008d40    00000080                 : boot.obj (.text:_c_int00)
                  00008dc0    00000080                 : memccpy.obj (.text:_memccpy)
                  00008e40    00000060                 : isinf.obj (.text:___isinf)
                  00008ea0    00000060                 : llshift.obj (.text:__llshru)
                  00008f00    00000060                 : imath64.obj (.text:__subcull)
                  00008f60    00000040                 : _printfi.obj (.text:___isnan)
                  00008fa0    00000040                 : args_main.obj (.text:__args_main)
                  00008fe0    00000020                 : negll.obj (.text:__negll)
                  00009000    00000020                 : _lock.obj (.text:__nop)
                  00009020    00000020                 : printf.obj (.text:__outc)
                  00009040    00000020                 : printf.obj (.text:__outs)
                  00009060    00000020                 : exit.obj (.text:_abort)
                  00009080    00000020                 : remove.obj (.text:_remove)

.stack     0    000090a0    00001000     UNINITIALIZED
                  000090a0    00000008     rts6700.lib : boot.obj (.stack)
                  000090a8    00000ff8     --HOLE--

.sysmem    0    0000a0a0    00001000     UNINITIALIZED
                  0000a0a0    00000008     rts6700.lib : memory.obj (.sysmem)
                  0000a0a8    00000ff8     --HOLE--

.const     0    0000b0a0    0000092e     
                  0000b0a0    00000400     functions.obj (.const:_hamming_window$1)
                  0000b4a0    00000400     functions.obj (.const:_hamming_window$2)
                  0000b8a0    00000101     rts6700.lib : ctype.obj (.const:.string:__ctypes_)
                  0000b9a1    00000023                 : _printfi.obj (.const:.string)
                  0000b9c4    00000008     main.obj (.const:.string)
                  0000b9cc    00000002     rts6700.lib : fputs.obj (.const:.string)

.far       0    0000b9d0    00000468     UNINITIALIZED
                  0000b9d0    00000324     rts6700.lib : defs.obj (.far)
                  0000bcf4    0000011c                 : lowlev.obj (.far)
                  0000be10    0000000c                 : exit.obj (.far)
                  0000be1c    00000008                 : _lock.obj (.far)
                  0000be24    00000008                 : memory.obj (.far)
                  0000be2c    00000008                 : trgdrv.obj (.far)
                  0000be34    00000004                 : fopen.obj (.far)

.cinit     0    0000be38    00000154     
                  0000be38    0000005c     rts6700.lib : defs.obj (.cinit)
                  0000be94    00000004     --HOLE-- [fill = 0]
                  0000be98    0000005c                 : lowlev.obj (.cinit)
                  0000bef4    00000004     --HOLE-- [fill = 0]
                  0000bef8    0000002c                 : exit.obj (.cinit)
                  0000bf24    00000004     --HOLE-- [fill = 0]
                  0000bf28    0000002c                 : memory.obj (.cinit)
                  0000bf54    00000004     --HOLE-- [fill = 0]
                  0000bf58    0000001c                 : _lock.obj (.cinit)
                  0000bf74    00000004     --HOLE-- [fill = 0]
                  0000bf78    0000000c                 : fopen.obj (.cinit)
                  0000bf84    00000004     --HOLE-- [fill = 0]
                  0000bf88    00000004     (.pad.cinit) [fill = 0]

.cio       0    0000bf8c    00000120     UNINITIALIZED
                  0000bf8c    00000120     rts6700.lib : trgmsg.obj (.cio)


GLOBAL SYMBOLS: SORTED ALPHABETICALLY BY Name 

address    name
--------   ----
00000220   $bss
00000220   .bss
00000220   .text
00009060   C$$EXIT
00008af8   C$$IO$$
00006e40   _AddEntierNonSigne32bits
00006e8c   _AddEntierSigne32bits
00006ecc   _AddFractionnaire32bits_Q7p24_Q15p16
00002060   _DSPF_sp_cfftr4_dif
000064c4   _DivFlottant32bits
000063a0   _DivIncrementationNonSigne32bit
00006410   _DivSubcNonSigne32bit
00008b20   _EncrypterDonnees
00007520   _HOSTclose
00006520   _HOSTlseek
00006f80   _HOSTopen
00006940   _HOSTread
00005900   _HOSTrename
00007620   _HOSTunlink
000070a0   _HOSTwrite
000067e0   _MpyEntierNonSigneOp32bitsRes64bits
0000685c   _MpyEntierSigneOp32bitsRes64bits
000068e4   _MpyFlottant64bits
000068a0   _MpyfractionnaireOp32bitsRes64bits_Q7p24_Q15p16
00008440   _SubEntierNonSigne32bits
00008488   _SubEntierSigne32bits
000084c8   _SubFlottant64bits
0000bf8c   __CIOBUF_
0000a0a0   __STACK_END
00001000   __STACK_SIZE
00001000   __SYSMEM_SIZE
00000001   __TI_args_main
00008bc0   ___TI_cpp_init
0000be18   ___TI_enable_exit_profile_output
ffffffff   ___TI_pprof_out_hndl
ffffffff   ___TI_prof_data_size
ffffffff   ___TI_prof_data_start
ffffffff   ___binit__
00000220   ___bss__
ffffffff   ___c_args__
0000be38   ___cinit__
00000220   ___end__
000090a0   ___etext__
00008e40   ___isinf
ffffffff   ___pinit__
00000220   ___text__
00008fa0   __args_main
00007720   __auto_init
00008520   __c6xabi_divu
00007e20   __cleanup
0000be10   __cleanup_ptr
00006680   __closefile
0000b8a0   __ctypes_
00000220   __divd
00007920   __divli
00008520   __divu
00004fe0   __divul
00003120   __divull
00007f00   __doflush
0000be14   __dtors_ptr
00008760   __fixdli
00008c40   __fltlid
00006a80   __frcmpyd_div
0000bcf0   __ft_end
0000b9d0   __ftable
00008cc0   __llshl
00008ea0   __llshru
0000be1c   __lock
00008800   __mpyll
00008fe0   __negll
00009000   __nop
00001640   __printfi
000088a0   __remli
000090a0   __stack
00008f00   __subcull
0000a0a0   __sys_memory
0000bbb0   __tmpnams
0000be20   __unlock
000071c0   __wrt_ok
00009060   _abort
00006bc0   _atoi
00008d40   _c_int00
000072e0   _close
000085e0   _copy_in
000081a0   _exit
00004d40   _fputc
00001ba0   _fputs
000034a0   _free
00005d00   _fseek
00003ee0   _fvec_elementWise_mult
00007b20   _lseek
00006d00   _ltoa
00006200   _main
00005480   _malloc
00008dc0   _memccpy
000056c0   _memcpy
00007400   _memset
00003f84   _mfcc_hamming_window_256
00004000   _mfcc_hamming_window_256_opt
00007c20   _printf
00004d40   _putc
00008940   _readmsg
00009080   _remove
000047e0   _setvbuf
000089e0   _unlink
00007d20   _write
00008a80   _writemsg
ffffffff   binit
0000be38   cinit
00000220   end
000090a0   etext
ffffffff   pinit


GLOBAL SYMBOLS: SORTED BY Symbol Address 

address    name
--------   ----
00000001   __TI_args_main
00000220   $bss
00000220   .bss
00000220   .text
00000220   ___bss__
00000220   ___end__
00000220   ___text__
00000220   __divd
00000220   end
00001000   __STACK_SIZE
00001000   __SYSMEM_SIZE
00001640   __printfi
00001ba0   _fputs
00002060   _DSPF_sp_cfftr4_dif
00003120   __divull
000034a0   _free
00003ee0   _fvec_elementWise_mult
00003f84   _mfcc_hamming_window_256
00004000   _mfcc_hamming_window_256_opt
000047e0   _setvbuf
00004d40   _fputc
00004d40   _putc
00004fe0   __divul
00005480   _malloc
000056c0   _memcpy
00005900   _HOSTrename
00005d00   _fseek
00006200   _main
000063a0   _DivIncrementationNonSigne32bit
00006410   _DivSubcNonSigne32bit
000064c4   _DivFlottant32bits
00006520   _HOSTlseek
00006680   __closefile
000067e0   _MpyEntierNonSigneOp32bitsRes64bits
0000685c   _MpyEntierSigneOp32bitsRes64bits
000068a0   _MpyfractionnaireOp32bitsRes64bits_Q7p24_Q15p16
000068e4   _MpyFlottant64bits
00006940   _HOSTread
00006a80   __frcmpyd_div
00006bc0   _atoi
00006d00   _ltoa
00006e40   _AddEntierNonSigne32bits
00006e8c   _AddEntierSigne32bits
00006ecc   _AddFractionnaire32bits_Q7p24_Q15p16
00006f80   _HOSTopen
000070a0   _HOSTwrite
000071c0   __wrt_ok
000072e0   _close
00007400   _memset
00007520   _HOSTclose
00007620   _HOSTunlink
00007720   __auto_init
00007920   __divli
00007b20   _lseek
00007c20   _printf
00007d20   _write
00007e20   __cleanup
00007f00   __doflush
000081a0   _exit
00008440   _SubEntierNonSigne32bits
00008488   _SubEntierSigne32bits
000084c8   _SubFlottant64bits
00008520   __c6xabi_divu
00008520   __divu
000085e0   _copy_in
00008760   __fixdli
00008800   __mpyll
000088a0   __remli
00008940   _readmsg
000089e0   _unlink
00008a80   _writemsg
00008af8   C$$IO$$
00008b20   _EncrypterDonnees
00008bc0   ___TI_cpp_init
00008c40   __fltlid
00008cc0   __llshl
00008d40   _c_int00
00008dc0   _memccpy
00008e40   ___isinf
00008ea0   __llshru
00008f00   __subcull
00008fa0   __args_main
00008fe0   __negll
00009000   __nop
00009060   C$$EXIT
00009060   _abort
00009080   _remove
000090a0   ___etext__
000090a0   __stack
000090a0   etext
0000a0a0   __STACK_END
0000a0a0   __sys_memory
0000b8a0   __ctypes_
0000b9d0   __ftable
0000bbb0   __tmpnams
0000bcf0   __ft_end
0000be10   __cleanup_ptr
0000be14   __dtors_ptr
0000be18   ___TI_enable_exit_profile_output
0000be1c   __lock
0000be20   __unlock
0000be38   ___cinit__
0000be38   cinit
0000bf8c   __CIOBUF_
ffffffff   ___TI_pprof_out_hndl
ffffffff   ___TI_prof_data_size
ffffffff   ___TI_prof_data_start
ffffffff   ___binit__
ffffffff   ___c_args__
ffffffff   ___pinit__
ffffffff   binit
ffffffff   pinit

[112 symbols]
