******************************************************************************
               TMS320C6x Linker PC v7.4.20                     
******************************************************************************
>> Linked Sat Feb 17 17:21:26 2018

OUTPUT FILE NAME:   <MFCC_algorithme.out>
ENTRY POINT SYMBOL: "_c_int00"  address: 00009be0


MEMORY CONFIGURATION

         name            origin    length      used     unused   attr    fill
----------------------  --------  ---------  --------  --------  ----  --------
  IVECS                 00000000   00000220  00000000  00000220  RWIX
  IRAM                  00000220   0002fde0  0000ce5e  00022f82  RWIX
  SDRAM                 80000000   01000000  00000000  01000000  RWIX
  FLASH                 90000000   00020000  00000000  00020000  RWIX


SECTION ALLOCATION MAP

 output                                  attributes/
section   page    origin      length       input sections
--------  ----  ----------  ----------   ----------------
.bss       0    00000220    00000000     UNINITIALIZED

.text      0    00000220    00009d60     
                  00000220    00000720     rts6700.lib : divd.obj (.text:__divd)
                  00000940    000006c0                 : _printfi.obj (.text:__getarg_diouxp)
                  00001000    00000660     functions.obj (.text)
                  00001660    00000640     rts6700.lib : _printfi.obj (.text:__setfield)
                  00001ca0    00000560                 : _printfi.obj (.text:__printfi)
                  00002200    000004c0                 : fputs.obj (.text:_fputs)
                  000026c0    000004a0     dsp67x.lib : DSPF_sp_cfftr4_dif.obj (.text)
                  00002b60    00000420     rts6700.lib : _printfi.obj (.text:_fcvt)
                  00002f80    00000400                 : _printfi.obj (.text:__pproc_fge)
                  00003380    00000400                 : _printfi.obj (.text:_ecvt)
                  00003780    00000380                 : imath64.obj (.text:__divull)
                  00003b00    00000380                 : memory.obj (.text:_free)
                  00003e80    00000360                 : _printfi.obj (.text:__pconv_e)
                  000041e0    00000360                 : _printfi.obj (.text:__pproc_fwp)
                  00004540    00000300                 : divf.obj (.text:__divf)
                  00004840    00000300                 : _printfi.obj (.text:__pproc_diouxp)
                  00004b40    000002c0                 : _printfi.obj (.text:__pproc_str)
                  00004e00    000002c0                 : setvbuf.obj (.text:_setvbuf)
                  000050c0    000002a0                 : _printfi.obj (.text:__pconv_g)
                  00005360    000002a0                 : fputc.obj (.text:_fputc)
                  00005600    00000280                 : exp.obj (.text:_exp)
                  00005880    00000260                 : imath40.obj (.text:__divul)
                  00005ae0    00000260                 : log.obj (.text:_log)
                  00005d40    00000240                 : _printfi.obj (.text:__mcpy)
                  00005f80    00000240                 : memory.obj (.text:_malloc)
                  000061c0    00000240                 : memcpy62.obj (.text:_memcpy)
                  00006400    00000220                 : trgdrv.obj (.text:_HOSTrename)
                  00006620    000001e0                 : lowlev.obj (.text:_getdevice)
                  00006800    000001c0                 : fseek.obj (.text:_fseek)
                  000069c0    000001a0                 : _printfi.obj (.text:__ltostr)
                  00006b60    000001a0                 : _printfi.obj (.text:__pproc_fflags)
                  00006d00    000001a0                 : ldexp.obj (.text:_ldexp)
                  00006ea0    000001a0     main.obj (.text)
                  00007040    00000180     divide.obj (.text)
                  000071c0    00000160     rts6700.lib : trgdrv.obj (.text:_HOSTlseek)
                  00007320    00000160                 : fclose.obj (.text:__closefile)
                  00007480    00000160     multiply.obj (.text)
                  000075e0    00000140     rts6700.lib : trgdrv.obj (.text:_HOSTread)
                  00007720    00000140                 : frcmpyd_div.obj (.text:__frcmpyd_div)
                  00007860    00000140                 : atoi.obj (.text:_atoi)
                  000079a0    00000140                 : ltoa.obj (.text:_ltoa)
                  00007ae0    00000140     addition.obj (.text)
                  00007c20    00000120     rts6700.lib : trgdrv.obj (.text:_HOSTopen)
                  00007d40    00000120                 : trgdrv.obj (.text:_HOSTwrite)
                  00007e60    00000120                 : _io_perm.obj (.text:__wrt_ok)
                  00007f80    00000120                 : lowlev.obj (.text:_close)
                  000080a0    00000120                 : frexp.obj (.text:_frexp)
                  000081c0    00000120                 : memset.obj (.text:_memset)
                  000082e0    00000100                 : trgdrv.obj (.text:_HOSTclose)
                  000083e0    00000100                 : trgdrv.obj (.text:_HOSTunlink)
                  000084e0    00000100                 : autoinit.obj (.text:__auto_init)
                  000085e0    00000100                 : _printfi.obj (.text:__div)
                  000086e0    00000100                 : imath40.obj (.text:__divli)
                  000087e0    00000100                 : _printfi.obj (.text:__pconv_f)
                  000088e0    00000100                 : lowlev.obj (.text:_lseek)
                  000089e0    00000100                 : printf.obj (.text:_printf)
                  00008ae0    00000100                 : lowlev.obj (.text:_write)
                  00008be0    000000e0                 : fopen.obj (.text:__cleanup)
                  00008cc0    000000e0                 : fflush.obj (.text:__doflush)
                  00008da0    000000e0                 : _printfi.obj (.text:__ecpy)
                  00008e80    000000e0                 : _printfi.obj (.text:__fcpy)
                  00008f60    000000e0                 : exit.obj (.text:_exit)
                  00009040    000000e0                 : memory.obj (.text:_minsert)
                  00009120    000000e0                 : modf.obj (.text:_modf)
                  00009200    000000e0                 : memory.obj (.text:_mremove)
                  000092e0    000000e0     substraction.obj (.text)
                  000093c0    000000c0     rts6700.lib : divu.obj (.text:__divu)
                  00009480    000000c0                 : cpy_tbl.obj (.text:_copy_in)
                  00009540    000000c0                 : lowlev.obj (.text:_finddevice)
                  00009600    000000a0                 : fixdli.obj (.text:__fixdli)
                  000096a0    000000a0                 : mpyll.obj (.text:__mpyll)
                  00009740    000000a0                 : imath40.obj (.text:__remli)
                  000097e0    000000a0                 : trgmsg.obj (.text:_readmsg)
                  00009880    000000a0                 : lowlev.obj (.text:_unlink)
                  00009920    000000a0                 : trgmsg.obj (.text:_writemsg)
                  000099c0    000000a0     encrypt.obj (.text)
                  00009a60    00000080     rts6700.lib : cpp_init.obj (.text:___TI_cpp_init)
                  00009ae0    00000080                 : fltlid.obj (.text:__fltlid)
                  00009b60    00000080                 : llshift.obj (.text:__llshl)
                  00009be0    00000080                 : boot.obj (.text:_c_int00)
                  00009c60    00000080                 : memccpy.obj (.text:_memccpy)
                  00009ce0    00000060                 : isinf.obj (.text:___isinf)
                  00009d40    00000060                 : llshift.obj (.text:__llshru)
                  00009da0    00000060                 : imath64.obj (.text:__subcull)
                  00009e00    00000040                 : _printfi.obj (.text:___isnan)
                  00009e40    00000040                 : args_main.obj (.text:__args_main)
                  00009e80    00000040                 : trunc.obj (.text:__trunc)
                  00009ec0    00000020                 : negll.obj (.text:__negll)
                  00009ee0    00000020                 : _lock.obj (.text:__nop)
                  00009f00    00000020                 : printf.obj (.text:__outc)
                  00009f20    00000020                 : printf.obj (.text:__outs)
                  00009f40    00000020                 : exit.obj (.text:_abort)
                  00009f60    00000020                 : remove.obj (.text:_remove)

.stack     0    00009f80    00001000     UNINITIALIZED
                  00009f80    00000008     rts6700.lib : boot.obj (.stack)
                  00009f88    00000ff8     --HOLE--

.sysmem    0    0000af80    00001000     UNINITIALIZED
                  0000af80    00000008     rts6700.lib : memory.obj (.sysmem)
                  0000af88    00000ff8     --HOLE--

.const     0    0000bf80    0000092e     
                  0000bf80    00000400     functions.obj (.const:_hamming_window$1)
                  0000c380    00000400     functions.obj (.const:_hamming_window$2)
                  0000c780    00000101     rts6700.lib : ctype.obj (.const:.string:__ctypes_)
                  0000c881    00000023                 : _printfi.obj (.const:.string)
                  0000c8a4    00000008     main.obj (.const:.string)
                  0000c8ac    00000002     rts6700.lib : fputs.obj (.const:.string)

.far       0    0000c8b0    000004cc     UNINITIALIZED
                  0000c8b0    00000324     rts6700.lib : defs.obj (.far)
                  0000cbd4    0000011c                 : lowlev.obj (.far)
                  0000ccf0    00000030                 : exp.obj (.far)
                  0000cd20    00000030                 : log.obj (.far)
                  0000cd50    0000000c                 : exit.obj (.far)
                  0000cd5c    00000008                 : _lock.obj (.far)
                  0000cd64    00000008                 : memory.obj (.far)
                  0000cd6c    00000008                 : trgdrv.obj (.far)
                  0000cd74    00000004                 : errno.obj (.far)
                  0000cd78    00000004                 : fopen.obj (.far)

.cinit     0    0000cd80    000001e4     
                  0000cd80    0000005c     rts6700.lib : defs.obj (.cinit)
                  0000cddc    00000004     --HOLE-- [fill = 0]
                  0000cde0    0000005c                 : lowlev.obj (.cinit)
                  0000ce3c    00000004     --HOLE-- [fill = 0]
                  0000ce40    00000040                 : exp.obj (.cinit)
                  0000ce80    00000040                 : log.obj (.cinit)
                  0000cec0    0000002c                 : exit.obj (.cinit)
                  0000ceec    00000004     --HOLE-- [fill = 0]
                  0000cef0    0000002c                 : memory.obj (.cinit)
                  0000cf1c    00000004     --HOLE-- [fill = 0]
                  0000cf20    0000001c                 : _lock.obj (.cinit)
                  0000cf3c    00000004     --HOLE-- [fill = 0]
                  0000cf40    0000000c                 : errno.obj (.cinit)
                  0000cf4c    00000004     --HOLE-- [fill = 0]
                  0000cf50    0000000c                 : fopen.obj (.cinit)
                  0000cf5c    00000004     --HOLE-- [fill = 0]
                  0000cf60    00000004     (.pad.cinit) [fill = 0]

.cio       0    0000cf64    00000120     UNINITIALIZED
                  0000cf64    00000120     rts6700.lib : trgmsg.obj (.cio)


GLOBAL SYMBOLS: SORTED ALPHABETICALLY BY Name 

address    name
--------   ----
00000220   $bss
00000220   .bss
00000220   .text
00009f40   C$$EXIT
00009998   C$$IO$$
00007ae0   _AddEntierNonSigne32bits
00007b2c   _AddEntierSigne32bits
00007b6c   _AddFractionnaire32bits_Q7p24_Q15p16
000026c0   _DSPF_sp_cfftr4_dif
00007164   _DivFlottant32bits
00007040   _DivIncrementationNonSigne32bit
000070b0   _DivSubcNonSigne32bit
000099c0   _EncrypterDonnees
000082e0   _HOSTclose
000071c0   _HOSTlseek
00007c20   _HOSTopen
000075e0   _HOSTread
00006400   _HOSTrename
000083e0   _HOSTunlink
00007d40   _HOSTwrite
00007480   _MpyEntierNonSigneOp32bitsRes64bits
000074fc   _MpyEntierSigneOp32bitsRes64bits
00007584   _MpyFlottant64bits
00007540   _MpyfractionnaireOp32bitsRes64bits_Q7p24_Q15p16
000092e0   _SubEntierNonSigne32bits
00009328   _SubEntierSigne32bits
00009368   _SubFlottant64bits
0000cf64   __CIOBUF_
0000af80   __STACK_END
00001000   __STACK_SIZE
00001000   __SYSMEM_SIZE
00000001   __TI_args_main
00009a60   ___TI_cpp_init
0000cd58   ___TI_enable_exit_profile_output
ffffffff   ___TI_pprof_out_hndl
ffffffff   ___TI_prof_data_size
ffffffff   ___TI_prof_data_start
ffffffff   ___binit__
00000220   ___bss__
ffffffff   ___c_args__
0000cd80   ___cinit__
00000220   ___end__
00009f80   ___etext__
00009ce0   ___isinf
ffffffff   ___pinit__
00000220   ___text__
00009e40   __args_main
000084e0   __auto_init
000093c0   __c6xabi_divu
00008be0   __cleanup
0000cd50   __cleanup_ptr
00007320   __closefile
0000c780   __ctypes_
00000220   __divd
00004540   __divf
000086e0   __divli
000093c0   __divu
00005880   __divul
00003780   __divull
00008cc0   __doflush
0000cd54   __dtors_ptr
00009600   __fixdli
00009ae0   __fltlid
00007720   __frcmpyd_div
0000cbd0   __ft_end
0000c8b0   __ftable
00009b60   __llshl
00009d40   __llshru
0000cd5c   __lock
000096a0   __mpyll
00009ec0   __negll
00009ee0   __nop
00001ca0   __printfi
00009740   __remli
00009f80   __stack
00009da0   __subcull
0000af80   __sys_memory
0000ca90   __tmpnams
00009e80   __trunc
0000cd60   __unlock
00007e60   __wrt_ok
00009f40   _abort
00007860   _atoi
00009be0   _c_int00
00007f80   _close
00009480   _copy_in
0000cd74   _errno
00001144   _euclideanDistPow2
00008f60   _exit
00005600   _exp
000010a4   _float2complex
00005360   _fputc
00002200   _fputs
00003b00   _free
000080a0   _frexp
00006800   _fseek
00001000   _fvec_elementWise_mult
00006d00   _ldexp
00005ae0   _log
000088e0   _lseek
000079a0   _ltoa
00006ea0   _main
00005f80   _malloc
00009c60   _memccpy
000061c0   _memcpy
000081c0   _memset
00001538   _mfcc_freq2mel
00001278   _mfcc_hamming_window_256
000012f4   _mfcc_hamming_window_256_opt
000015a8   _mfcc_mel2freq
00001610   _mfcc_melFilterBank_create
00001638   _mfcc_powerSpectrum
00001224   _mfcc_preAmpFIR
00009120   _modf
000089e0   _printf
00005360   _putc
000097e0   _readmsg
00009f60   _remove
00004e00   _setvbuf
00009880   _unlink
00008ae0   _write
00009920   _writemsg
ffffffff   binit
0000cd80   cinit
00000220   end
00009f80   etext
ffffffff   pinit


GLOBAL SYMBOLS: SORTED BY Symbol Address 

address    name
--------   ----
00000001   __TI_args_main
00000220   $bss
00000220   .bss
00000220   .text
00000220   ___bss__
00000220   ___end__
00000220   ___text__
00000220   __divd
00000220   end
00001000   __STACK_SIZE
00001000   __SYSMEM_SIZE
00001000   _fvec_elementWise_mult
000010a4   _float2complex
00001144   _euclideanDistPow2
00001224   _mfcc_preAmpFIR
00001278   _mfcc_hamming_window_256
000012f4   _mfcc_hamming_window_256_opt
00001538   _mfcc_freq2mel
000015a8   _mfcc_mel2freq
00001610   _mfcc_melFilterBank_create
00001638   _mfcc_powerSpectrum
00001ca0   __printfi
00002200   _fputs
000026c0   _DSPF_sp_cfftr4_dif
00003780   __divull
00003b00   _free
00004540   __divf
00004e00   _setvbuf
00005360   _fputc
00005360   _putc
00005600   _exp
00005880   __divul
00005ae0   _log
00005f80   _malloc
000061c0   _memcpy
00006400   _HOSTrename
00006800   _fseek
00006d00   _ldexp
00006ea0   _main
00007040   _DivIncrementationNonSigne32bit
000070b0   _DivSubcNonSigne32bit
00007164   _DivFlottant32bits
000071c0   _HOSTlseek
00007320   __closefile
00007480   _MpyEntierNonSigneOp32bitsRes64bits
000074fc   _MpyEntierSigneOp32bitsRes64bits
00007540   _MpyfractionnaireOp32bitsRes64bits_Q7p24_Q15p16
00007584   _MpyFlottant64bits
000075e0   _HOSTread
00007720   __frcmpyd_div
00007860   _atoi
000079a0   _ltoa
00007ae0   _AddEntierNonSigne32bits
00007b2c   _AddEntierSigne32bits
00007b6c   _AddFractionnaire32bits_Q7p24_Q15p16
00007c20   _HOSTopen
00007d40   _HOSTwrite
00007e60   __wrt_ok
00007f80   _close
000080a0   _frexp
000081c0   _memset
000082e0   _HOSTclose
000083e0   _HOSTunlink
000084e0   __auto_init
000086e0   __divli
000088e0   _lseek
000089e0   _printf
00008ae0   _write
00008be0   __cleanup
00008cc0   __doflush
00008f60   _exit
00009120   _modf
000092e0   _SubEntierNonSigne32bits
00009328   _SubEntierSigne32bits
00009368   _SubFlottant64bits
000093c0   __c6xabi_divu
000093c0   __divu
00009480   _copy_in
00009600   __fixdli
000096a0   __mpyll
00009740   __remli
000097e0   _readmsg
00009880   _unlink
00009920   _writemsg
00009998   C$$IO$$
000099c0   _EncrypterDonnees
00009a60   ___TI_cpp_init
00009ae0   __fltlid
00009b60   __llshl
00009be0   _c_int00
00009c60   _memccpy
00009ce0   ___isinf
00009d40   __llshru
00009da0   __subcull
00009e40   __args_main
00009e80   __trunc
00009ec0   __negll
00009ee0   __nop
00009f40   C$$EXIT
00009f40   _abort
00009f60   _remove
00009f80   ___etext__
00009f80   __stack
00009f80   etext
0000af80   __STACK_END
0000af80   __sys_memory
0000c780   __ctypes_
0000c8b0   __ftable
0000ca90   __tmpnams
0000cbd0   __ft_end
0000cd50   __cleanup_ptr
0000cd54   __dtors_ptr
0000cd58   ___TI_enable_exit_profile_output
0000cd5c   __lock
0000cd60   __unlock
0000cd74   _errno
0000cd80   ___cinit__
0000cd80   cinit
0000cf64   __CIOBUF_
ffffffff   ___TI_pprof_out_hndl
ffffffff   ___TI_prof_data_size
ffffffff   ___TI_prof_data_start
ffffffff   ___binit__
ffffffff   ___c_args__
ffffffff   ___pinit__
ffffffff   binit
ffffffff   pinit

[127 symbols]
