<?xml version="1.0"?>
<link_info>
   <banner>TMS320C6x Linker PC v7.4.20</banner>
   <copyright>Copyright (c) 1996-2015 Texas Instruments Incorporated</copyright>
   <link_time>0x5a8dac32</link_time>
   <output_file>MFCC_algorithme.out</output_file>
   <entry_point>
      <name>_c_int00</name>
      <address>0xa1e0</address>
   </entry_point>
   <input_file_list>
      <input_file id="fl-2">
         <path>.\asm\</path>
         <kind>object</kind>
         <file>addition.obj</file>
         <name>addition.obj</name>
      </input_file>
      <input_file id="fl-3">
         <path>.\asm\</path>
         <kind>object</kind>
         <file>divide.obj</file>
         <name>divide.obj</name>
      </input_file>
      <input_file id="fl-4">
         <path>.\asm\</path>
         <kind>object</kind>
         <file>encrypt.obj</file>
         <name>encrypt.obj</name>
      </input_file>
      <input_file id="fl-5">
         <path>.\asm\</path>
         <kind>object</kind>
         <file>multiply.obj</file>
         <name>multiply.obj</name>
      </input_file>
      <input_file id="fl-6">
         <path>.\asm\</path>
         <kind>object</kind>
         <file>substraction.obj</file>
         <name>substraction.obj</name>
      </input_file>
      <input_file id="fl-7">
         <path>.\source\</path>
         <kind>object</kind>
         <file>functions.obj</file>
         <name>functions.obj</name>
      </input_file>
      <input_file id="fl-8">
         <path>.\source\</path>
         <kind>object</kind>
         <file>main.obj</file>
         <name>main.obj</name>
      </input_file>
      <input_file id="fl-87">
         <path>C:\ti\ccsv7\tools\compiler\c6000_7.4.20\lib\</path>
         <kind>archive</kind>
         <file>rts6700.lib</file>
         <name>boot.obj</name>
      </input_file>
      <input_file id="fl-88">
         <path>C:\ti\ccsv7\tools\compiler\c6000_7.4.20\lib\</path>
         <kind>archive</kind>
         <file>rts6700.lib</file>
         <name>divf.obj</name>
      </input_file>
      <input_file id="fl-89">
         <path>C:\ti\ccsv7\tools\compiler\c6000_7.4.20\lib\</path>
         <kind>archive</kind>
         <file>rts6700.lib</file>
         <name>exit.obj</name>
      </input_file>
      <input_file id="fl-8a">
         <path>C:\ti\ccsv7\tools\compiler\c6000_7.4.20\lib\</path>
         <kind>archive</kind>
         <file>rts6700.lib</file>
         <name>exp.obj</name>
      </input_file>
      <input_file id="fl-8b">
         <path>C:\ti\ccsv7\tools\compiler\c6000_7.4.20\lib\</path>
         <kind>archive</kind>
         <file>rts6700.lib</file>
         <name>floor.obj</name>
      </input_file>
      <input_file id="fl-8c">
         <path>C:\ti\ccsv7\tools\compiler\c6000_7.4.20\lib\</path>
         <kind>archive</kind>
         <file>rts6700.lib</file>
         <name>ldexp.obj</name>
      </input_file>
      <input_file id="fl-8d">
         <path>C:\ti\ccsv7\tools\compiler\c6000_7.4.20\lib\</path>
         <kind>archive</kind>
         <file>rts6700.lib</file>
         <name>log.obj</name>
      </input_file>
      <input_file id="fl-8e">
         <path>C:\ti\ccsv7\tools\compiler\c6000_7.4.20\lib\</path>
         <kind>archive</kind>
         <file>rts6700.lib</file>
         <name>modf.obj</name>
      </input_file>
      <input_file id="fl-8f">
         <path>C:\ti\ccsv7\tools\compiler\c6000_7.4.20\lib\</path>
         <kind>archive</kind>
         <file>rts6700.lib</file>
         <name>printf.obj</name>
      </input_file>
      <input_file id="fl-90">
         <path>C:\ti\ccsv7\tools\compiler\c6000_7.4.20\lib\</path>
         <kind>archive</kind>
         <file>rts6700.lib</file>
         <name>strasg.obj</name>
      </input_file>
      <input_file id="fl-91">
         <path>C:\ti\ccsv7\tools\compiler\c6000_7.4.20\lib\</path>
         <kind>archive</kind>
         <file>rts6700.lib</file>
         <name>trunc.obj</name>
      </input_file>
      <input_file id="fl-92">
         <path>C:\ti\ccsv7\tools\compiler\c6000_7.4.20\lib\</path>
         <kind>archive</kind>
         <file>rts6700.lib</file>
         <name>_lock.obj</name>
      </input_file>
      <input_file id="fl-93">
         <path>C:\ti\ccsv7\tools\compiler\c6000_7.4.20\lib\</path>
         <kind>archive</kind>
         <file>rts6700.lib</file>
         <name>_printfi.obj</name>
      </input_file>
      <input_file id="fl-94">
         <path>C:\ti\ccsv7\tools\compiler\c6000_7.4.20\lib\</path>
         <kind>archive</kind>
         <file>rts6700.lib</file>
         <name>args_main.obj</name>
      </input_file>
      <input_file id="fl-95">
         <path>C:\ti\ccsv7\tools\compiler\c6000_7.4.20\lib\</path>
         <kind>archive</kind>
         <file>rts6700.lib</file>
         <name>atoi.obj</name>
      </input_file>
      <input_file id="fl-96">
         <path>C:\ti\ccsv7\tools\compiler\c6000_7.4.20\lib\</path>
         <kind>archive</kind>
         <file>rts6700.lib</file>
         <name>autoinit.obj</name>
      </input_file>
      <input_file id="fl-97">
         <path>C:\ti\ccsv7\tools\compiler\c6000_7.4.20\lib\</path>
         <kind>archive</kind>
         <file>rts6700.lib</file>
         <name>cpp_init.obj</name>
      </input_file>
      <input_file id="fl-98">
         <path>C:\ti\ccsv7\tools\compiler\c6000_7.4.20\lib\</path>
         <kind>archive</kind>
         <file>rts6700.lib</file>
         <name>cpy_tbl.obj</name>
      </input_file>
      <input_file id="fl-99">
         <path>C:\ti\ccsv7\tools\compiler\c6000_7.4.20\lib\</path>
         <kind>archive</kind>
         <file>rts6700.lib</file>
         <name>ctype.obj</name>
      </input_file>
      <input_file id="fl-9a">
         <path>C:\ti\ccsv7\tools\compiler\c6000_7.4.20\lib\</path>
         <kind>archive</kind>
         <file>rts6700.lib</file>
         <name>defs.obj</name>
      </input_file>
      <input_file id="fl-9b">
         <path>C:\ti\ccsv7\tools\compiler\c6000_7.4.20\lib\</path>
         <kind>archive</kind>
         <file>rts6700.lib</file>
         <name>divd.obj</name>
      </input_file>
      <input_file id="fl-9c">
         <path>C:\ti\ccsv7\tools\compiler\c6000_7.4.20\lib\</path>
         <kind>archive</kind>
         <file>rts6700.lib</file>
         <name>divu.obj</name>
      </input_file>
      <input_file id="fl-9d">
         <path>C:\ti\ccsv7\tools\compiler\c6000_7.4.20\lib\</path>
         <kind>archive</kind>
         <file>rts6700.lib</file>
         <name>errno.obj</name>
      </input_file>
      <input_file id="fl-9e">
         <path>C:\ti\ccsv7\tools\compiler\c6000_7.4.20\lib\</path>
         <kind>archive</kind>
         <file>rts6700.lib</file>
         <name>fixdli.obj</name>
      </input_file>
      <input_file id="fl-9f">
         <path>C:\ti\ccsv7\tools\compiler\c6000_7.4.20\lib\</path>
         <kind>archive</kind>
         <file>rts6700.lib</file>
         <name>fltlid.obj</name>
      </input_file>
      <input_file id="fl-a0">
         <path>C:\ti\ccsv7\tools\compiler\c6000_7.4.20\lib\</path>
         <kind>archive</kind>
         <file>rts6700.lib</file>
         <name>fputc.obj</name>
      </input_file>
      <input_file id="fl-a1">
         <path>C:\ti\ccsv7\tools\compiler\c6000_7.4.20\lib\</path>
         <kind>archive</kind>
         <file>rts6700.lib</file>
         <name>fputs.obj</name>
      </input_file>
      <input_file id="fl-a2">
         <path>C:\ti\ccsv7\tools\compiler\c6000_7.4.20\lib\</path>
         <kind>archive</kind>
         <file>rts6700.lib</file>
         <name>frcmpyd_div.obj</name>
      </input_file>
      <input_file id="fl-a3">
         <path>C:\ti\ccsv7\tools\compiler\c6000_7.4.20\lib\</path>
         <kind>archive</kind>
         <file>rts6700.lib</file>
         <name>frexp.obj</name>
      </input_file>
      <input_file id="fl-a4">
         <path>C:\ti\ccsv7\tools\compiler\c6000_7.4.20\lib\</path>
         <kind>archive</kind>
         <file>rts6700.lib</file>
         <name>imath40.obj</name>
      </input_file>
      <input_file id="fl-a5">
         <path>C:\ti\ccsv7\tools\compiler\c6000_7.4.20\lib\</path>
         <kind>archive</kind>
         <file>rts6700.lib</file>
         <name>imath64.obj</name>
      </input_file>
      <input_file id="fl-a6">
         <path>C:\ti\ccsv7\tools\compiler\c6000_7.4.20\lib\</path>
         <kind>archive</kind>
         <file>rts6700.lib</file>
         <name>isinf.obj</name>
      </input_file>
      <input_file id="fl-a7">
         <path>C:\ti\ccsv7\tools\compiler\c6000_7.4.20\lib\</path>
         <kind>archive</kind>
         <file>rts6700.lib</file>
         <name>llshift.obj</name>
      </input_file>
      <input_file id="fl-a8">
         <path>C:\ti\ccsv7\tools\compiler\c6000_7.4.20\lib\</path>
         <kind>archive</kind>
         <file>rts6700.lib</file>
         <name>lowlev.obj</name>
      </input_file>
      <input_file id="fl-a9">
         <path>C:\ti\ccsv7\tools\compiler\c6000_7.4.20\lib\</path>
         <kind>archive</kind>
         <file>rts6700.lib</file>
         <name>ltoa.obj</name>
      </input_file>
      <input_file id="fl-aa">
         <path>C:\ti\ccsv7\tools\compiler\c6000_7.4.20\lib\</path>
         <kind>archive</kind>
         <file>rts6700.lib</file>
         <name>memccpy.obj</name>
      </input_file>
      <input_file id="fl-ab">
         <path>C:\ti\ccsv7\tools\compiler\c6000_7.4.20\lib\</path>
         <kind>archive</kind>
         <file>rts6700.lib</file>
         <name>memcpy62.obj</name>
      </input_file>
      <input_file id="fl-ac">
         <path>C:\ti\ccsv7\tools\compiler\c6000_7.4.20\lib\</path>
         <kind>archive</kind>
         <file>rts6700.lib</file>
         <name>memset.obj</name>
      </input_file>
      <input_file id="fl-ad">
         <path>C:\ti\ccsv7\tools\compiler\c6000_7.4.20\lib\</path>
         <kind>archive</kind>
         <file>rts6700.lib</file>
         <name>mpyll.obj</name>
      </input_file>
      <input_file id="fl-ae">
         <path>C:\ti\ccsv7\tools\compiler\c6000_7.4.20\lib\</path>
         <kind>archive</kind>
         <file>rts6700.lib</file>
         <name>negll.obj</name>
      </input_file>
      <input_file id="fl-af">
         <path>C:\ti\ccsv7\tools\compiler\c6000_7.4.20\lib\</path>
         <kind>archive</kind>
         <file>rts6700.lib</file>
         <name>trgdrv.obj</name>
      </input_file>
      <input_file id="fl-b0">
         <path>C:\ti\ccsv7\tools\compiler\c6000_7.4.20\lib\</path>
         <kind>archive</kind>
         <file>rts6700.lib</file>
         <name>trgmsg.obj</name>
      </input_file>
      <input_file id="fl-b1">
         <path>C:\ti\ccsv7\tools\compiler\c6000_7.4.20\lib\</path>
         <kind>archive</kind>
         <file>rts6700.lib</file>
         <name>_io_perm.obj</name>
      </input_file>
      <input_file id="fl-b2">
         <path>C:\ti\ccsv7\tools\compiler\c6000_7.4.20\lib\</path>
         <kind>archive</kind>
         <file>rts6700.lib</file>
         <name>abs.obj</name>
      </input_file>
      <input_file id="fl-b3">
         <path>C:\ti\ccsv7\tools\compiler\c6000_7.4.20\lib\</path>
         <kind>archive</kind>
         <file>rts6700.lib</file>
         <name>fflush.obj</name>
      </input_file>
      <input_file id="fl-b4">
         <path>C:\ti\ccsv7\tools\compiler\c6000_7.4.20\lib\</path>
         <kind>archive</kind>
         <file>rts6700.lib</file>
         <name>fseek.obj</name>
      </input_file>
      <input_file id="fl-b5">
         <path>C:\ti\ccsv7\tools\compiler\c6000_7.4.20\lib\</path>
         <kind>archive</kind>
         <file>rts6700.lib</file>
         <name>setvbuf.obj</name>
      </input_file>
      <input_file id="fl-b6">
         <path>C:\ti\ccsv7\tools\compiler\c6000_7.4.20\lib\</path>
         <kind>archive</kind>
         <file>rts6700.lib</file>
         <name>fopen.obj</name>
      </input_file>
      <input_file id="fl-b7">
         <path>C:\ti\ccsv7\tools\compiler\c6000_7.4.20\lib\</path>
         <kind>archive</kind>
         <file>rts6700.lib</file>
         <name>memory.obj</name>
      </input_file>
      <input_file id="fl-b8">
         <path>C:\ti\ccsv7\tools\compiler\c6000_7.4.20\lib\</path>
         <kind>archive</kind>
         <file>rts6700.lib</file>
         <name>fclose.obj</name>
      </input_file>
      <input_file id="fl-b9">
         <path>C:\ti\ccsv7\tools\compiler\c6000_7.4.20\lib\</path>
         <kind>archive</kind>
         <file>rts6700.lib</file>
         <name>remove.obj</name>
      </input_file>
      <input_file id="fl-ba">
         <path>C:\ti\ccsv7\ccs_base\C6700\dsplib\lib\</path>
         <kind>archive</kind>
         <file>dsp67x.lib</file>
         <name>DSPF_sp_cfftr4_dif.obj</name>
      </input_file>
   </input_file_list>
   <object_component_list>
      <object_component id="oc-f0">
         <name>.text</name>
         <load_address>0x220</load_address>
         <run_address>0x220</run_address>
         <size>0xb20</size>
         <input_file_ref idref="fl-7"/>
      </object_component>
      <object_component id="oc-ff">
         <name>.text:__divd</name>
         <load_address>0xd40</load_address>
         <run_address>0xd40</run_address>
         <size>0x720</size>
         <input_file_ref idref="fl-9b"/>
      </object_component>
      <object_component id="oc-11c">
         <name>.text:__getarg_diouxp</name>
         <load_address>0x1460</load_address>
         <run_address>0x1460</run_address>
         <size>0x6c0</size>
         <input_file_ref idref="fl-93"/>
      </object_component>
      <object_component id="oc-107">
         <name>.text:__setfield</name>
         <load_address>0x1b20</load_address>
         <run_address>0x1b20</run_address>
         <size>0x640</size>
         <input_file_ref idref="fl-93"/>
      </object_component>
      <object_component id="oc-fd">
         <name>.text:__printfi</name>
         <load_address>0x2160</load_address>
         <run_address>0x2160</run_address>
         <size>0x560</size>
         <input_file_ref idref="fl-93"/>
      </object_component>
      <object_component id="oc-103">
         <name>.text:_fputs</name>
         <load_address>0x26c0</load_address>
         <run_address>0x26c0</run_address>
         <size>0x4c0</size>
         <input_file_ref idref="fl-a1"/>
      </object_component>
      <object_component id="oc-da">
         <name>.text</name>
         <load_address>0x2b80</load_address>
         <run_address>0x2b80</run_address>
         <size>0x4a0</size>
         <input_file_ref idref="fl-ba"/>
      </object_component>
      <object_component id="oc-126">
         <name>.text:_fcvt</name>
         <load_address>0x3020</load_address>
         <run_address>0x3020</run_address>
         <size>0x420</size>
         <input_file_ref idref="fl-93"/>
      </object_component>
      <object_component id="oc-110">
         <name>.text:__pproc_fge</name>
         <load_address>0x3440</load_address>
         <run_address>0x3440</run_address>
         <size>0x400</size>
         <input_file_ref idref="fl-93"/>
      </object_component>
      <object_component id="oc-123">
         <name>.text:_ecvt</name>
         <load_address>0x3840</load_address>
         <run_address>0x3840</run_address>
         <size>0x400</size>
         <input_file_ref idref="fl-93"/>
      </object_component>
      <object_component id="oc-131">
         <name>.text:__divull</name>
         <load_address>0x3c40</load_address>
         <run_address>0x3c40</run_address>
         <size>0x380</size>
         <input_file_ref idref="fl-a5"/>
      </object_component>
      <object_component id="oc-120">
         <name>.text:_free</name>
         <load_address>0x3fc0</load_address>
         <run_address>0x3fc0</run_address>
         <size>0x380</size>
         <input_file_ref idref="fl-b7"/>
      </object_component>
      <object_component id="oc-11b">
         <name>.text:__pconv_e</name>
         <load_address>0x4340</load_address>
         <run_address>0x4340</run_address>
         <size>0x360</size>
         <input_file_ref idref="fl-93"/>
      </object_component>
      <object_component id="oc-106">
         <name>.text:__pproc_fwp</name>
         <load_address>0x46a0</load_address>
         <run_address>0x46a0</run_address>
         <size>0x360</size>
         <input_file_ref idref="fl-93"/>
      </object_component>
      <object_component id="oc-f2">
         <name>.text:__divf</name>
         <load_address>0x4a00</load_address>
         <run_address>0x4a00</run_address>
         <size>0x300</size>
         <input_file_ref idref="fl-88"/>
      </object_component>
      <object_component id="oc-111">
         <name>.text:__pproc_diouxp</name>
         <load_address>0x4d00</load_address>
         <run_address>0x4d00</run_address>
         <size>0x300</size>
         <input_file_ref idref="fl-93"/>
      </object_component>
      <object_component id="oc-108">
         <name>.text:__pproc_str</name>
         <load_address>0x5000</load_address>
         <run_address>0x5000</run_address>
         <size>0x2c0</size>
         <input_file_ref idref="fl-93"/>
      </object_component>
      <object_component id="oc-115">
         <name>.text:_setvbuf</name>
         <load_address>0x52c0</load_address>
         <run_address>0x52c0</run_address>
         <size>0x2c0</size>
         <input_file_ref idref="fl-b5"/>
      </object_component>
      <object_component id="oc-119">
         <name>.text:__pconv_g</name>
         <load_address>0x5580</load_address>
         <run_address>0x5580</run_address>
         <size>0x2a0</size>
         <input_file_ref idref="fl-93"/>
      </object_component>
      <object_component id="oc-104">
         <name>.text:_fputc</name>
         <load_address>0x5820</load_address>
         <run_address>0x5820</run_address>
         <size>0x2a0</size>
         <input_file_ref idref="fl-a0"/>
      </object_component>
      <object_component id="oc-f6">
         <name>.text:_exp</name>
         <load_address>0x5ac0</load_address>
         <run_address>0x5ac0</run_address>
         <size>0x280</size>
         <input_file_ref idref="fl-8a"/>
      </object_component>
      <object_component id="oc-130">
         <name>.text:__divul</name>
         <load_address>0x5d40</load_address>
         <run_address>0x5d40</run_address>
         <size>0x260</size>
         <input_file_ref idref="fl-a4"/>
      </object_component>
      <object_component id="oc-f5">
         <name>.text:_log</name>
         <load_address>0x5fa0</load_address>
         <run_address>0x5fa0</run_address>
         <size>0x260</size>
         <input_file_ref idref="fl-8d"/>
      </object_component>
      <object_component id="oc-125">
         <name>.text:__mcpy</name>
         <load_address>0x6200</load_address>
         <run_address>0x6200</run_address>
         <size>0x240</size>
         <input_file_ref idref="fl-93"/>
      </object_component>
      <object_component id="oc-121">
         <name>.text:_malloc</name>
         <load_address>0x6440</load_address>
         <run_address>0x6440</run_address>
         <size>0x240</size>
         <input_file_ref idref="fl-b7"/>
      </object_component>
      <object_component id="oc-ea">
         <name>.text:_memcpy</name>
         <load_address>0x6680</load_address>
         <run_address>0x6680</run_address>
         <size>0x240</size>
         <input_file_ref idref="fl-ab"/>
      </object_component>
      <object_component id="oc-e8">
         <name>.text:_HOSTrename</name>
         <load_address>0x68c0</load_address>
         <run_address>0x68c0</run_address>
         <size>0x220</size>
         <input_file_ref idref="fl-af"/>
      </object_component>
      <object_component id="oc-139">
         <name>.text:_getdevice</name>
         <load_address>0x6ae0</load_address>
         <run_address>0x6ae0</run_address>
         <size>0x1e0</size>
         <input_file_ref idref="fl-a8"/>
      </object_component>
      <object_component id="oc-114">
         <name>.text:_fseek</name>
         <load_address>0x6cc0</load_address>
         <run_address>0x6cc0</run_address>
         <size>0x1c0</size>
         <input_file_ref idref="fl-b4"/>
      </object_component>
      <object_component id="oc-11e">
         <name>.text:__ltostr</name>
         <load_address>0x6e80</load_address>
         <run_address>0x6e80</run_address>
         <size>0x1a0</size>
         <input_file_ref idref="fl-93"/>
      </object_component>
      <object_component id="oc-105">
         <name>.text:__pproc_fflags</name>
         <load_address>0x7020</load_address>
         <run_address>0x7020</run_address>
         <size>0x1a0</size>
         <input_file_ref idref="fl-93"/>
      </object_component>
      <object_component id="oc-101">
         <name>.text:_ldexp</name>
         <load_address>0x71c0</load_address>
         <run_address>0x71c0</run_address>
         <size>0x1a0</size>
         <input_file_ref idref="fl-8c"/>
      </object_component>
      <object_component id="oc-ec">
         <name>.text</name>
         <load_address>0x7360</load_address>
         <run_address>0x7360</run_address>
         <size>0x1a0</size>
         <input_file_ref idref="fl-8"/>
      </object_component>
      <object_component id="oc-13">
         <name>.text</name>
         <load_address>0x7500</load_address>
         <run_address>0x7500</run_address>
         <size>0x180</size>
         <input_file_ref idref="fl-3"/>
      </object_component>
      <object_component id="oc-e6">
         <name>.text:_HOSTlseek</name>
         <load_address>0x7680</load_address>
         <run_address>0x7680</run_address>
         <size>0x160</size>
         <input_file_ref idref="fl-af"/>
      </object_component>
      <object_component id="oc-12b">
         <name>.text:__closefile</name>
         <load_address>0x77e0</load_address>
         <run_address>0x77e0</run_address>
         <size>0x160</size>
         <input_file_ref idref="fl-b8"/>
      </object_component>
      <object_component id="oc-1b">
         <name>.text</name>
         <load_address>0x7940</load_address>
         <run_address>0x7940</run_address>
         <size>0x160</size>
         <input_file_ref idref="fl-5"/>
      </object_component>
      <object_component id="oc-e4">
         <name>.text:_HOSTread</name>
         <load_address>0x7aa0</load_address>
         <run_address>0x7aa0</run_address>
         <size>0x140</size>
         <input_file_ref idref="fl-af"/>
      </object_component>
      <object_component id="oc-10a">
         <name>.text:__frcmpyd_div</name>
         <load_address>0x7be0</load_address>
         <run_address>0x7be0</run_address>
         <size>0x140</size>
         <input_file_ref idref="fl-a2"/>
      </object_component>
      <object_component id="oc-f7">
         <name>.text:__strasgi</name>
         <load_address>0x7d20</load_address>
         <run_address>0x7d20</run_address>
         <size>0x140</size>
         <input_file_ref idref="fl-90"/>
      </object_component>
      <object_component id="oc-10f">
         <name>.text:_atoi</name>
         <load_address>0x7e60</load_address>
         <run_address>0x7e60</run_address>
         <size>0x140</size>
         <input_file_ref idref="fl-95"/>
      </object_component>
      <object_component id="oc-12d">
         <name>.text:_ltoa</name>
         <load_address>0x7fa0</load_address>
         <run_address>0x7fa0</run_address>
         <size>0x140</size>
         <input_file_ref idref="fl-a9"/>
      </object_component>
      <object_component id="oc-f">
         <name>.text</name>
         <load_address>0x80e0</load_address>
         <run_address>0x80e0</run_address>
         <size>0x140</size>
         <input_file_ref idref="fl-2"/>
      </object_component>
      <object_component id="oc-e2">
         <name>.text:_HOSTopen</name>
         <load_address>0x8220</load_address>
         <run_address>0x8220</run_address>
         <size>0x120</size>
         <input_file_ref idref="fl-af"/>
      </object_component>
      <object_component id="oc-e5">
         <name>.text:_HOSTwrite</name>
         <load_address>0x8340</load_address>
         <run_address>0x8340</run_address>
         <size>0x120</size>
         <input_file_ref idref="fl-af"/>
      </object_component>
      <object_component id="oc-10b">
         <name>.text:__wrt_ok</name>
         <load_address>0x8460</load_address>
         <run_address>0x8460</run_address>
         <size>0x120</size>
         <input_file_ref idref="fl-b1"/>
      </object_component>
      <object_component id="oc-132">
         <name>.text:_close</name>
         <load_address>0x8580</load_address>
         <run_address>0x8580</run_address>
         <size>0x120</size>
         <input_file_ref idref="fl-a8"/>
      </object_component>
      <object_component id="oc-fe">
         <name>.text:_frexp</name>
         <load_address>0x86a0</load_address>
         <run_address>0x86a0</run_address>
         <size>0x120</size>
         <input_file_ref idref="fl-a3"/>
      </object_component>
      <object_component id="oc-10e">
         <name>.text:_memset</name>
         <load_address>0x87c0</load_address>
         <run_address>0x87c0</run_address>
         <size>0x120</size>
         <input_file_ref idref="fl-ac"/>
      </object_component>
      <object_component id="oc-e3">
         <name>.text:_HOSTclose</name>
         <load_address>0x88e0</load_address>
         <run_address>0x88e0</run_address>
         <size>0x100</size>
         <input_file_ref idref="fl-af"/>
      </object_component>
      <object_component id="oc-e7">
         <name>.text:_HOSTunlink</name>
         <load_address>0x89e0</load_address>
         <run_address>0x89e0</run_address>
         <size>0x100</size>
         <input_file_ref idref="fl-af"/>
      </object_component>
      <object_component id="oc-de">
         <name>.text:__auto_init</name>
         <load_address>0x8ae0</load_address>
         <run_address>0x8ae0</run_address>
         <size>0x100</size>
         <input_file_ref idref="fl-96"/>
      </object_component>
      <object_component id="oc-128">
         <name>.text:__div</name>
         <load_address>0x8be0</load_address>
         <run_address>0x8be0</run_address>
         <size>0x100</size>
         <input_file_ref idref="fl-93"/>
      </object_component>
      <object_component id="oc-135">
         <name>.text:__divli</name>
         <load_address>0x8ce0</load_address>
         <run_address>0x8ce0</run_address>
         <size>0x100</size>
         <input_file_ref idref="fl-a4"/>
      </object_component>
      <object_component id="oc-11a">
         <name>.text:__pconv_f</name>
         <load_address>0x8de0</load_address>
         <run_address>0x8de0</run_address>
         <size>0x100</size>
         <input_file_ref idref="fl-93"/>
      </object_component>
      <object_component id="oc-11f">
         <name>.text:_lseek</name>
         <load_address>0x8ee0</load_address>
         <run_address>0x8ee0</run_address>
         <size>0x100</size>
         <input_file_ref idref="fl-a8"/>
      </object_component>
      <object_component id="oc-f1">
         <name>.text:_printf</name>
         <load_address>0x8fe0</load_address>
         <run_address>0x8fe0</run_address>
         <size>0x100</size>
         <input_file_ref idref="fl-8f"/>
      </object_component>
      <object_component id="oc-10d">
         <name>.text:_write</name>
         <load_address>0x90e0</load_address>
         <run_address>0x90e0</run_address>
         <size>0x100</size>
         <input_file_ref idref="fl-a8"/>
      </object_component>
      <object_component id="oc-122">
         <name>.text:__cleanup</name>
         <load_address>0x91e0</load_address>
         <run_address>0x91e0</run_address>
         <size>0xe0</size>
         <input_file_ref idref="fl-b6"/>
      </object_component>
      <object_component id="oc-10c">
         <name>.text:__doflush</name>
         <load_address>0x92c0</load_address>
         <run_address>0x92c0</run_address>
         <size>0xe0</size>
         <input_file_ref idref="fl-b3"/>
      </object_component>
      <object_component id="oc-124">
         <name>.text:__ecpy</name>
         <load_address>0x93a0</load_address>
         <run_address>0x93a0</run_address>
         <size>0xe0</size>
         <input_file_ref idref="fl-93"/>
      </object_component>
      <object_component id="oc-127">
         <name>.text:__fcpy</name>
         <load_address>0x9480</load_address>
         <run_address>0x9480</run_address>
         <size>0xe0</size>
         <input_file_ref idref="fl-93"/>
      </object_component>
      <object_component id="oc-e0">
         <name>.text:_exit</name>
         <load_address>0x9560</load_address>
         <run_address>0x9560</run_address>
         <size>0xe0</size>
         <input_file_ref idref="fl-89"/>
      </object_component>
      <object_component id="oc-12a">
         <name>.text:_minsert</name>
         <load_address>0x9640</load_address>
         <run_address>0x9640</run_address>
         <size>0xe0</size>
         <input_file_ref idref="fl-b7"/>
      </object_component>
      <object_component id="oc-102">
         <name>.text:_modf</name>
         <load_address>0x9720</load_address>
         <run_address>0x9720</run_address>
         <size>0xe0</size>
         <input_file_ref idref="fl-8e"/>
      </object_component>
      <object_component id="oc-129">
         <name>.text:_mremove</name>
         <load_address>0x9800</load_address>
         <run_address>0x9800</run_address>
         <size>0xe0</size>
         <input_file_ref idref="fl-b7"/>
      </object_component>
      <object_component id="oc-1f">
         <name>.text</name>
         <load_address>0x98e0</load_address>
         <run_address>0x98e0</run_address>
         <size>0xe0</size>
         <input_file_ref idref="fl-6"/>
      </object_component>
      <object_component id="oc-12f">
         <name>.text:__divu</name>
         <load_address>0x99c0</load_address>
         <run_address>0x99c0</run_address>
         <size>0xc0</size>
         <input_file_ref idref="fl-9c"/>
      </object_component>
      <object_component id="oc-e9">
         <name>.text:_copy_in</name>
         <load_address>0x9a80</load_address>
         <run_address>0x9a80</run_address>
         <size>0xc0</size>
         <input_file_ref idref="fl-98"/>
      </object_component>
      <object_component id="oc-13a">
         <name>.text:_finddevice</name>
         <load_address>0x9b40</load_address>
         <run_address>0x9b40</run_address>
         <size>0xc0</size>
         <input_file_ref idref="fl-a8"/>
      </object_component>
      <object_component id="oc-12c">
         <name>.text:__fixdli</name>
         <load_address>0x9c00</load_address>
         <run_address>0x9c00</run_address>
         <size>0xa0</size>
         <input_file_ref idref="fl-9e"/>
      </object_component>
      <object_component id="oc-113">
         <name>.text:__mpyll</name>
         <load_address>0x9ca0</load_address>
         <run_address>0x9ca0</run_address>
         <size>0xa0</size>
         <input_file_ref idref="fl-ad"/>
      </object_component>
      <object_component id="oc-134">
         <name>.text:__remli</name>
         <load_address>0x9d40</load_address>
         <run_address>0x9d40</run_address>
         <size>0xa0</size>
         <input_file_ref idref="fl-a4"/>
      </object_component>
      <object_component id="oc-ef">
         <name>.text:_readmsg</name>
         <load_address>0x9de0</load_address>
         <run_address>0x9de0</run_address>
         <size>0xa0</size>
         <input_file_ref idref="fl-b0"/>
      </object_component>
      <object_component id="oc-138">
         <name>.text:_unlink</name>
         <load_address>0x9e80</load_address>
         <run_address>0x9e80</run_address>
         <size>0xa0</size>
         <input_file_ref idref="fl-a8"/>
      </object_component>
      <object_component id="oc-ee">
         <name>.text:_writemsg</name>
         <load_address>0x9f20</load_address>
         <run_address>0x9f20</run_address>
         <size>0xa0</size>
         <input_file_ref idref="fl-b0"/>
      </object_component>
      <object_component id="oc-17">
         <name>.text</name>
         <load_address>0x9fc0</load_address>
         <run_address>0x9fc0</run_address>
         <size>0xa0</size>
         <input_file_ref idref="fl-4"/>
      </object_component>
      <object_component id="oc-eb">
         <name>.text:___TI_cpp_init</name>
         <load_address>0xa060</load_address>
         <run_address>0xa060</run_address>
         <size>0x80</size>
         <input_file_ref idref="fl-97"/>
      </object_component>
      <object_component id="oc-12e">
         <name>.text:__fltlid</name>
         <load_address>0xa0e0</load_address>
         <run_address>0xa0e0</run_address>
         <size>0x80</size>
         <input_file_ref idref="fl-9f"/>
      </object_component>
      <object_component id="oc-136">
         <name>.text:__llshl</name>
         <load_address>0xa160</load_address>
         <run_address>0xa160</run_address>
         <size>0x80</size>
         <input_file_ref idref="fl-a7"/>
      </object_component>
      <object_component id="oc-e">
         <name>.text:_c_int00</name>
         <load_address>0xa1e0</load_address>
         <run_address>0xa1e0</run_address>
         <size>0x80</size>
         <input_file_ref idref="fl-87"/>
      </object_component>
      <object_component id="oc-112">
         <name>.text:_memccpy</name>
         <load_address>0xa260</load_address>
         <run_address>0xa260</run_address>
         <size>0x80</size>
         <input_file_ref idref="fl-aa"/>
      </object_component>
      <object_component id="oc-118">
         <name>.text:___isinf</name>
         <load_address>0xa2e0</load_address>
         <run_address>0xa2e0</run_address>
         <size>0x60</size>
         <input_file_ref idref="fl-a6"/>
      </object_component>
      <object_component id="oc-109">
         <name>.text:__llshru</name>
         <load_address>0xa340</load_address>
         <run_address>0xa340</run_address>
         <size>0x60</size>
         <input_file_ref idref="fl-a7"/>
      </object_component>
      <object_component id="oc-137">
         <name>.text:__subcull</name>
         <load_address>0xa3a0</load_address>
         <run_address>0xa3a0</run_address>
         <size>0x60</size>
         <input_file_ref idref="fl-a5"/>
      </object_component>
      <object_component id="oc-fa">
         <name>.text:_floor</name>
         <load_address>0xa400</load_address>
         <run_address>0xa400</run_address>
         <size>0x60</size>
         <input_file_ref idref="fl-8b"/>
      </object_component>
      <object_component id="oc-117">
         <name>.text:___isnan</name>
         <load_address>0xa460</load_address>
         <run_address>0xa460</run_address>
         <size>0x40</size>
         <input_file_ref idref="fl-93"/>
      </object_component>
      <object_component id="oc-df">
         <name>.text:__args_main</name>
         <load_address>0xa4a0</load_address>
         <run_address>0xa4a0</run_address>
         <size>0x40</size>
         <input_file_ref idref="fl-94"/>
      </object_component>
      <object_component id="oc-100">
         <name>.text:__trunc</name>
         <load_address>0xa4e0</load_address>
         <run_address>0xa4e0</run_address>
         <size>0x40</size>
         <input_file_ref idref="fl-91"/>
      </object_component>
      <object_component id="oc-11d">
         <name>.text:__negll</name>
         <load_address>0xa520</load_address>
         <run_address>0xa520</run_address>
         <size>0x20</size>
         <input_file_ref idref="fl-ae"/>
      </object_component>
      <object_component id="oc-e1">
         <name>.text:__nop</name>
         <load_address>0xa540</load_address>
         <run_address>0xa540</run_address>
         <size>0x20</size>
         <input_file_ref idref="fl-92"/>
      </object_component>
      <object_component id="oc-fc">
         <name>.text:__outc</name>
         <load_address>0xa560</load_address>
         <run_address>0xa560</run_address>
         <size>0x20</size>
         <input_file_ref idref="fl-8f"/>
      </object_component>
      <object_component id="oc-fb">
         <name>.text:__outs</name>
         <load_address>0xa580</load_address>
         <run_address>0xa580</run_address>
         <size>0x20</size>
         <input_file_ref idref="fl-8f"/>
      </object_component>
      <object_component id="oc-ed">
         <name>.text:_abort</name>
         <load_address>0xa5a0</load_address>
         <run_address>0xa5a0</run_address>
         <size>0x20</size>
         <input_file_ref idref="fl-89"/>
      </object_component>
      <object_component id="oc-133">
         <name>.text:_remove</name>
         <load_address>0xa5c0</load_address>
         <run_address>0xa5c0</run_address>
         <size>0x20</size>
         <input_file_ref idref="fl-b9"/>
      </object_component>
      <object_component id="oc-6f">
         <name>.cinit</name>
         <load_address>0xd5c8</load_address>
         <run_address>0xd5c8</run_address>
         <size>0x5c</size>
         <input_file_ref idref="fl-9a"/>
      </object_component>
      <object_component id="oc-9c">
         <name>.cinit</name>
         <load_address>0xd628</load_address>
         <run_address>0xd628</run_address>
         <size>0x5c</size>
         <input_file_ref idref="fl-a8"/>
      </object_component>
      <object_component id="oc-39">
         <name>.cinit</name>
         <load_address>0xd688</load_address>
         <run_address>0xd688</run_address>
         <size>0x40</size>
         <input_file_ref idref="fl-8a"/>
      </object_component>
      <object_component id="oc-44">
         <name>.cinit</name>
         <load_address>0xd6c8</load_address>
         <run_address>0xd6c8</run_address>
         <size>0x40</size>
         <input_file_ref idref="fl-8d"/>
      </object_component>
      <object_component id="oc-34">
         <name>.cinit</name>
         <load_address>0xd708</load_address>
         <run_address>0xd708</run_address>
         <size>0x2c</size>
         <input_file_ref idref="fl-89"/>
      </object_component>
      <object_component id="oc-cf">
         <name>.cinit</name>
         <load_address>0xd738</load_address>
         <run_address>0xd738</run_address>
         <size>0x2c</size>
         <input_file_ref idref="fl-b7"/>
      </object_component>
      <object_component id="oc-55">
         <name>.cinit</name>
         <load_address>0xd768</load_address>
         <run_address>0xd768</run_address>
         <size>0x1c</size>
         <input_file_ref idref="fl-92"/>
      </object_component>
      <object_component id="oc-79">
         <name>.cinit</name>
         <load_address>0xd788</load_address>
         <run_address>0xd788</run_address>
         <size>0xc</size>
         <input_file_ref idref="fl-9d"/>
      </object_component>
      <object_component id="oc-ca">
         <name>.cinit</name>
         <load_address>0xd798</load_address>
         <run_address>0xd798</run_address>
         <size>0xc</size>
         <input_file_ref idref="fl-b6"/>
      </object_component>
      <object_component id="oc-2d">
         <name>.stack</name>
         <uninitialized>true</uninitialized>
         <run_address>0xa5e0</run_address>
         <size>0x8</size>
         <input_file_ref idref="fl-87"/>
      </object_component>
      <object_component id="oc-150">
         <name>.stack</name>
         <uninitialized>true</uninitialized>
         <run_address>0xa5e0</run_address>
         <size>0x0</size>
      </object_component>
      <object_component id="oc-d1">
         <name>.sysmem</name>
         <uninitialized>true</uninitialized>
         <run_address>0xb5e0</run_address>
         <size>0x8</size>
         <input_file_ref idref="fl-b7"/>
      </object_component>
      <object_component id="oc-151">
         <name>.sysmem</name>
         <uninitialized>true</uninitialized>
         <run_address>0xb5e0</run_address>
         <size>0x0</size>
      </object_component>
      <object_component id="oc-f3">
         <name>.const:_hamming_window$1</name>
         <load_address>0xc5e0</load_address>
         <run_address>0xc5e0</run_address>
         <size>0x400</size>
         <input_file_ref idref="fl-7"/>
      </object_component>
      <object_component id="oc-f4">
         <name>.const:_hamming_window$2</name>
         <load_address>0xc9e0</load_address>
         <run_address>0xc9e0</run_address>
         <size>0x400</size>
         <input_file_ref idref="fl-7"/>
      </object_component>
      <object_component id="oc-f8">
         <name>.const:_$P$T0$3</name>
         <load_address>0xcde0</load_address>
         <run_address>0xcde0</run_address>
         <size>0x190</size>
         <input_file_ref idref="fl-7"/>
      </object_component>
      <object_component id="oc-116">
         <name>.const:.string:__ctypes_</name>
         <load_address>0xcf70</load_address>
         <run_address>0xcf70</run_address>
         <size>0x101</size>
         <input_file_ref idref="fl-99"/>
      </object_component>
      <object_component id="oc-86">
         <name>.const:.string</name>
         <load_address>0xd071</load_address>
         <run_address>0xd071</run_address>
         <size>0x2</size>
         <input_file_ref idref="fl-a1"/>
      </object_component>
      <object_component id="oc-f9">
         <name>.const:_$P$T1$4</name>
         <load_address>0xd074</load_address>
         <run_address>0xd074</run_address>
         <size>0x54</size>
         <input_file_ref idref="fl-7"/>
      </object_component>
      <object_component id="oc-5a">
         <name>.const:.string</name>
         <load_address>0xd0c8</load_address>
         <run_address>0xd0c8</run_address>
         <size>0x23</size>
         <input_file_ref idref="fl-93"/>
      </object_component>
      <object_component id="oc-28">
         <name>.const:.string</name>
         <load_address>0xd0ec</load_address>
         <run_address>0xd0ec</run_address>
         <size>0x8</size>
         <input_file_ref idref="fl-8"/>
      </object_component>
      <object_component id="oc-35">
         <name>.far</name>
         <uninitialized>true</uninitialized>
         <run_address>0xd598</run_address>
         <size>0xc</size>
         <input_file_ref idref="fl-89"/>
      </object_component>
      <object_component id="oc-3a">
         <name>.far</name>
         <uninitialized>true</uninitialized>
         <run_address>0xd538</run_address>
         <size>0x30</size>
         <input_file_ref idref="fl-8a"/>
      </object_component>
      <object_component id="oc-45">
         <name>.far</name>
         <uninitialized>true</uninitialized>
         <run_address>0xd568</run_address>
         <size>0x30</size>
         <input_file_ref idref="fl-8d"/>
      </object_component>
      <object_component id="oc-56">
         <name>.far</name>
         <uninitialized>true</uninitialized>
         <run_address>0xd5a4</run_address>
         <size>0x8</size>
         <input_file_ref idref="fl-92"/>
      </object_component>
      <object_component id="oc-70">
         <name>.far</name>
         <uninitialized>true</uninitialized>
         <run_address>0xd0f8</run_address>
         <size>0x324</size>
         <input_file_ref idref="fl-9a"/>
      </object_component>
      <object_component id="oc-7a">
         <name>.far</name>
         <uninitialized>true</uninitialized>
         <run_address>0xd5bc</run_address>
         <size>0x4</size>
         <input_file_ref idref="fl-9d"/>
      </object_component>
      <object_component id="oc-9d">
         <name>.far</name>
         <uninitialized>true</uninitialized>
         <run_address>0xd41c</run_address>
         <size>0x11c</size>
         <input_file_ref idref="fl-a8"/>
      </object_component>
      <object_component id="oc-b3">
         <name>.far</name>
         <uninitialized>true</uninitialized>
         <run_address>0xd5b4</run_address>
         <size>0x8</size>
         <input_file_ref idref="fl-af"/>
      </object_component>
      <object_component id="oc-cb">
         <name>.far</name>
         <uninitialized>true</uninitialized>
         <run_address>0xd5c0</run_address>
         <size>0x4</size>
         <input_file_ref idref="fl-b6"/>
      </object_component>
      <object_component id="oc-d0">
         <name>.far</name>
         <uninitialized>true</uninitialized>
         <run_address>0xd5ac</run_address>
         <size>0x8</size>
         <input_file_ref idref="fl-b7"/>
      </object_component>
      <object_component id="oc-b7">
         <name>.cio</name>
         <uninitialized>true</uninitialized>
         <run_address>0xd7ac</run_address>
         <size>0x120</size>
         <input_file_ref idref="fl-b0"/>
      </object_component>
      <object_component id="oc-10">
         <name>.debug_info</name>
         <load_address>0x0</load_address>
         <run_address>0x0</run_address>
         <size>0x189</size>
         <input_file_ref idref="fl-2"/>
      </object_component>
      <object_component id="oc-14">
         <name>.debug_info</name>
         <load_address>0x189</load_address>
         <run_address>0x189</run_address>
         <size>0x171</size>
         <input_file_ref idref="fl-3"/>
      </object_component>
      <object_component id="oc-18">
         <name>.debug_info</name>
         <load_address>0x2fa</load_address>
         <run_address>0x2fa</run_address>
         <size>0xec</size>
         <input_file_ref idref="fl-4"/>
      </object_component>
      <object_component id="oc-1c">
         <name>.debug_info</name>
         <load_address>0x3e6</load_address>
         <run_address>0x3e6</run_address>
         <size>0x1fd</size>
         <input_file_ref idref="fl-5"/>
      </object_component>
      <object_component id="oc-20">
         <name>.debug_info</name>
         <load_address>0x5e3</load_address>
         <run_address>0x5e3</run_address>
         <size>0x169</size>
         <input_file_ref idref="fl-6"/>
      </object_component>
      <object_component id="oc-23">
         <name>.debug_info</name>
         <load_address>0x74c</load_address>
         <run_address>0x74c</run_address>
         <size>0x14d4</size>
         <input_file_ref idref="fl-7"/>
      </object_component>
      <object_component id="oc-27">
         <name>.debug_info</name>
         <load_address>0x1c20</load_address>
         <run_address>0x1c20</run_address>
         <size>0x92f</size>
         <input_file_ref idref="fl-8"/>
      </object_component>
      <object_component id="oc-2c">
         <name>.debug_info</name>
         <load_address>0x254f</load_address>
         <run_address>0x254f</run_address>
         <size>0x70b</size>
         <input_file_ref idref="fl-87"/>
      </object_component>
      <object_component id="oc-30">
         <name>.debug_info</name>
         <load_address>0x2c5a</load_address>
         <run_address>0x2c5a</run_address>
         <size>0x8ce</size>
         <input_file_ref idref="fl-88"/>
      </object_component>
      <object_component id="oc-33">
         <name>.debug_info</name>
         <load_address>0x3528</load_address>
         <run_address>0x3528</run_address>
         <size>0x7ff</size>
         <input_file_ref idref="fl-89"/>
      </object_component>
      <object_component id="oc-38">
         <name>.debug_info</name>
         <load_address>0x3d27</load_address>
         <run_address>0x3d27</run_address>
         <size>0x68d</size>
         <input_file_ref idref="fl-8a"/>
      </object_component>
      <object_component id="oc-3d">
         <name>.debug_info</name>
         <load_address>0x43b4</load_address>
         <run_address>0x43b4</run_address>
         <size>0x64f</size>
         <input_file_ref idref="fl-8b"/>
      </object_component>
      <object_component id="oc-40">
         <name>.debug_info</name>
         <load_address>0x4a03</load_address>
         <run_address>0x4a03</run_address>
         <size>0x697</size>
         <input_file_ref idref="fl-8c"/>
      </object_component>
      <object_component id="oc-43">
         <name>.debug_info</name>
         <load_address>0x509a</load_address>
         <run_address>0x509a</run_address>
         <size>0x67c</size>
         <input_file_ref idref="fl-8d"/>
      </object_component>
      <object_component id="oc-48">
         <name>.debug_info</name>
         <load_address>0x5716</load_address>
         <run_address>0x5716</run_address>
         <size>0x680</size>
         <input_file_ref idref="fl-8e"/>
      </object_component>
      <object_component id="oc-4b">
         <name>.debug_info</name>
         <load_address>0x5d96</load_address>
         <run_address>0x5d96</run_address>
         <size>0x902</size>
         <input_file_ref idref="fl-8f"/>
      </object_component>
      <object_component id="oc-4e">
         <name>.debug_info</name>
         <load_address>0x6698</load_address>
         <run_address>0x6698</run_address>
         <size>0xd8</size>
         <input_file_ref idref="fl-90"/>
      </object_component>
      <object_component id="oc-51">
         <name>.debug_info</name>
         <load_address>0x6770</load_address>
         <run_address>0x6770</run_address>
         <size>0x651</size>
         <input_file_ref idref="fl-91"/>
      </object_component>
      <object_component id="oc-54">
         <name>.debug_info</name>
         <load_address>0x6dc1</load_address>
         <run_address>0x6dc1</run_address>
         <size>0x64c</size>
         <input_file_ref idref="fl-92"/>
      </object_component>
      <object_component id="oc-59">
         <name>.debug_info</name>
         <load_address>0x740d</load_address>
         <run_address>0x740d</run_address>
         <size>0x2bda</size>
         <input_file_ref idref="fl-93"/>
      </object_component>
      <object_component id="oc-5d">
         <name>.debug_info</name>
         <load_address>0x9fe7</load_address>
         <run_address>0x9fe7</run_address>
         <size>0x6e1</size>
         <input_file_ref idref="fl-94"/>
      </object_component>
      <object_component id="oc-60">
         <name>.debug_info</name>
         <load_address>0xa6c8</load_address>
         <run_address>0xa6c8</run_address>
         <size>0x722</size>
         <input_file_ref idref="fl-95"/>
      </object_component>
      <object_component id="oc-63">
         <name>.debug_info</name>
         <load_address>0xadea</load_address>
         <run_address>0xadea</run_address>
         <size>0x871</size>
         <input_file_ref idref="fl-96"/>
      </object_component>
      <object_component id="oc-66">
         <name>.debug_info</name>
         <load_address>0xb65b</load_address>
         <run_address>0xb65b</run_address>
         <size>0x6e9</size>
         <input_file_ref idref="fl-97"/>
      </object_component>
      <object_component id="oc-69">
         <name>.debug_info</name>
         <load_address>0xbd44</load_address>
         <run_address>0xbd44</run_address>
         <size>0x7df</size>
         <input_file_ref idref="fl-98"/>
      </object_component>
      <object_component id="oc-6c">
         <name>.debug_info</name>
         <load_address>0xc523</load_address>
         <run_address>0xc523</run_address>
         <size>0x5fa</size>
         <input_file_ref idref="fl-99"/>
      </object_component>
      <object_component id="oc-6e">
         <name>.debug_info</name>
         <load_address>0xcb1d</load_address>
         <run_address>0xcb1d</run_address>
         <size>0x6e7</size>
         <input_file_ref idref="fl-9a"/>
      </object_component>
      <object_component id="oc-72">
         <name>.debug_info</name>
         <load_address>0xd204</load_address>
         <run_address>0xd204</run_address>
         <size>0x982</size>
         <input_file_ref idref="fl-9b"/>
      </object_component>
      <object_component id="oc-75">
         <name>.debug_info</name>
         <load_address>0xdb86</load_address>
         <run_address>0xdb86</run_address>
         <size>0xd0</size>
         <input_file_ref idref="fl-9c"/>
      </object_component>
      <object_component id="oc-78">
         <name>.debug_info</name>
         <load_address>0xdc56</load_address>
         <run_address>0xdc56</run_address>
         <size>0x5e2</size>
         <input_file_ref idref="fl-9d"/>
      </object_component>
      <object_component id="oc-7c">
         <name>.debug_info</name>
         <load_address>0xe238</load_address>
         <run_address>0xe238</run_address>
         <size>0x691</size>
         <input_file_ref idref="fl-9e"/>
      </object_component>
      <object_component id="oc-7f">
         <name>.debug_info</name>
         <load_address>0xe8c9</load_address>
         <run_address>0xe8c9</run_address>
         <size>0x6aa</size>
         <input_file_ref idref="fl-9f"/>
      </object_component>
      <object_component id="oc-82">
         <name>.debug_info</name>
         <load_address>0xef73</load_address>
         <run_address>0xef73</run_address>
         <size>0x82a</size>
         <input_file_ref idref="fl-a0"/>
      </object_component>
      <object_component id="oc-85">
         <name>.debug_info</name>
         <load_address>0xf79d</load_address>
         <run_address>0xf79d</run_address>
         <size>0xb90</size>
         <input_file_ref idref="fl-a1"/>
      </object_component>
      <object_component id="oc-89">
         <name>.debug_info</name>
         <load_address>0x1032d</load_address>
         <run_address>0x1032d</run_address>
         <size>0x6a4</size>
         <input_file_ref idref="fl-a2"/>
      </object_component>
      <object_component id="oc-8c">
         <name>.debug_info</name>
         <load_address>0x109d1</load_address>
         <run_address>0x109d1</run_address>
         <size>0x69b</size>
         <input_file_ref idref="fl-a3"/>
      </object_component>
      <object_component id="oc-8f">
         <name>.debug_info</name>
         <load_address>0x1106c</load_address>
         <run_address>0x1106c</run_address>
         <size>0x7bd</size>
         <input_file_ref idref="fl-a4"/>
      </object_component>
      <object_component id="oc-92">
         <name>.debug_info</name>
         <load_address>0x11829</load_address>
         <run_address>0x11829</run_address>
         <size>0x7b8</size>
         <input_file_ref idref="fl-a5"/>
      </object_component>
      <object_component id="oc-95">
         <name>.debug_info</name>
         <load_address>0x11fe1</load_address>
         <run_address>0x11fe1</run_address>
         <size>0x816</size>
         <input_file_ref idref="fl-a6"/>
      </object_component>
      <object_component id="oc-98">
         <name>.debug_info</name>
         <load_address>0x127f7</load_address>
         <run_address>0x127f7</run_address>
         <size>0x701</size>
         <input_file_ref idref="fl-a7"/>
      </object_component>
      <object_component id="oc-9b">
         <name>.debug_info</name>
         <load_address>0x12ef8</load_address>
         <run_address>0x12ef8</run_address>
         <size>0xf67</size>
         <input_file_ref idref="fl-a8"/>
      </object_component>
      <object_component id="oc-a0">
         <name>.debug_info</name>
         <load_address>0x13e5f</load_address>
         <run_address>0x13e5f</run_address>
         <size>0x748</size>
         <input_file_ref idref="fl-a9"/>
      </object_component>
      <object_component id="oc-a3">
         <name>.debug_info</name>
         <load_address>0x145a7</load_address>
         <run_address>0x145a7</run_address>
         <size>0x6ec</size>
         <input_file_ref idref="fl-aa"/>
      </object_component>
      <object_component id="oc-a6">
         <name>.debug_info</name>
         <load_address>0x14c93</load_address>
         <run_address>0x14c93</run_address>
         <size>0x792</size>
         <input_file_ref idref="fl-ab"/>
      </object_component>
      <object_component id="oc-a9">
         <name>.debug_info</name>
         <load_address>0x15425</load_address>
         <run_address>0x15425</run_address>
         <size>0x730</size>
         <input_file_ref idref="fl-ac"/>
      </object_component>
      <object_component id="oc-ac">
         <name>.debug_info</name>
         <load_address>0x15b55</load_address>
         <run_address>0x15b55</run_address>
         <size>0x6b7</size>
         <input_file_ref idref="fl-ad"/>
      </object_component>
      <object_component id="oc-af">
         <name>.debug_info</name>
         <load_address>0x1620c</load_address>
         <run_address>0x1620c</run_address>
         <size>0x618</size>
         <input_file_ref idref="fl-ae"/>
      </object_component>
      <object_component id="oc-b2">
         <name>.debug_info</name>
         <load_address>0x16824</load_address>
         <run_address>0x16824</run_address>
         <size>0xf02</size>
         <input_file_ref idref="fl-af"/>
      </object_component>
      <object_component id="oc-b6">
         <name>.debug_info</name>
         <load_address>0x17726</load_address>
         <run_address>0x17726</run_address>
         <size>0x8d1</size>
         <input_file_ref idref="fl-b0"/>
      </object_component>
      <object_component id="oc-ba">
         <name>.debug_info</name>
         <load_address>0x17ff7</load_address>
         <run_address>0x17ff7</run_address>
         <size>0x75a</size>
         <input_file_ref idref="fl-b1"/>
      </object_component>
      <object_component id="oc-bd">
         <name>.debug_info</name>
         <load_address>0x18751</load_address>
         <run_address>0x18751</run_address>
         <size>0x5cc</size>
         <input_file_ref idref="fl-b2"/>
      </object_component>
      <object_component id="oc-c0">
         <name>.debug_info</name>
         <load_address>0x18d1d</load_address>
         <run_address>0x18d1d</run_address>
         <size>0x781</size>
         <input_file_ref idref="fl-b3"/>
      </object_component>
      <object_component id="oc-c3">
         <name>.debug_info</name>
         <load_address>0x1949e</load_address>
         <run_address>0x1949e</run_address>
         <size>0x7b9</size>
         <input_file_ref idref="fl-b4"/>
      </object_component>
      <object_component id="oc-c6">
         <name>.debug_info</name>
         <load_address>0x19c57</load_address>
         <run_address>0x19c57</run_address>
         <size>0x813</size>
         <input_file_ref idref="fl-b5"/>
      </object_component>
      <object_component id="oc-c9">
         <name>.debug_info</name>
         <load_address>0x1a46a</load_address>
         <run_address>0x1a46a</run_address>
         <size>0x885</size>
         <input_file_ref idref="fl-b6"/>
      </object_component>
      <object_component id="oc-ce">
         <name>.debug_info</name>
         <load_address>0x1acef</load_address>
         <run_address>0x1acef</run_address>
         <size>0xb47</size>
         <input_file_ref idref="fl-b7"/>
      </object_component>
      <object_component id="oc-d4">
         <name>.debug_info</name>
         <load_address>0x1b836</load_address>
         <run_address>0x1b836</run_address>
         <size>0x806</size>
         <input_file_ref idref="fl-b8"/>
      </object_component>
      <object_component id="oc-d7">
         <name>.debug_info</name>
         <load_address>0x1c03c</load_address>
         <run_address>0x1c03c</run_address>
         <size>0x664</size>
         <input_file_ref idref="fl-b9"/>
      </object_component>
      <object_component id="oc-dc">
         <name>.debug_info</name>
         <load_address>0x1c6a0</load_address>
         <run_address>0x1c6a0</run_address>
         <size>0xaf</size>
         <input_file_ref idref="fl-ba"/>
      </object_component>
      <object_component id="oc-152">
         <name>.debug_info</name>
         <load_address>0x1c74f</load_address>
         <run_address>0x1c74f</run_address>
         <size>0x6e</size>
      </object_component>
      <object_component id="oc-11">
         <name>.debug_line</name>
         <load_address>0x0</load_address>
         <run_address>0x0</run_address>
         <size>0xa3</size>
         <input_file_ref idref="fl-2"/>
      </object_component>
      <object_component id="oc-15">
         <name>.debug_line</name>
         <load_address>0xa3</load_address>
         <run_address>0xa3</run_address>
         <size>0xb4</size>
         <input_file_ref idref="fl-3"/>
      </object_component>
      <object_component id="oc-19">
         <name>.debug_line</name>
         <load_address>0x157</load_address>
         <run_address>0x157</run_address>
         <size>0x5e</size>
         <input_file_ref idref="fl-4"/>
      </object_component>
      <object_component id="oc-1d">
         <name>.debug_line</name>
         <load_address>0x1b5</load_address>
         <run_address>0x1b5</run_address>
         <size>0xb7</size>
         <input_file_ref idref="fl-5"/>
      </object_component>
      <object_component id="oc-21">
         <name>.debug_line</name>
         <load_address>0x26c</load_address>
         <run_address>0x26c</run_address>
         <size>0x8f</size>
         <input_file_ref idref="fl-6"/>
      </object_component>
      <object_component id="oc-25">
         <name>.debug_line</name>
         <load_address>0x2fb</load_address>
         <run_address>0x2fb</run_address>
         <size>0x20d</size>
         <input_file_ref idref="fl-7"/>
      </object_component>
      <object_component id="oc-2a">
         <name>.debug_line</name>
         <load_address>0x508</load_address>
         <run_address>0x508</run_address>
         <size>0x7b</size>
         <input_file_ref idref="fl-8"/>
      </object_component>
      <object_component id="oc-2e">
         <name>.debug_line</name>
         <load_address>0x583</load_address>
         <run_address>0x583</run_address>
         <size>0x3d</size>
         <input_file_ref idref="fl-87"/>
      </object_component>
      <object_component id="oc-31">
         <name>.debug_line</name>
         <load_address>0x5c0</load_address>
         <run_address>0x5c0</run_address>
         <size>0x3c</size>
         <input_file_ref idref="fl-88"/>
      </object_component>
      <object_component id="oc-36">
         <name>.debug_line</name>
         <load_address>0x5fc</load_address>
         <run_address>0x5fc</run_address>
         <size>0x4f</size>
         <input_file_ref idref="fl-89"/>
      </object_component>
      <object_component id="oc-3b">
         <name>.debug_line</name>
         <load_address>0x64b</load_address>
         <run_address>0x64b</run_address>
         <size>0x3b</size>
         <input_file_ref idref="fl-8a"/>
      </object_component>
      <object_component id="oc-3e">
         <name>.debug_line</name>
         <load_address>0x686</load_address>
         <run_address>0x686</run_address>
         <size>0x38</size>
         <input_file_ref idref="fl-8b"/>
      </object_component>
      <object_component id="oc-41">
         <name>.debug_line</name>
         <load_address>0x6be</load_address>
         <run_address>0x6be</run_address>
         <size>0x3a</size>
         <input_file_ref idref="fl-8c"/>
      </object_component>
      <object_component id="oc-46">
         <name>.debug_line</name>
         <load_address>0x6f8</load_address>
         <run_address>0x6f8</run_address>
         <size>0x3b</size>
         <input_file_ref idref="fl-8d"/>
      </object_component>
      <object_component id="oc-49">
         <name>.debug_line</name>
         <load_address>0x733</load_address>
         <run_address>0x733</run_address>
         <size>0x37</size>
         <input_file_ref idref="fl-8e"/>
      </object_component>
      <object_component id="oc-4c">
         <name>.debug_line</name>
         <load_address>0x76a</load_address>
         <run_address>0x76a</run_address>
         <size>0x6a</size>
         <input_file_ref idref="fl-8f"/>
      </object_component>
      <object_component id="oc-4f">
         <name>.debug_line</name>
         <load_address>0x7d4</load_address>
         <run_address>0x7d4</run_address>
         <size>0x4a</size>
         <input_file_ref idref="fl-90"/>
      </object_component>
      <object_component id="oc-52">
         <name>.debug_line</name>
         <load_address>0x81e</load_address>
         <run_address>0x81e</run_address>
         <size>0x38</size>
         <input_file_ref idref="fl-91"/>
      </object_component>
      <object_component id="oc-57">
         <name>.debug_line</name>
         <load_address>0x856</load_address>
         <run_address>0x856</run_address>
         <size>0x36</size>
         <input_file_ref idref="fl-92"/>
      </object_component>
      <object_component id="oc-5b">
         <name>.debug_line</name>
         <load_address>0x88c</load_address>
         <run_address>0x88c</run_address>
         <size>0x343</size>
         <input_file_ref idref="fl-93"/>
      </object_component>
      <object_component id="oc-5e">
         <name>.debug_line</name>
         <load_address>0xbcf</load_address>
         <run_address>0xbcf</run_address>
         <size>0x41</size>
         <input_file_ref idref="fl-94"/>
      </object_component>
      <object_component id="oc-61">
         <name>.debug_line</name>
         <load_address>0xc10</load_address>
         <run_address>0xc10</run_address>
         <size>0x41</size>
         <input_file_ref idref="fl-95"/>
      </object_component>
      <object_component id="oc-64">
         <name>.debug_line</name>
         <load_address>0xc51</load_address>
         <run_address>0xc51</run_address>
         <size>0x47</size>
         <input_file_ref idref="fl-96"/>
      </object_component>
      <object_component id="oc-67">
         <name>.debug_line</name>
         <load_address>0xc98</load_address>
         <run_address>0xc98</run_address>
         <size>0x45</size>
         <input_file_ref idref="fl-97"/>
      </object_component>
      <object_component id="oc-6a">
         <name>.debug_line</name>
         <load_address>0xcdd</load_address>
         <run_address>0xcdd</run_address>
         <size>0x44</size>
         <input_file_ref idref="fl-98"/>
      </object_component>
      <object_component id="oc-73">
         <name>.debug_line</name>
         <load_address>0xd21</load_address>
         <run_address>0xd21</run_address>
         <size>0x3c</size>
         <input_file_ref idref="fl-9b"/>
      </object_component>
      <object_component id="oc-76">
         <name>.debug_line</name>
         <load_address>0xd5d</load_address>
         <run_address>0xd5d</run_address>
         <size>0x44</size>
         <input_file_ref idref="fl-9c"/>
      </object_component>
      <object_component id="oc-7d">
         <name>.debug_line</name>
         <load_address>0xda1</load_address>
         <run_address>0xda1</run_address>
         <size>0x3d</size>
         <input_file_ref idref="fl-9e"/>
      </object_component>
      <object_component id="oc-80">
         <name>.debug_line</name>
         <load_address>0xdde</load_address>
         <run_address>0xdde</run_address>
         <size>0x3d</size>
         <input_file_ref idref="fl-9f"/>
      </object_component>
      <object_component id="oc-83">
         <name>.debug_line</name>
         <load_address>0xe1b</load_address>
         <run_address>0xe1b</run_address>
         <size>0x3f</size>
         <input_file_ref idref="fl-a0"/>
      </object_component>
      <object_component id="oc-87">
         <name>.debug_line</name>
         <load_address>0xe5a</load_address>
         <run_address>0xe5a</run_address>
         <size>0xa9</size>
         <input_file_ref idref="fl-a1"/>
      </object_component>
      <object_component id="oc-8a">
         <name>.debug_line</name>
         <load_address>0xf03</load_address>
         <run_address>0xf03</run_address>
         <size>0x3e</size>
         <input_file_ref idref="fl-a2"/>
      </object_component>
      <object_component id="oc-8d">
         <name>.debug_line</name>
         <load_address>0xf41</load_address>
         <run_address>0xf41</run_address>
         <size>0x38</size>
         <input_file_ref idref="fl-a3"/>
      </object_component>
      <object_component id="oc-90">
         <name>.debug_line</name>
         <load_address>0xf79</load_address>
         <run_address>0xf79</run_address>
         <size>0x73</size>
         <input_file_ref idref="fl-a4"/>
      </object_component>
      <object_component id="oc-93">
         <name>.debug_line</name>
         <load_address>0xfec</load_address>
         <run_address>0xfec</run_address>
         <size>0x5f</size>
         <input_file_ref idref="fl-a5"/>
      </object_component>
      <object_component id="oc-96">
         <name>.debug_line</name>
         <load_address>0x104b</load_address>
         <run_address>0x104b</run_address>
         <size>0x38</size>
         <input_file_ref idref="fl-a6"/>
      </object_component>
      <object_component id="oc-99">
         <name>.debug_line</name>
         <load_address>0x1083</load_address>
         <run_address>0x1083</run_address>
         <size>0x56</size>
         <input_file_ref idref="fl-a7"/>
      </object_component>
      <object_component id="oc-9e">
         <name>.debug_line</name>
         <load_address>0x10d9</load_address>
         <run_address>0x10d9</run_address>
         <size>0x10c</size>
         <input_file_ref idref="fl-a8"/>
      </object_component>
      <object_component id="oc-a1">
         <name>.debug_line</name>
         <load_address>0x11e5</load_address>
         <run_address>0x11e5</run_address>
         <size>0x40</size>
         <input_file_ref idref="fl-a9"/>
      </object_component>
      <object_component id="oc-a4">
         <name>.debug_line</name>
         <load_address>0x1225</load_address>
         <run_address>0x1225</run_address>
         <size>0x3f</size>
         <input_file_ref idref="fl-aa"/>
      </object_component>
      <object_component id="oc-a7">
         <name>.debug_line</name>
         <load_address>0x1264</load_address>
         <run_address>0x1264</run_address>
         <size>0x4e</size>
         <input_file_ref idref="fl-ab"/>
      </object_component>
      <object_component id="oc-aa">
         <name>.debug_line</name>
         <load_address>0x12b2</load_address>
         <run_address>0x12b2</run_address>
         <size>0x47</size>
         <input_file_ref idref="fl-ac"/>
      </object_component>
      <object_component id="oc-ad">
         <name>.debug_line</name>
         <load_address>0x12f9</load_address>
         <run_address>0x12f9</run_address>
         <size>0x3d</size>
         <input_file_ref idref="fl-ad"/>
      </object_component>
      <object_component id="oc-b0">
         <name>.debug_line</name>
         <load_address>0x1336</load_address>
         <run_address>0x1336</run_address>
         <size>0x37</size>
         <input_file_ref idref="fl-ae"/>
      </object_component>
      <object_component id="oc-b4">
         <name>.debug_line</name>
         <load_address>0x136d</load_address>
         <run_address>0x136d</run_address>
         <size>0x139</size>
         <input_file_ref idref="fl-af"/>
      </object_component>
      <object_component id="oc-b8">
         <name>.debug_line</name>
         <load_address>0x14a6</load_address>
         <run_address>0x14a6</run_address>
         <size>0x64</size>
         <input_file_ref idref="fl-b0"/>
      </object_component>
      <object_component id="oc-bb">
         <name>.debug_line</name>
         <load_address>0x150a</load_address>
         <run_address>0x150a</run_address>
         <size>0x40</size>
         <input_file_ref idref="fl-b1"/>
      </object_component>
      <object_component id="oc-be">
         <name>.debug_line</name>
         <load_address>0x154a</load_address>
         <run_address>0x154a</run_address>
         <size>0x23</size>
         <input_file_ref idref="fl-b2"/>
      </object_component>
      <object_component id="oc-c1">
         <name>.debug_line</name>
         <load_address>0x156d</load_address>
         <run_address>0x156d</run_address>
         <size>0x3e</size>
         <input_file_ref idref="fl-b3"/>
      </object_component>
      <object_component id="oc-c4">
         <name>.debug_line</name>
         <load_address>0x15ab</load_address>
         <run_address>0x15ab</run_address>
         <size>0x3c</size>
         <input_file_ref idref="fl-b4"/>
      </object_component>
      <object_component id="oc-c7">
         <name>.debug_line</name>
         <load_address>0x15e7</load_address>
         <run_address>0x15e7</run_address>
         <size>0x40</size>
         <input_file_ref idref="fl-b5"/>
      </object_component>
      <object_component id="oc-cc">
         <name>.debug_line</name>
         <load_address>0x1627</load_address>
         <run_address>0x1627</run_address>
         <size>0x42</size>
         <input_file_ref idref="fl-b6"/>
      </object_component>
      <object_component id="oc-d2">
         <name>.debug_line</name>
         <load_address>0x1669</load_address>
         <run_address>0x1669</run_address>
         <size>0xa7</size>
         <input_file_ref idref="fl-b7"/>
      </object_component>
      <object_component id="oc-d5">
         <name>.debug_line</name>
         <load_address>0x1710</load_address>
         <run_address>0x1710</run_address>
         <size>0x3e</size>
         <input_file_ref idref="fl-b8"/>
      </object_component>
      <object_component id="oc-d8">
         <name>.debug_line</name>
         <load_address>0x174e</load_address>
         <run_address>0x174e</run_address>
         <size>0x39</size>
         <input_file_ref idref="fl-b9"/>
      </object_component>
      <object_component id="oc-dd">
         <name>.debug_line</name>
         <load_address>0x1787</load_address>
         <run_address>0x1787</run_address>
         <size>0xc2</size>
         <input_file_ref idref="fl-ba"/>
      </object_component>
      <object_component id="oc-12">
         <name>.debug_abbrev</name>
         <load_address>0x0</load_address>
         <run_address>0x0</run_address>
         <size>0x27</size>
         <input_file_ref idref="fl-2"/>
      </object_component>
      <object_component id="oc-16">
         <name>.debug_abbrev</name>
         <load_address>0x27</load_address>
         <run_address>0x27</run_address>
         <size>0x27</size>
         <input_file_ref idref="fl-3"/>
      </object_component>
      <object_component id="oc-1a">
         <name>.debug_abbrev</name>
         <load_address>0x4e</load_address>
         <run_address>0x4e</run_address>
         <size>0x27</size>
         <input_file_ref idref="fl-4"/>
      </object_component>
      <object_component id="oc-1e">
         <name>.debug_abbrev</name>
         <load_address>0x75</load_address>
         <run_address>0x75</run_address>
         <size>0x27</size>
         <input_file_ref idref="fl-5"/>
      </object_component>
      <object_component id="oc-22">
         <name>.debug_abbrev</name>
         <load_address>0x9c</load_address>
         <run_address>0x9c</run_address>
         <size>0x27</size>
         <input_file_ref idref="fl-6"/>
      </object_component>
      <object_component id="oc-26">
         <name>.debug_abbrev</name>
         <load_address>0xc3</load_address>
         <run_address>0xc3</run_address>
         <size>0x164</size>
         <input_file_ref idref="fl-7"/>
      </object_component>
      <object_component id="oc-2b">
         <name>.debug_abbrev</name>
         <load_address>0x227</load_address>
         <run_address>0x227</run_address>
         <size>0xdf</size>
         <input_file_ref idref="fl-8"/>
      </object_component>
      <object_component id="oc-2f">
         <name>.debug_abbrev</name>
         <load_address>0x306</load_address>
         <run_address>0x306</run_address>
         <size>0xfe</size>
         <input_file_ref idref="fl-87"/>
      </object_component>
      <object_component id="oc-32">
         <name>.debug_abbrev</name>
         <load_address>0x404</load_address>
         <run_address>0x404</run_address>
         <size>0xe7</size>
         <input_file_ref idref="fl-88"/>
      </object_component>
      <object_component id="oc-37">
         <name>.debug_abbrev</name>
         <load_address>0x4eb</load_address>
         <run_address>0x4eb</run_address>
         <size>0x119</size>
         <input_file_ref idref="fl-89"/>
      </object_component>
      <object_component id="oc-3c">
         <name>.debug_abbrev</name>
         <load_address>0x604</load_address>
         <run_address>0x604</run_address>
         <size>0xb6</size>
         <input_file_ref idref="fl-8a"/>
      </object_component>
      <object_component id="oc-3f">
         <name>.debug_abbrev</name>
         <load_address>0x6ba</load_address>
         <run_address>0x6ba</run_address>
         <size>0xaf</size>
         <input_file_ref idref="fl-8b"/>
      </object_component>
      <object_component id="oc-42">
         <name>.debug_abbrev</name>
         <load_address>0x769</load_address>
         <run_address>0x769</run_address>
         <size>0xa8</size>
         <input_file_ref idref="fl-8c"/>
      </object_component>
      <object_component id="oc-47">
         <name>.debug_abbrev</name>
         <load_address>0x811</load_address>
         <run_address>0x811</run_address>
         <size>0xbf</size>
         <input_file_ref idref="fl-8d"/>
      </object_component>
      <object_component id="oc-4a">
         <name>.debug_abbrev</name>
         <load_address>0x8d0</load_address>
         <run_address>0x8d0</run_address>
         <size>0xa1</size>
         <input_file_ref idref="fl-8e"/>
      </object_component>
      <object_component id="oc-4d">
         <name>.debug_abbrev</name>
         <load_address>0x971</load_address>
         <run_address>0x971</run_address>
         <size>0x161</size>
         <input_file_ref idref="fl-8f"/>
      </object_component>
      <object_component id="oc-50">
         <name>.debug_abbrev</name>
         <load_address>0xad2</load_address>
         <run_address>0xad2</run_address>
         <size>0x3b</size>
         <input_file_ref idref="fl-90"/>
      </object_component>
      <object_component id="oc-53">
         <name>.debug_abbrev</name>
         <load_address>0xb0d</load_address>
         <run_address>0xb0d</run_address>
         <size>0xaf</size>
         <input_file_ref idref="fl-91"/>
      </object_component>
      <object_component id="oc-58">
         <name>.debug_abbrev</name>
         <load_address>0xbbc</load_address>
         <run_address>0xbbc</run_address>
         <size>0x9f</size>
         <input_file_ref idref="fl-92"/>
      </object_component>
      <object_component id="oc-5c">
         <name>.debug_abbrev</name>
         <load_address>0xc5b</load_address>
         <run_address>0xc5b</run_address>
         <size>0x1d1</size>
         <input_file_ref idref="fl-93"/>
      </object_component>
      <object_component id="oc-5f">
         <name>.debug_abbrev</name>
         <load_address>0xe2c</load_address>
         <run_address>0xe2c</run_address>
         <size>0xe1</size>
         <input_file_ref idref="fl-94"/>
      </object_component>
      <object_component id="oc-62">
         <name>.debug_abbrev</name>
         <load_address>0xf0d</load_address>
         <run_address>0xf0d</run_address>
         <size>0xcc</size>
         <input_file_ref idref="fl-95"/>
      </object_component>
      <object_component id="oc-65">
         <name>.debug_abbrev</name>
         <load_address>0xfd9</load_address>
         <run_address>0xfd9</run_address>
         <size>0x13f</size>
         <input_file_ref idref="fl-96"/>
      </object_component>
      <object_component id="oc-68">
         <name>.debug_abbrev</name>
[...]
               <size>0x22734</size>
            </available_space>
         </usage_details>
      </memory_area>
      <memory_area>
         <name>SDRAM</name>
         <page_id>0x0</page_id>
         <origin>0x80000000</origin>
         <length>0x1000000</length>
         <used_space>0x0</used_space>
         <unused_space>0x1000000</unused_space>
         <attributes>RWIX</attributes>
         <usage_details>
         </usage_details>
      </memory_area>
      <memory_area>
         <name>FLASH</name>
         <page_id>0x0</page_id>
         <origin>0x90000000</origin>
         <length>0x20000</length>
         <used_space>0x0</used_space>
         <unused_space>0x20000</unused_space>
         <attributes>RWIX</attributes>
         <usage_details>
         </usage_details>
      </memory_area>
   </placement_map>
   <symbol_table>
      <symbol id="sm-0">
         <name>cinit</name>
         <value>0xd5c8</value>
      </symbol>
      <symbol id="sm-1">
         <name>___cinit__</name>
         <value>0xd5c8</value>
      </symbol>
      <symbol id="sm-2">
         <name>pinit</name>
         <value>0xffffffff</value>
      </symbol>
      <symbol id="sm-3">
         <name>___pinit__</name>
         <value>0xffffffff</value>
      </symbol>
      <symbol id="sm-4">
         <name>binit</name>
         <value>0xffffffff</value>
      </symbol>
      <symbol id="sm-5">
         <name>___binit__</name>
         <value>0xffffffff</value>
      </symbol>
      <symbol id="sm-6">
         <name>__STACK_SIZE</name>
         <value>0x1000</value>
      </symbol>
      <symbol id="sm-7">
         <name>__STACK_END</name>
         <value>0xb5e0</value>
      </symbol>
      <symbol id="sm-8">
         <name>__SYSMEM_SIZE</name>
         <value>0x1000</value>
      </symbol>
      <symbol id="sm-9">
         <name>___c_args__</name>
         <value>0xffffffff</value>
      </symbol>
      <symbol id="sm-a">
         <name>.text</name>
         <value>0x220</value>
      </symbol>
      <symbol id="sm-b">
         <name>___text__</name>
         <value>0x220</value>
      </symbol>
      <symbol id="sm-c">
         <name>etext</name>
         <value>0xa5e0</value>
      </symbol>
      <symbol id="sm-d">
         <name>___etext__</name>
         <value>0xa5e0</value>
      </symbol>
      <symbol id="sm-e">
         <name>.bss</name>
         <value>0x220</value>
      </symbol>
      <symbol id="sm-f">
         <name>___bss__</name>
         <value>0x220</value>
      </symbol>
      <symbol id="sm-10">
         <name>end</name>
         <value>0x220</value>
      </symbol>
      <symbol id="sm-11">
         <name>___end__</name>
         <value>0x220</value>
      </symbol>
      <symbol id="sm-12">
         <name>___TI_pprof_out_hndl</name>
         <value>0xffffffff</value>
      </symbol>
      <symbol id="sm-13">
         <name>___TI_prof_data_start</name>
         <value>0xffffffff</value>
      </symbol>
      <symbol id="sm-14">
         <name>___TI_prof_data_size</name>
         <value>0xffffffff</value>
      </symbol>
      <symbol id="sm-15">
         <name>$bss</name>
         <value>0x220</value>
      </symbol>
      <symbol id="sm-3e">
         <name>_AddEntierSigne32bits</name>
         <value>0x812c</value>
         <object_component_ref idref="oc-f"/>
      </symbol>
      <symbol id="sm-3f">
         <name>_AddFractionnaire32bits_Q7p24_Q15p16</name>
         <value>0x816c</value>
         <object_component_ref idref="oc-f"/>
      </symbol>
      <symbol id="sm-40">
         <name>_AddEntierNonSigne32bits</name>
         <value>0x80e0</value>
         <object_component_ref idref="oc-f"/>
      </symbol>
      <symbol id="sm-4b">
         <name>_DivFlottant32bits</name>
         <value>0x7624</value>
         <object_component_ref idref="oc-13"/>
      </symbol>
      <symbol id="sm-4c">
         <name>_DivSubcNonSigne32bit</name>
         <value>0x7570</value>
         <object_component_ref idref="oc-13"/>
      </symbol>
      <symbol id="sm-4d">
         <name>_DivIncrementationNonSigne32bit</name>
         <value>0x7500</value>
         <object_component_ref idref="oc-13"/>
      </symbol>
      <symbol id="sm-56">
         <name>_EncrypterDonnees</name>
         <value>0x9fc0</value>
         <object_component_ref idref="oc-17"/>
      </symbol>
      <symbol id="sm-5e">
         <name>_MpyFlottant64bits</name>
         <value>0x7a44</value>
         <object_component_ref idref="oc-1b"/>
      </symbol>
      <symbol id="sm-5f">
         <name>_MpyfractionnaireOp32bitsRes64bits_Q7p24_Q15p16</name>
         <value>0x7a00</value>
         <object_component_ref idref="oc-1b"/>
      </symbol>
      <symbol id="sm-60">
         <name>_MpyEntierNonSigneOp32bitsRes64bits</name>
         <value>0x7940</value>
         <object_component_ref idref="oc-1b"/>
      </symbol>
      <symbol id="sm-61">
         <name>_MpyEntierSigneOp32bitsRes64bits</name>
         <value>0x79bc</value>
         <object_component_ref idref="oc-1b"/>
      </symbol>
      <symbol id="sm-69">
         <name>_SubFlottant64bits</name>
         <value>0x9968</value>
         <object_component_ref idref="oc-1f"/>
      </symbol>
      <symbol id="sm-6a">
         <name>_SubEntierNonSigne32bits</name>
         <value>0x98e0</value>
         <object_component_ref idref="oc-1f"/>
      </symbol>
      <symbol id="sm-6b">
         <name>_SubEntierSigne32bits</name>
         <value>0x9928</value>
         <object_component_ref idref="oc-1f"/>
      </symbol>
      <symbol id="sm-cf">
         <name>_mfcc_mel2freq</name>
         <value>0x7c8</value>
         <object_component_ref idref="oc-f0"/>
      </symbol>
      <symbol id="sm-d0">
         <name>_float2complex</name>
         <value>0x2c4</value>
         <object_component_ref idref="oc-f0"/>
      </symbol>
      <symbol id="sm-d1">
         <name>_mfcc_melFilterBank_create</name>
         <value>0x830</value>
         <object_component_ref idref="oc-f0"/>
      </symbol>
      <symbol id="sm-d2">
         <name>_mfcc_powerSpectrum</name>
         <value>0xd0c</value>
         <object_component_ref idref="oc-f0"/>
      </symbol>
      <symbol id="sm-d3">
         <name>_mfcc_freq2mel</name>
         <value>0x758</value>
         <object_component_ref idref="oc-f0"/>
      </symbol>
      <symbol id="sm-d4">
         <name>_euclideanDistPow2</name>
         <value>0x364</value>
         <object_component_ref idref="oc-f0"/>
      </symbol>
      <symbol id="sm-d5">
         <name>_fvec_elementWise_mult</name>
         <value>0x220</value>
         <object_component_ref idref="oc-f0"/>
      </symbol>
      <symbol id="sm-d6">
         <name>_mfcc_hamming_window_256</name>
         <value>0x498</value>
         <object_component_ref idref="oc-f0"/>
      </symbol>
      <symbol id="sm-d7">
         <name>_mfcc_preAmpFIR</name>
         <value>0x444</value>
         <object_component_ref idref="oc-f0"/>
      </symbol>
      <symbol id="sm-d8">
         <name>_mfcc_hamming_window_256_opt</name>
         <value>0x514</value>
         <object_component_ref idref="oc-f0"/>
      </symbol>
      <symbol id="sm-102">
         <name>_main</name>
         <value>0x7360</value>
         <object_component_ref idref="oc-ec"/>
      </symbol>
      <symbol id="sm-10e">
         <name>_c_int00</name>
         <value>0xa1e0</value>
         <object_component_ref idref="oc-e"/>
      </symbol>
      <symbol id="sm-10f">
         <name>__stack</name>
         <value>0xa5e0</value>
         <object_component_ref idref="oc-2d"/>
      </symbol>
      <symbol id="sm-119">
         <name>__divf</name>
         <value>0x4a00</value>
         <object_component_ref idref="oc-f2"/>
      </symbol>
      <symbol id="sm-129">
         <name>C$$EXIT</name>
         <value>0xa5a0</value>
         <object_component_ref idref="oc-ed"/>
      </symbol>
      <symbol id="sm-12a">
         <name>_exit</name>
         <value>0x9560</value>
         <object_component_ref idref="oc-e0"/>
      </symbol>
      <symbol id="sm-12b">
         <name>___TI_enable_exit_profile_output</name>
         <value>0xd5a0</value>
         <object_component_ref idref="oc-35"/>
      </symbol>
      <symbol id="sm-12c">
         <name>_abort</name>
         <value>0xa5a0</value>
         <object_component_ref idref="oc-ed"/>
      </symbol>
      <symbol id="sm-12d">
         <name>__cleanup_ptr</name>
         <value>0xd598</value>
         <object_component_ref idref="oc-35"/>
      </symbol>
      <symbol id="sm-12e">
         <name>__dtors_ptr</name>
         <value>0xd59c</value>
         <object_component_ref idref="oc-35"/>
      </symbol>
      <symbol id="sm-13c">
         <name>_exp</name>
         <value>0x5ac0</value>
         <object_component_ref idref="oc-f6"/>
      </symbol>
      <symbol id="sm-146">
         <name>_floor</name>
         <value>0xa400</value>
         <object_component_ref idref="oc-fa"/>
      </symbol>
      <symbol id="sm-150">
         <name>_ldexp</name>
         <value>0x71c0</value>
         <object_component_ref idref="oc-101"/>
      </symbol>
      <symbol id="sm-15e">
         <name>_log</name>
         <value>0x5fa0</value>
         <object_component_ref idref="oc-f5"/>
      </symbol>
      <symbol id="sm-168">
         <name>_modf</name>
         <value>0x9720</value>
         <object_component_ref idref="oc-102"/>
      </symbol>
      <symbol id="sm-176">
         <name>_printf</name>
         <value>0x8fe0</value>
         <object_component_ref idref="oc-f1"/>
      </symbol>
      <symbol id="sm-17e">
         <name>__c6xabi_strasgi</name>
         <value>0x7d20</value>
         <object_component_ref idref="oc-f7"/>
      </symbol>
      <symbol id="sm-17f">
         <name>__strasgi</name>
         <value>0x7d20</value>
         <object_component_ref idref="oc-f7"/>
      </symbol>
      <symbol id="sm-189">
         <name>__trunc</name>
         <value>0xa4e0</value>
         <object_component_ref idref="oc-100"/>
      </symbol>
      <symbol id="sm-197">
         <name>__unlock</name>
         <value>0xd5a8</value>
         <object_component_ref idref="oc-56"/>
      </symbol>
      <symbol id="sm-198">
         <name>__lock</name>
         <value>0xd5a4</value>
         <object_component_ref idref="oc-56"/>
      </symbol>
      <symbol id="sm-199">
         <name>__nop</name>
         <value>0xa540</value>
         <object_component_ref idref="oc-e1"/>
      </symbol>
      <symbol id="sm-1c9">
         <name>__printfi</name>
         <value>0x2160</value>
         <object_component_ref idref="oc-fd"/>
      </symbol>
      <symbol id="sm-1d3">
         <name>__args_main</name>
         <value>0xa4a0</value>
         <object_component_ref idref="oc-df"/>
      </symbol>
      <symbol id="sm-1d4">
         <name>__TI_args_main</name>
         <value>0x1</value>
      </symbol>
      <symbol id="sm-1de">
         <name>_atoi</name>
         <value>0x7e60</value>
         <object_component_ref idref="oc-10f"/>
      </symbol>
      <symbol id="sm-1e8">
         <name>__auto_init</name>
         <value>0x8ae0</value>
         <object_component_ref idref="oc-de"/>
      </symbol>
      <symbol id="sm-1f2">
         <name>___TI_cpp_init</name>
         <value>0xa060</value>
         <object_component_ref idref="oc-eb"/>
      </symbol>
      <symbol id="sm-1fc">
         <name>_copy_in</name>
         <value>0x9a80</value>
         <object_component_ref idref="oc-e9"/>
      </symbol>
      <symbol id="sm-204">
         <name>__ctypes_</name>
         <value>0xcf70</value>
         <object_component_ref idref="oc-116"/>
      </symbol>
      <symbol id="sm-20e">
         <name>__tmpnams</name>
         <value>0xd2d8</value>
         <object_component_ref idref="oc-70"/>
      </symbol>
      <symbol id="sm-20f">
         <name>__ft_end</name>
         <value>0xd418</value>
         <object_component_ref idref="oc-70"/>
      </symbol>
      <symbol id="sm-210">
         <name>__ftable</name>
         <value>0xd0f8</value>
         <object_component_ref idref="oc-70"/>
      </symbol>
      <symbol id="sm-21a">
         <name>__divd</name>
         <value>0xd40</value>
         <object_component_ref idref="oc-ff"/>
      </symbol>
      <symbol id="sm-222">
         <name>__c6xabi_divu</name>
         <value>0x99c0</value>
         <object_component_ref idref="oc-12f"/>
      </symbol>
      <symbol id="sm-223">
         <name>__divu</name>
         <value>0x99c0</value>
         <object_component_ref idref="oc-12f"/>
      </symbol>
      <symbol id="sm-22d">
         <name>_errno</name>
         <value>0xd5bc</value>
         <object_component_ref idref="oc-7a"/>
      </symbol>
      <symbol id="sm-237">
         <name>__fixdli</name>
         <value>0x9c00</value>
         <object_component_ref idref="oc-12c"/>
      </symbol>
      <symbol id="sm-241">
         <name>__fltlid</name>
         <value>0xa0e0</value>
         <object_component_ref idref="oc-12e"/>
      </symbol>
      <symbol id="sm-24b">
         <name>_putc</name>
         <value>0x5820</value>
         <object_component_ref idref="oc-104"/>
      </symbol>
      <symbol id="sm-24c">
         <name>_fputc</name>
         <value>0x5820</value>
         <object_component_ref idref="oc-104"/>
      </symbol>
      <symbol id="sm-258">
         <name>_fputs</name>
         <value>0x26c0</value>
         <object_component_ref idref="oc-103"/>
      </symbol>
      <symbol id="sm-262">
         <name>__frcmpyd_div</name>
         <value>0x7be0</value>
         <object_component_ref idref="oc-10a"/>
      </symbol>
      <symbol id="sm-26c">
         <name>_frexp</name>
         <value>0x86a0</value>
         <object_component_ref idref="oc-fe"/>
      </symbol>
      <symbol id="sm-27a">
         <name>__divul</name>
         <value>0x5d40</value>
         <object_component_ref idref="oc-130"/>
      </symbol>
      <symbol id="sm-27b">
         <name>__remli</name>
         <value>0x9d40</value>
         <object_component_ref idref="oc-134"/>
      </symbol>
      <symbol id="sm-27c">
         <name>__divli</name>
         <value>0x8ce0</value>
         <object_component_ref idref="oc-135"/>
      </symbol>
      <symbol id="sm-288">
         <name>__subcull</name>
         <value>0xa3a0</value>
         <object_component_ref idref="oc-137"/>
      </symbol>
      <symbol id="sm-289">
         <name>__divull</name>
         <value>0x3c40</value>
         <object_component_ref idref="oc-131"/>
      </symbol>
      <symbol id="sm-293">
         <name>___isinf</name>
         <value>0xa2e0</value>
         <object_component_ref idref="oc-118"/>
      </symbol>
      <symbol id="sm-29f">
         <name>__llshl</name>
         <value>0xa160</value>
         <object_component_ref idref="oc-136"/>
      </symbol>
      <symbol id="sm-2a0">
         <name>__llshru</name>
         <value>0xa340</value>
         <object_component_ref idref="oc-109"/>
      </symbol>
      <symbol id="sm-2b8">
         <name>_unlink</name>
         <value>0x9e80</value>
         <object_component_ref idref="oc-138"/>
      </symbol>
      <symbol id="sm-2b9">
         <name>_lseek</name>
         <value>0x8ee0</value>
         <object_component_ref idref="oc-11f"/>
      </symbol>
      <symbol id="sm-2ba">
         <name>_close</name>
         <value>0x8580</value>
         <object_component_ref idref="oc-132"/>
      </symbol>
      <symbol id="sm-2bb">
         <name>_write</name>
         <value>0x90e0</value>
         <object_component_ref idref="oc-10d"/>
      </symbol>
      <symbol id="sm-2c5">
         <name>_ltoa</name>
         <value>0x7fa0</value>
         <object_component_ref idref="oc-12d"/>
      </symbol>
      <symbol id="sm-2cf">
         <name>_memccpy</name>
         <value>0xa260</value>
         <object_component_ref idref="oc-112"/>
      </symbol>
      <symbol id="sm-2d9">
         <name>_memcpy</name>
         <value>0x6680</value>
         <object_component_ref idref="oc-ea"/>
      </symbol>
      <symbol id="sm-2e3">
         <name>_memset</name>
         <value>0x87c0</value>
         <object_component_ref idref="oc-10e"/>
      </symbol>
      <symbol id="sm-2ed">
         <name>__mpyll</name>
         <value>0x9ca0</value>
         <object_component_ref idref="oc-113"/>
      </symbol>
      <symbol id="sm-2f7">
         <name>__negll</name>
         <value>0xa520</value>
         <object_component_ref idref="oc-11d"/>
      </symbol>
      <symbol id="sm-30f">
         <name>_HOSTopen</name>
         <value>0x8220</value>
         <object_component_ref idref="oc-e2"/>
      </symbol>
      <symbol id="sm-310">
         <name>_HOSTread</name>
         <value>0x7aa0</value>
         <object_component_ref idref="oc-e4"/>
      </symbol>
      <symbol id="sm-311">
         <name>_HOSTrename</name>
         <value>0x68c0</value>
         <object_component_ref idref="oc-e8"/>
      </symbol>
      <symbol id="sm-312">
         <name>_HOSTwrite</name>
         <value>0x8340</value>
         <object_component_ref idref="oc-e5"/>
      </symbol>
      <symbol id="sm-313">
         <name>_HOSTlseek</name>
         <value>0x7680</value>
         <object_component_ref idref="oc-e6"/>
      </symbol>
      <symbol id="sm-314">
         <name>_HOSTunlink</name>
         <value>0x89e0</value>
         <object_component_ref idref="oc-e7"/>
      </symbol>
      <symbol id="sm-315">
         <name>_HOSTclose</name>
         <value>0x88e0</value>
         <object_component_ref idref="oc-e3"/>
      </symbol>
      <symbol id="sm-323">
         <name>C$$IO$$</name>
         <value>0x9f98</value>
         <object_component_ref idref="oc-ee"/>
      </symbol>
      <symbol id="sm-324">
         <name>__CIOBUF_</name>
         <value>0xd7ac</value>
         <object_component_ref idref="oc-b7"/>
      </symbol>
      <symbol id="sm-325">
         <name>_readmsg</name>
         <value>0x9de0</value>
         <object_component_ref idref="oc-ef"/>
      </symbol>
      <symbol id="sm-326">
         <name>_writemsg</name>
         <value>0x9f20</value>
         <object_component_ref idref="oc-ee"/>
      </symbol>
      <symbol id="sm-330">
         <name>__wrt_ok</name>
         <value>0x8460</value>
         <object_component_ref idref="oc-10b"/>
      </symbol>
      <symbol id="sm-341">
         <name>__doflush</name>
         <value>0x92c0</value>
         <object_component_ref idref="oc-10c"/>
      </symbol>
      <symbol id="sm-34b">
         <name>_fseek</name>
         <value>0x6cc0</value>
         <object_component_ref idref="oc-114"/>
      </symbol>
      <symbol id="sm-355">
         <name>_setvbuf</name>
         <value>0x52c0</value>
         <object_component_ref idref="oc-115"/>
      </symbol>
      <symbol id="sm-363">
         <name>__cleanup</name>
         <value>0x91e0</value>
         <object_component_ref idref="oc-122"/>
      </symbol>
      <symbol id="sm-379">
         <name>__sys_memory</name>
         <value>0xb5e0</value>
         <object_component_ref idref="oc-d1"/>
      </symbol>
      <symbol id="sm-37a">
         <name>_free</name>
         <value>0x3fc0</value>
         <object_component_ref idref="oc-120"/>
      </symbol>
      <symbol id="sm-37b">
         <name>_malloc</name>
         <value>0x6440</value>
         <object_component_ref idref="oc-121"/>
      </symbol>
      <symbol id="sm-385">
         <name>__closefile</name>
         <value>0x77e0</value>
         <object_component_ref idref="oc-12b"/>
      </symbol>
      <symbol id="sm-38f">
         <name>_remove</name>
         <value>0xa5c0</value>
         <object_component_ref idref="oc-133"/>
      </symbol>
      <symbol id="sm-399">
         <name>_DSPF_sp_cfftr4_dif</name>
         <value>0x2b80</value>
         <object_component_ref idref="oc-da"/>
      </symbol>
   </symbol_table>
</link_info>
