******************************************************************************
               TMS320C6x Linker PC v7.4.20                     
******************************************************************************
>> Linked Wed Feb 21 12:28:18 2018

OUTPUT FILE NAME:   <MFCC_algorithme.out>
ENTRY POINT SYMBOL: "_c_int00"  address: 0000a1e0


MEMORY CONFIGURATION

         name            origin    length      used     unused   attr    fill
----------------------  --------  ---------  --------  --------  ----  --------
  IVECS                 00000000   00000220  00000000  00000220  RWIX
  IRAM                  00000220   0002fde0  0000d6a4  0002273c  RWIX
  SDRAM                 80000000   01000000  00000000  01000000  RWIX
  FLASH                 90000000   00020000  00000000  00020000  RWIX


SECTION ALLOCATION MAP

 output                                  attributes/
section   page    origin      length       input sections
--------  ----  ----------  ----------   ----------------
.bss       0    00000220    00000000     UNINITIALIZED

.text      0    00000220    0000a3c0     
                  00000220    00000b20     functions.obj (.text)
                  00000d40    00000720     rts6700.lib : divd.obj (.text:__divd)
                  00001460    000006c0                 : _printfi.obj (.text:__getarg_diouxp)
                  00001b20    00000640                 : _printfi.obj (.text:__setfield)
                  00002160    00000560                 : _printfi.obj (.text:__printfi)
                  000026c0    000004c0                 : fputs.obj (.text:_fputs)
                  00002b80    000004a0     dsp67x.lib : DSPF_sp_cfftr4_dif.obj (.text)
                  00003020    00000420     rts6700.lib : _printfi.obj (.text:_fcvt)
                  00003440    00000400                 : _printfi.obj (.text:__pproc_fge)
                  00003840    00000400                 : _printfi.obj (.text:_ecvt)
                  00003c40    00000380                 : imath64.obj (.text:__divull)
                  00003fc0    00000380                 : memory.obj (.text:_free)
                  00004340    00000360                 : _printfi.obj (.text:__pconv_e)
                  000046a0    00000360                 : _printfi.obj (.text:__pproc_fwp)
                  00004a00    00000300                 : divf.obj (.text:__divf)
                  00004d00    00000300                 : _printfi.obj (.text:__pproc_diouxp)
                  00005000    000002c0                 : _printfi.obj (.text:__pproc_str)
                  000052c0    000002c0                 : setvbuf.obj (.text:_setvbuf)
                  00005580    000002a0                 : _printfi.obj (.text:__pconv_g)
                  00005820    000002a0                 : fputc.obj (.text:_fputc)
                  00005ac0    00000280                 : exp.obj (.text:_exp)
                  00005d40    00000260                 : imath40.obj (.text:__divul)
                  00005fa0    00000260                 : log.obj (.text:_log)
                  00006200    00000240                 : _printfi.obj (.text:__mcpy)
                  00006440    00000240                 : memory.obj (.text:_malloc)
                  00006680    00000240                 : memcpy62.obj (.text:_memcpy)
                  000068c0    00000220                 : trgdrv.obj (.text:_HOSTrename)
                  00006ae0    000001e0                 : lowlev.obj (.text:_getdevice)
                  00006cc0    000001c0                 : fseek.obj (.text:_fseek)
                  00006e80    000001a0                 : _printfi.obj (.text:__ltostr)
                  00007020    000001a0                 : _printfi.obj (.text:__pproc_fflags)
                  000071c0    000001a0                 : ldexp.obj (.text:_ldexp)
                  00007360    000001a0     main.obj (.text)
                  00007500    00000180     divide.obj (.text)
                  00007680    00000160     rts6700.lib : trgdrv.obj (.text:_HOSTlseek)
                  000077e0    00000160                 : fclose.obj (.text:__closefile)
                  00007940    00000160     multiply.obj (.text)
                  00007aa0    00000140     rts6700.lib : trgdrv.obj (.text:_HOSTread)
                  00007be0    00000140                 : frcmpyd_div.obj (.text:__frcmpyd_div)
                  00007d20    00000140                 : strasg.obj (.text:__strasgi)
                  00007e60    00000140                 : atoi.obj (.text:_atoi)
                  00007fa0    00000140                 : ltoa.obj (.text:_ltoa)
                  000080e0    00000140     addition.obj (.text)
                  00008220    00000120     rts6700.lib : trgdrv.obj (.text:_HOSTopen)
                  00008340    00000120                 : trgdrv.obj (.text:_HOSTwrite)
                  00008460    00000120                 : _io_perm.obj (.text:__wrt_ok)
                  00008580    00000120                 : lowlev.obj (.text:_close)
                  000086a0    00000120                 : frexp.obj (.text:_frexp)
                  000087c0    00000120                 : memset.obj (.text:_memset)
                  000088e0    00000100                 : trgdrv.obj (.text:_HOSTclose)
                  000089e0    00000100                 : trgdrv.obj (.text:_HOSTunlink)
                  00008ae0    00000100                 : autoinit.obj (.text:__auto_init)
                  00008be0    00000100                 : _printfi.obj (.text:__div)
                  00008ce0    00000100                 : imath40.obj (.text:__divli)
                  00008de0    00000100                 : _printfi.obj (.text:__pconv_f)
                  00008ee0    00000100                 : lowlev.obj (.text:_lseek)
                  00008fe0    00000100                 : printf.obj (.text:_printf)
                  000090e0    00000100                 : lowlev.obj (.text:_write)
                  000091e0    000000e0                 : fopen.obj (.text:__cleanup)
                  000092c0    000000e0                 : fflush.obj (.text:__doflush)
                  000093a0    000000e0                 : _printfi.obj (.text:__ecpy)
                  00009480    000000e0                 : _printfi.obj (.text:__fcpy)
                  00009560    000000e0                 : exit.obj (.text:_exit)
                  00009640    000000e0                 : memory.obj (.text:_minsert)
                  00009720    000000e0                 : modf.obj (.text:_modf)
                  00009800    000000e0                 : memory.obj (.text:_mremove)
                  000098e0    000000e0     substraction.obj (.text)
                  000099c0    000000c0     rts6700.lib : divu.obj (.text:__divu)
                  00009a80    000000c0                 : cpy_tbl.obj (.text:_copy_in)
                  00009b40    000000c0                 : lowlev.obj (.text:_finddevice)
                  00009c00    000000a0                 : fixdli.obj (.text:__fixdli)
                  00009ca0    000000a0                 : mpyll.obj (.text:__mpyll)
                  00009d40    000000a0                 : imath40.obj (.text:__remli)
                  00009de0    000000a0                 : trgmsg.obj (.text:_readmsg)
                  00009e80    000000a0                 : lowlev.obj (.text:_unlink)
                  00009f20    000000a0                 : trgmsg.obj (.text:_writemsg)
                  00009fc0    000000a0     encrypt.obj (.text)
                  0000a060    00000080     rts6700.lib : cpp_init.obj (.text:___TI_cpp_init)
                  0000a0e0    00000080                 : fltlid.obj (.text:__fltlid)
                  0000a160    00000080                 : llshift.obj (.text:__llshl)
                  0000a1e0    00000080                 : boot.obj (.text:_c_int00)
                  0000a260    00000080                 : memccpy.obj (.text:_memccpy)
                  0000a2e0    00000060                 : isinf.obj (.text:___isinf)
                  0000a340    00000060                 : llshift.obj (.text:__llshru)
                  0000a3a0    00000060                 : imath64.obj (.text:__subcull)
                  0000a400    00000060                 : floor.obj (.text:_floor)
                  0000a460    00000040                 : _printfi.obj (.text:___isnan)
                  0000a4a0    00000040                 : args_main.obj (.text:__args_main)
                  0000a4e0    00000040                 : trunc.obj (.text:__trunc)
                  0000a520    00000020                 : negll.obj (.text:__negll)
                  0000a540    00000020                 : _lock.obj (.text:__nop)
                  0000a560    00000020                 : printf.obj (.text:__outc)
                  0000a580    00000020                 : printf.obj (.text:__outs)
                  0000a5a0    00000020                 : exit.obj (.text:_abort)
                  0000a5c0    00000020                 : remove.obj (.text:_remove)

.stack     0    0000a5e0    00001000     UNINITIALIZED
                  0000a5e0    00000008     rts6700.lib : boot.obj (.stack)
                  0000a5e8    00000ff8     --HOLE--

.sysmem    0    0000b5e0    00001000     UNINITIALIZED
                  0000b5e0    00000008     rts6700.lib : memory.obj (.sysmem)
                  0000b5e8    00000ff8     --HOLE--

.const     0    0000c5e0    00000b14     
                  0000c5e0    00000400     functions.obj (.const:_hamming_window$1)
                  0000c9e0    00000400     functions.obj (.const:_hamming_window$2)
                  0000cde0    00000190     functions.obj (.const:_$P$T0$3)
                  0000cf70    00000101     rts6700.lib : ctype.obj (.const:.string:__ctypes_)
                  0000d071    00000002                 : fputs.obj (.const:.string)
                  0000d073    00000001     --HOLE-- [fill = 0]
                  0000d074    00000054     functions.obj (.const:_$P$T1$4)
                  0000d0c8    00000023     rts6700.lib : _printfi.obj (.const:.string)
                  0000d0eb    00000001     --HOLE-- [fill = 0]
                  0000d0ec    00000008     main.obj (.const:.string)

.far       0    0000d0f8    000004cc     UNINITIALIZED
                  0000d0f8    00000324     rts6700.lib : defs.obj (.far)
                  0000d41c    0000011c                 : lowlev.obj (.far)
                  0000d538    00000030                 : exp.obj (.far)
                  0000d568    00000030                 : log.obj (.far)
                  0000d598    0000000c                 : exit.obj (.far)
                  0000d5a4    00000008                 : _lock.obj (.far)
                  0000d5ac    00000008                 : memory.obj (.far)
                  0000d5b4    00000008                 : trgdrv.obj (.far)
                  0000d5bc    00000004                 : errno.obj (.far)
                  0000d5c0    00000004                 : fopen.obj (.far)

.cinit     0    0000d5c8    000001e4     
                  0000d5c8    0000005c     rts6700.lib : defs.obj (.cinit)
                  0000d624    00000004     --HOLE-- [fill = 0]
                  0000d628    0000005c                 : lowlev.obj (.cinit)
                  0000d684    00000004     --HOLE-- [fill = 0]
                  0000d688    00000040                 : exp.obj (.cinit)
                  0000d6c8    00000040                 : log.obj (.cinit)
                  0000d708    0000002c                 : exit.obj (.cinit)
                  0000d734    00000004     --HOLE-- [fill = 0]
                  0000d738    0000002c                 : memory.obj (.cinit)
                  0000d764    00000004     --HOLE-- [fill = 0]
                  0000d768    0000001c                 : _lock.obj (.cinit)
                  0000d784    00000004     --HOLE-- [fill = 0]
                  0000d788    0000000c                 : errno.obj (.cinit)
                  0000d794    00000004     --HOLE-- [fill = 0]
                  0000d798    0000000c                 : fopen.obj (.cinit)
                  0000d7a4    00000004     --HOLE-- [fill = 0]
                  0000d7a8    00000004     (.pad.cinit) [fill = 0]

.cio       0    0000d7ac    00000120     UNINITIALIZED
                  0000d7ac    00000120     rts6700.lib : trgmsg.obj (.cio)


GLOBAL SYMBOLS: SORTED ALPHABETICALLY BY Name 

address    name
--------   ----
00000220   $bss
00000220   .bss
00000220   .text
0000a5a0   C$$EXIT
00009f98   C$$IO$$
000080e0   _AddEntierNonSigne32bits
0000812c   _AddEntierSigne32bits
0000816c   _AddFractionnaire32bits_Q7p24_Q15p16
00002b80   _DSPF_sp_cfftr4_dif
00007624   _DivFlottant32bits
00007500   _DivIncrementationNonSigne32bit
00007570   _DivSubcNonSigne32bit
00009fc0   _EncrypterDonnees
000088e0   _HOSTclose
00007680   _HOSTlseek
00008220   _HOSTopen
00007aa0   _HOSTread
000068c0   _HOSTrename
000089e0   _HOSTunlink
00008340   _HOSTwrite
00007940   _MpyEntierNonSigneOp32bitsRes64bits
000079bc   _MpyEntierSigneOp32bitsRes64bits
00007a44   _MpyFlottant64bits
00007a00   _MpyfractionnaireOp32bitsRes64bits_Q7p24_Q15p16
000098e0   _SubEntierNonSigne32bits
00009928   _SubEntierSigne32bits
00009968   _SubFlottant64bits
0000d7ac   __CIOBUF_
0000b5e0   __STACK_END
00001000   __STACK_SIZE
00001000   __SYSMEM_SIZE
00000001   __TI_args_main
0000a060   ___TI_cpp_init
0000d5a0   ___TI_enable_exit_profile_output
ffffffff   ___TI_pprof_out_hndl
ffffffff   ___TI_prof_data_size
ffffffff   ___TI_prof_data_start
ffffffff   ___binit__
00000220   ___bss__
ffffffff   ___c_args__
0000d5c8   ___cinit__
00000220   ___end__
0000a5e0   ___etext__
0000a2e0   ___isinf
ffffffff   ___pinit__
00000220   ___text__
0000a4a0   __args_main
00008ae0   __auto_init
000099c0   __c6xabi_divu
00007d20   __c6xabi_strasgi
000091e0   __cleanup
0000d598   __cleanup_ptr
000077e0   __closefile
0000cf70   __ctypes_
00000d40   __divd
00004a00   __divf
00008ce0   __divli
000099c0   __divu
00005d40   __divul
00003c40   __divull
000092c0   __doflush
0000d59c   __dtors_ptr
00009c00   __fixdli
0000a0e0   __fltlid
00007be0   __frcmpyd_div
0000d418   __ft_end
0000d0f8   __ftable
0000a160   __llshl
0000a340   __llshru
0000d5a4   __lock
00009ca0   __mpyll
0000a520   __negll
0000a540   __nop
00002160   __printfi
00009d40   __remli
0000a5e0   __stack
00007d20   __strasgi
0000a3a0   __subcull
0000b5e0   __sys_memory
0000d2d8   __tmpnams
0000a4e0   __trunc
0000d5a8   __unlock
00008460   __wrt_ok
0000a5a0   _abort
00007e60   _atoi
0000a1e0   _c_int00
00008580   _close
00009a80   _copy_in
0000d5bc   _errno
00000364   _euclideanDistPow2
00009560   _exit
00005ac0   _exp
000002c4   _float2complex
0000a400   _floor
00005820   _fputc
000026c0   _fputs
00003fc0   _free
000086a0   _frexp
00006cc0   _fseek
00000220   _fvec_elementWise_mult
000071c0   _ldexp
00005fa0   _log
00008ee0   _lseek
00007fa0   _ltoa
00007360   _main
00006440   _malloc
0000a260   _memccpy
00006680   _memcpy
000087c0   _memset
00000758   _mfcc_freq2mel
00000498   _mfcc_hamming_window_256
00000514   _mfcc_hamming_window_256_opt
000007c8   _mfcc_mel2freq
00000830   _mfcc_melFilterBank_create
00000d0c   _mfcc_powerSpectrum
00000444   _mfcc_preAmpFIR
00009720   _modf
00008fe0   _printf
00005820   _putc
00009de0   _readmsg
0000a5c0   _remove
000052c0   _setvbuf
00009e80   _unlink
000090e0   _write
00009f20   _writemsg
ffffffff   binit
0000d5c8   cinit
00000220   end
0000a5e0   etext
ffffffff   pinit


GLOBAL SYMBOLS: SORTED BY Symbol Address 

address    name
--------   ----
00000001   __TI_args_main
00000220   $bss
00000220   .bss
00000220   .text
00000220   ___bss__
00000220   ___end__
00000220   ___text__
00000220   _fvec_elementWise_mult
00000220   end
000002c4   _float2complex
00000364   _euclideanDistPow2
00000444   _mfcc_preAmpFIR
00000498   _mfcc_hamming_window_256
00000514   _mfcc_hamming_window_256_opt
00000758   _mfcc_freq2mel
000007c8   _mfcc_mel2freq
00000830   _mfcc_melFilterBank_create
00000d0c   _mfcc_powerSpectrum
00000d40   __divd
00001000   __STACK_SIZE
00001000   __SYSMEM_SIZE
00002160   __printfi
000026c0   _fputs
00002b80   _DSPF_sp_cfftr4_dif
00003c40   __divull
00003fc0   _free
00004a00   __divf
000052c0   _setvbuf
00005820   _fputc
00005820   _putc
00005ac0   _exp
00005d40   __divul
00005fa0   _log
00006440   _malloc
00006680   _memcpy
000068c0   _HOSTrename
00006cc0   _fseek
000071c0   _ldexp
00007360   _main
00007500   _DivIncrementationNonSigne32bit
00007570   _DivSubcNonSigne32bit
00007624   _DivFlottant32bits
00007680   _HOSTlseek
000077e0   __closefile
00007940   _MpyEntierNonSigneOp32bitsRes64bits
000079bc   _MpyEntierSigneOp32bitsRes64bits
00007a00   _MpyfractionnaireOp32bitsRes64bits_Q7p24_Q15p16
00007a44   _MpyFlottant64bits
00007aa0   _HOSTread
00007be0   __frcmpyd_div
00007d20   __c6xabi_strasgi
00007d20   __strasgi
00007e60   _atoi
00007fa0   _ltoa
000080e0   _AddEntierNonSigne32bits
0000812c   _AddEntierSigne32bits
0000816c   _AddFractionnaire32bits_Q7p24_Q15p16
00008220   _HOSTopen
00008340   _HOSTwrite
00008460   __wrt_ok
00008580   _close
000086a0   _frexp
000087c0   _memset
000088e0   _HOSTclose
000089e0   _HOSTunlink
00008ae0   __auto_init
00008ce0   __divli
00008ee0   _lseek
00008fe0   _printf
000090e0   _write
000091e0   __cleanup
000092c0   __doflush
00009560   _exit
00009720   _modf
000098e0   _SubEntierNonSigne32bits
00009928   _SubEntierSigne32bits
00009968   _SubFlottant64bits
000099c0   __c6xabi_divu
000099c0   __divu
00009a80   _copy_in
00009c00   __fixdli
00009ca0   __mpyll
00009d40   __remli
00009de0   _readmsg
00009e80   _unlink
00009f20   _writemsg
00009f98   C$$IO$$
00009fc0   _EncrypterDonnees
0000a060   ___TI_cpp_init
0000a0e0   __fltlid
0000a160   __llshl
0000a1e0   _c_int00
0000a260   _memccpy
0000a2e0   ___isinf
0000a340   __llshru
0000a3a0   __subcull
0000a400   _floor
0000a4a0   __args_main
0000a4e0   __trunc
0000a520   __negll
0000a540   __nop
0000a5a0   C$$EXIT
0000a5a0   _abort
0000a5c0   _remove
0000a5e0   ___etext__
0000a5e0   __stack
0000a5e0   etext
0000b5e0   __STACK_END
0000b5e0   __sys_memory
0000cf70   __ctypes_
0000d0f8   __ftable
0000d2d8   __tmpnams
0000d418   __ft_end
0000d598   __cleanup_ptr
0000d59c   __dtors_ptr
0000d5a0   ___TI_enable_exit_profile_output
0000d5a4   __lock
0000d5a8   __unlock
0000d5bc   _errno
0000d5c8   ___cinit__
0000d5c8   cinit
0000d7ac   __CIOBUF_
ffffffff   ___TI_pprof_out_hndl
ffffffff   ___TI_prof_data_size
ffffffff   ___TI_prof_data_start
ffffffff   ___binit__
ffffffff   ___c_args__
ffffffff   ___pinit__
ffffffff   binit
ffffffff   pinit

[130 symbols]
